Archive member included to satisfy reference by file (symbol)

app/libapp.a(main.cpp.obj)    (--whole-archive)
app/libapp.a(ir_Panasonic.cpp.obj)
                              (--whole-archive)
app/libapp.a(IRsend.cpp.obj)  (--whole-archive)
app/libapp.a(IRutils.cpp.obj)
                              (--whole-archive)
app/libapp.a(ir_hal.c.obj)    (--whole-archive)
zephyr/libzephyr.a(cpp_dtors.c.obj)
                              (--whole-archive)
zephyr/libzephyr.a(heap.c.obj)
                              (--whole-archive)
zephyr/libzephyr.a(cbprintf_packaged.c.obj)
                              (--whole-archive)
zephyr/libzephyr.a(printk.c.obj)
                              (--whole-archive)
zephyr/libzephyr.a(sem.c.obj)
                              (--whole-archive)
zephyr/libzephyr.a(thread_entry.c.obj)
                              (--whole-archive)
zephyr/libzephyr.a(cbprintf_complete.c.obj)
                              (--whole-archive)
zephyr/libzephyr.a(assert.c.obj)
                              (--whole-archive)
zephyr/libzephyr.a(mpsc_pbuf.c.obj)
                              (--whole-archive)
zephyr/libzephyr.a(dec.c.obj)
                              (--whole-archive)
zephyr/libzephyr.a(hex.c.obj)
                              (--whole-archive)
zephyr/libzephyr.a(rb.c.obj)  (--whole-archive)
zephyr/libzephyr.a(timeutil.c.obj)
                              (--whole-archive)
zephyr/libzephyr.a(bitarray.c.obj)
                              (--whole-archive)
zephyr/libzephyr.a(onoff.c.obj)
                              (--whole-archive)
zephyr/libzephyr.a(notify.c.obj)
                              (--whole-archive)
zephyr/libzephyr.a(last_section_id.c.obj)
                              (--whole-archive)
zephyr/libzephyr.a(configs.c.obj)
                              (--whole-archive)
zephyr/libzephyr.a(thread_info.c.obj)
                              (--whole-archive)
zephyr/libzephyr.a(log_core.c.obj)
                              (--whole-archive)
zephyr/libzephyr.a(log_mgmt.c.obj)
                              (--whole-archive)
zephyr/libzephyr.a(log_cache.c.obj)
                              (--whole-archive)
zephyr/libzephyr.a(log_msg.c.obj)
                              (--whole-archive)
zephyr/libzephyr.a(log_output.c.obj)
                              (--whole-archive)
zephyr/libzephyr.a(log_backend_rtt.c.obj)
                              (--whole-archive)
zephyr/libzephyr.a(log_backend_uart.c.obj)
                              (--whole-archive)
zephyr/libzephyr.a(mem_attr.c.obj)
                              (--whole-archive)
zephyr/libzephyr.a(tracing_none.c.obj)
                              (--whole-archive)
zephyr/libzephyr.a(banner.c.obj)
                              (--whole-archive)
zephyr/libzephyr.a(flash_map_partition_manager.c.obj)
                              (--whole-archive)
zephyr/libzephyr.a(nrf_cc3xx_platform_abort_zephyr.c.obj)
                              (--whole-archive)
zephyr/libzephyr.a(nrf_cc3xx_platform_mutex_zephyr.c.obj)
                              (--whole-archive)
zephyr/arch/common/libarch__common.a(sw_isr_common.c.obj)
                              (--whole-archive)
zephyr/arch/arch/arm/core/libarch__arm__core.a(fatal.c.obj)
                              (--whole-archive)
zephyr/arch/arch/arm/core/libarch__arm__core.a(nmi.c.obj)
                              (--whole-archive)
zephyr/arch/arch/arm/core/libarch__arm__core.a(nmi_on_reset.S.obj)
                              (--whole-archive)
zephyr/arch/arch/arm/core/libarch__arm__core.a(__aeabi_atexit.c.obj)
                              (--whole-archive)
zephyr/arch/arch/arm/core/libarch__arm__core.a(tls.c.obj)
                              (--whole-archive)
zephyr/arch/arch/arm/core/cortex_m/libarch__arm__core__cortex_m.a(exc_exit.c.obj)
                              (--whole-archive)
zephyr/arch/arch/arm/core/cortex_m/libarch__arm__core__cortex_m.a(fault.c.obj)
                              (--whole-archive)
zephyr/arch/arch/arm/core/cortex_m/libarch__arm__core__cortex_m.a(fault_s.S.obj)
                              (--whole-archive)
zephyr/arch/arch/arm/core/cortex_m/libarch__arm__core__cortex_m.a(fpu.c.obj)
                              (--whole-archive)
zephyr/arch/arch/arm/core/cortex_m/libarch__arm__core__cortex_m.a(reset.S.obj)
                              (--whole-archive)
zephyr/arch/arch/arm/core/cortex_m/libarch__arm__core__cortex_m.a(scb.c.obj)
                              (--whole-archive)
zephyr/arch/arch/arm/core/cortex_m/libarch__arm__core__cortex_m.a(thread_abort.c.obj)
                              (--whole-archive)
zephyr/arch/arch/arm/core/cortex_m/libarch__arm__core__cortex_m.a(vector_table.S.obj)
                              (--whole-archive)
zephyr/arch/arch/arm/core/cortex_m/libarch__arm__core__cortex_m.a(swap_helper.S.obj)
                              (--whole-archive)
zephyr/arch/arch/arm/core/cortex_m/libarch__arm__core__cortex_m.a(irq_manage.c.obj)
[...]
Memory Configuration

Name             Origin             Length             Attributes
FLASH            0x0000000000000000 0x0000000000100000 xr
RAM              0x0000000020000000 0x0000000000040000 xw
IDT_LIST         0x00000000ffff7fff 0x0000000000008000 xw
*default*        0x0000000000000000 0xffffffffffffffff

Linker script and memory map

                0x0000000000007568                vfprintf = __d_vfprintf
                0x0000000000000000                vfscanf = __d_vfscanf
LOAD zephyr/CMakeFiles/zephyr_final.dir/misc/empty_file.c.obj
LOAD zephyr/CMakeFiles/zephyr_final.dir/isr_tables.c.obj
LOAD zephyr/CMakeFiles/offsets.dir/./arch/arm/core/offsets/offsets.c.obj
LOAD app/libapp.a
LOAD zephyr/libzephyr.a
LOAD zephyr/arch/common/libarch__common.a
LOAD zephyr/arch/arch/arm/core/libarch__arm__core.a
LOAD zephyr/arch/arch/arm/core/cortex_m/libarch__arm__core__cortex_m.a
LOAD zephyr/arch/arch/arm/core/mpu/libarch__arm__core__mpu.a
LOAD zephyr/lib/libc/picolibc/liblib__libc__picolibc.a
LOAD zephyr/lib/libc/common/liblib__libc__common.a
LOAD zephyr/soc/soc/nrf52840/libsoc__nordic.a
LOAD zephyr/drivers/clock_control/libdrivers__clock_control.a
LOAD zephyr/drivers/console/libdrivers__console.a
LOAD zephyr/drivers/gpio/libdrivers__gpio.a
LOAD zephyr/drivers/pinctrl/libdrivers__pinctrl.a
LOAD zephyr/drivers/pwm/libdrivers__pwm.a
LOAD zephyr/drivers/serial/libdrivers__serial.a
LOAD zephyr/drivers/timer/libdrivers__timer.a
LOAD modules/nrf/drivers/hw_cc3xx/lib..__nrf__drivers__hw_cc3xx.a
LOAD modules/hal_nordic/modules/hal_nordic/nrfx/libmodules__hal_nordic__nrfx.a
LOAD modules/segger/libmodules__segger.a
LOAD zephyr/kernel/libkernel.a
LOAD zephyr/arch/common/libisr_tables.a
LOAD C:/ncs/v3.0.2/nrfxlib/crypto/nrf_cc310_platform/lib/cortex-m4/soft-float/no-interrupts/libnrf_cc310_platform_0.9.19.a
LOAD c:\ncs\toolchains\0b393f9e1b\opt\zephyr-sdk\arm-zephyr-eabi\bin\../lib/gcc/../../picolibc/arm-zephyr-eabi/lib/thumb/v7e-m/nofp\libstdc++.a
LOAD c:\ncs\toolchains\0b393f9e1b\opt\zephyr-sdk\arm-zephyr-eabi\bin\../lib/gcc/../../picolibc/arm-zephyr-eabi/lib/thumb/v7e-m/nofp\libc.a
LOAD c:/ncs/toolchains/0b393f9e1b/opt/zephyr-sdk/arm-zephyr-eabi/bin/../lib/gcc/arm-zephyr-eabi/12.2.0/thumb/v7e-m/nofp\libgcc.a
                0x0000000000000020                _region_min_align = 0x20

.rel.plt        0x0000000000000000        0x0
 *(SORT_BY_ALIGNMENT(.rel.plt))
                [!provide]                        PROVIDE (__rel_iplt_start = .)
 *(SORT_BY_ALIGNMENT(.rel.iplt))
 .rel.iplt      0x0000000000000000        0x0 zephyr/CMakeFiles/zephyr_final.dir/isr_tables.c.obj
                [!provide]                        PROVIDE (__rel_iplt_end = .)

.rela.plt       0x0000000000000000        0x0
 *(SORT_BY_ALIGNMENT(.rela.plt))
                [!provide]                        PROVIDE (__rela_iplt_start = .)
 *(SORT_BY_ALIGNMENT(.rela.iplt))
                [!provide]                        PROVIDE (__rela_iplt_end = .)

.rel.dyn
 *(SORT_BY_ALIGNMENT(.rel.*))

.rela.dyn
 *(SORT_BY_ALIGNMENT(.rela.*))

/DISCARD/
 *(SORT_BY_ALIGNMENT(.plt))

/DISCARD/
 *(SORT_BY_ALIGNMENT(.iplt))
                0x0000000000000000                __rom_region_start = 0x0

rom_start       0x0000000000000000      0x100
                0x0000000000000000                __rom_start_address = .
 FILL mask 0x00
                0x0000000000000000                . = (. + (0x0 - (. - __rom_start_address)))
                0x0000000000000000                . = ALIGN (0x4)
                0x0000000000000000                . = ALIGN (0x80)
                0x0000000000000000                . = ALIGN (0x100)
                0x0000000000000000                _vector_start = .
 *(SORT_BY_ALIGNMENT(.exc_vector_table))
 *(SORT_BY_ALIGNMENT(.exc_vector_table.*))
 .exc_vector_table._vector_table_section
                0x0000000000000000       0x40 zephyr/arch/arch/arm/core/cortex_m/libarch__arm__core__cortex_m.a(vector_table.S.obj)
                0x0000000000000000                _vector_table
 *(SORT_BY_ALIGNMENT(.vectors))
                0x0000000000000100                _vector_end = .
                0x0000000000000040                . = ALIGN (0x4)
 *(SORT_BY_ALIGNMENT(.gnu.linkonce.irq_vector_table*))
 .gnu.linkonce.irq_vector_table
                0x0000000000000040       0xc0 zephyr/CMakeFiles/zephyr_final.dir/isr_tables.c.obj
                0x0000000000000040                _irq_vector_table
                0x0000000000000100                _vector_end = .

text            0x0000000000000100     0xbeec
                0x0000000000000100                __text_region_start = .
 *(SORT_BY_ALIGNMENT(.text))
 .text          0x0000000000000100       0x30 c:/ncs/toolchains/0b393f9e1b/opt/zephyr-sdk/arm-zephyr-eabi/bin/../lib/gcc/arm-zephyr-eabi/12.2.0/thumb/v7e-m/nofp\libgcc.a(_aeabi_uldivmod.o)
                0x0000000000000100                __aeabi_uldivmod
 .text          0x0000000000000130        0x4 c:/ncs/toolchains/0b393f9e1b/opt/zephyr-sdk/arm-zephyr-eabi/bin/../lib/gcc/arm-zephyr-eabi/12.2.0/thumb/v7e-m/nofp\libgcc.a(_dvmd_tls.o)
                0x0000000000000130                __aeabi_idiv0
                0x0000000000000130                __aeabi_ldiv0
 .text          0x0000000000000134       0x10 c:\ncs\toolchains\0b393f9e1b\opt\zephyr-sdk\arm-zephyr-eabi\bin\../lib/gcc/../../picolibc/arm-zephyr-eabi/lib/thumb/v7e-m/nofp\libc.a(strlen.S.o)
                0x0000000000000134                strlen
 .text          0x0000000000000144      0x2a0 c:/ncs/toolchains/0b393f9e1b/opt/zephyr-sdk/arm-zephyr-eabi/bin/../lib/gcc/arm-zephyr-eabi/12.2.0/thumb/v7e-m/nofp\libgcc.a(_udivmoddi4.o)
                0x0000000000000144                __udivmoddi4
 *(SORT_BY_ALIGNMENT(.text.*))
 .text._Z41__static_initialization_and_destruction_0ii
                0x00000000000003e4       0x34 app/libapp.a(main.cpp.obj)
 .text.main     0x0000000000000418       0x68 app/libapp.a(main.cpp.obj)
                0x0000000000000418                main
 .text._ZN6IRsend15sendPanasonicACEPKhtt
                0x0000000000000480       0xa4 app/libapp.a(ir_Panasonic.cpp.obj)
                0x0000000000000480                IRsend::sendPanasonicAC(unsigned char const*, unsigned short, unsigned short)
 .text._ZN13IRPanasonicAc10stateResetEv
                0x0000000000000524       0x44 app/libapp.a(ir_Panasonic.cpp.obj)
                0x0000000000000524                IRPanasonicAc::stateReset()
 .text._ZN13IRPanasonicAc7setTempEhb
                0x0000000000000568       0x4c app/libapp.a(ir_Panasonic.cpp.obj)
                0x0000000000000568                IRPanasonicAc::setTemp(unsigned char, bool)
 .text._ZN13IRPanasonicAc16setSwingVerticalEh
                0x00000000000005b4       0x4c app/libapp.a(ir_Panasonic.cpp.obj)
                0x00000000000005b4                IRPanasonicAc::setSwingVertical(unsigned char)
 .text._ZN6IRsend11enableIROutEjh
                0x0000000000000600       0x28 app/libapp.a(IRsend.cpp.obj)
                0x0000000000000600                IRsend::enableIROut(unsigned int, unsigned char)
 .text.nrf_gpio_cfg
                0x0000000000000628       0x50 app/libapp.a(ir_hal.c.obj)
 .text.pwm_init
                0x0000000000000678       0x5c app/libapp.a(ir_hal.c.obj)
 .text.timer_handler
                0x00000000000006d4       0x3c app/libapp.a(ir_hal.c.obj)
 .text.ppi_init
                0x0000000000000710       0x2c app/libapp.a(ir_hal.c.obj)
 .text.timer_init
                0x000000000000073c       0x54 app/libapp.a(ir_hal.c.obj)
 .text.ir_hw_init
                0x0000000000000790       0x20 app/libapp.a(ir_hal.c.obj)
                0x0000000000000790                ir_hw_init
 .text.ir_mark  0x00000000000007b0       0x64 app/libapp.a(ir_hal.c.obj)
                0x00000000000007b0                ir_mark
 .text.ir_space
                0x0000000000000814       0x4c app/libapp.a(ir_hal.c.obj)
                0x0000000000000814                ir_space
 .text.ir_set_carrier_freq
                0x0000000000000860       0x84 app/libapp.a(ir_hal.c.obj)
                0x0000000000000860                ir_set_carrier_freq
 .text.cbvprintf_package
                0x00000000000008e4      0x4b4 zephyr/libzephyr.a(cbprintf_packaged.c.obj)
                0x00000000000008e4                cbvprintf_package
 .text.cbprintf_package_convert
                0x0000000000000d98      0x4c4 zephyr/libzephyr.a(cbprintf_packaged.c.obj)
                0x0000000000000d98                cbprintf_package_convert
 .text.__printk_hook_install
                0x000000000000125c        0xc zephyr/libzephyr.a(printk.c.obj)
                0x000000000000125c                __printk_hook_install
 .text.z_thread_entry
                0x0000000000001268       0x34 zephyr/libzephyr.a(thread_entry.c.obj)
                0x0000000000001268                z_thread_entry
 .text.process_event
                0x000000000000129c      0x16c zephyr/libzephyr.a(onoff.c.obj)
 .text.msg_process
                0x0000000000001408       0x3c zephyr/libzephyr.a(log_core.c.obj)
 .text.log_backend_notify_all
                0x0000000000001444       0x30 zephyr/libzephyr.a(log_core.c.obj)
 .text.activate_foreach_backend
                0x0000000000001474       0x64 zephyr/libzephyr.a(log_core.c.obj)
 .text.z_log_init
                0x00000000000014d8       0x98 zephyr/libzephyr.a(log_core.c.obj)
 .text.thread_set
                0x0000000000001570       0x28 zephyr/libzephyr.a(log_core.c.obj)
 .text.log_process_thread_timer_expiry_fn
                0x0000000000001598       0x10 zephyr/libzephyr.a(log_core.c.obj)
 .text.enable_logger
                0x00000000000015a8       0x5c zephyr/libzephyr.a(log_core.c.obj)
 .text.log_format_func_t_get
                0x0000000000001604        0xc zephyr/libzephyr.a(log_core.c.obj)
                0x0000000000001604                log_format_func_t_get
 .text.log_set_timestamp_func
                0x0000000000001610       0x24 zephyr/libzephyr.a(log_core.c.obj)
                0x0000000000001610                log_set_timestamp_func
 .text.z_log_notify_backend_enabled
                0x0000000000001634       0x20 zephyr/libzephyr.a(log_core.c.obj)
                0x0000000000001634                z_log_notify_backend_enabled
 .text.z_log_dropped
                0x0000000000001654       0x54 zephyr/libzephyr.a(log_core.c.obj)
                0x0000000000001654                z_log_dropped
 .text.z_log_dropped_read_and_clear
                0x00000000000016a8       0x20 zephyr/libzephyr.a(log_core.c.obj)
                0x00000000000016a8                z_log_dropped_read_and_clear
 .text.dropped_notify
                0x00000000000016c8       0x38 zephyr/libzephyr.a(log_core.c.obj)
                0x00000000000016c8                dropped_notify
 .text.z_log_dropped_pending
                0x0000000000001700       0x14 zephyr/libzephyr.a(log_core.c.obj)
                0x0000000000001700                z_log_dropped_pending
 .text.z_log_msg_init
                0x0000000000001714       0x20 zephyr/libzephyr.a(log_core.c.obj)
                0x0000000000001714                z_log_msg_init
 .text.log_core_init
                0x0000000000001734       0x30 zephyr/libzephyr.a(log_core.c.obj)
                0x0000000000001734                log_core_init
 .text.z_log_msg_alloc
                0x0000000000001764       0x10 zephyr/libzephyr.a(log_core.c.obj)
                0x0000000000001764                z_log_msg_alloc
 .text.z_log_msg_local_claim
                0x0000000000001774       0x10 zephyr/libzephyr.a(log_core.c.obj)
                0x0000000000001774                z_log_msg_local_claim
 .text.z_log_msg_free
                0x0000000000001784       0x14 zephyr/libzephyr.a(log_core.c.obj)
                0x0000000000001784                z_log_msg_free
 .text.z_log_msg_pending
                0x0000000000001798       0x10 zephyr/libzephyr.a(log_core.c.obj)
                0x0000000000001798                z_log_msg_pending
 .text.z_impl_log_process
                0x00000000000017a8       0xbc zephyr/libzephyr.a(log_core.c.obj)
                0x00000000000017a8                z_impl_log_process
 .text.z_impl_log_panic
                0x0000000000001864       0x4c zephyr/libzephyr.a(log_core.c.obj)
                0x0000000000001864                z_impl_log_panic
 .text.z_log_msg_post_finalize
                0x00000000000018b0       0x84 zephyr/libzephyr.a(log_core.c.obj)
 .text.z_log_msg_commit
                0x0000000000001934       0x20 zephyr/libzephyr.a(log_core.c.obj)
                0x0000000000001934                z_log_msg_commit
 .text.log_process_thread_func
                0x0000000000001954       0x78 zephyr/libzephyr.a(log_core.c.obj)
 .text.log_src_cnt_get
                0x00000000000019cc       0x14 zephyr/libzephyr.a(log_mgmt.c.obj)
                0x00000000000019cc                log_src_cnt_get
 .text.log_source_name_get
                0x00000000000019e0       0x1c zephyr/libzephyr.a(log_mgmt.c.obj)
                0x00000000000019e0                log_source_name_get
 .text.log_backend_enable
                0x00000000000019fc       0x2c zephyr/libzephyr.a(log_mgmt.c.obj)
                0x00000000000019fc                log_backend_enable
 .text.cbprintf_package_copy
                0x0000000000001a28       0x30 zephyr/libzephyr.a(log_msg.c.obj)
 .text.z_impl_z_log_msg_static_create
                0x0000000000001a58      0x158 zephyr/libzephyr.a(log_msg.c.obj)
                0x0000000000001a58                z_impl_z_log_msg_static_create
 .text.z_log_msg_runtime_vcreate
                0x0000000000001bb0       0xac zephyr/libzephyr.a(log_msg.c.obj)
                0x0000000000001bb0                z_log_msg_runtime_vcreate
 .text.log_msg_get_source_id
                0x0000000000001c5c       0x18 zephyr/libzephyr.a(log_msg.c.obj)
                0x0000000000001c5c                log_msg_get_source_id
 .text.print_formatted
                0x0000000000001c74       0x24 zephyr/libzephyr.a(log_output.c.obj)
 .text.timestamp_print
                0x0000000000001c98       0x8c zephyr/libzephyr.a(log_output.c.obj)
 .text.color_print
                0x0000000000001d24       0x2c zephyr/libzephyr.a(log_output.c.obj)
 .text.ids_print
                0x0000000000001d50       0x70 zephyr/libzephyr.a(log_output.c.obj)
 .text.prefix_print
                0x0000000000001dc0       0x88 zephyr/libzephyr.a(log_output.c.obj)
 .text.newline_print
                0x0000000000001e48       0x28 zephyr/libzephyr.a(log_output.c.obj)
 .text.hexdump_line_print
                0x0000000000001e70       0xc4 zephyr/libzephyr.a(log_output.c.obj)
 .text.log_output_process
                0x0000000000001f34       0x88 zephyr/libzephyr.a(log_output.c.obj)
                0x0000000000001f34                log_output_process
 .text.log_output_dropped_process
                0x0000000000001fbc       0x84 zephyr/libzephyr.a(log_output.c.obj)
                0x0000000000001fbc                log_output_dropped_process
 .text.log_output_timestamp_freq_set
                0x0000000000002040       0x2c zephyr/libzephyr.a(log_output.c.obj)
                0x0000000000002040                log_output_timestamp_freq_set
 .text.log_backend_rtt_init
                0x000000000000206c       0x1c zephyr/libzephyr.a(log_backend_rtt.c.obj)
 .text.panic    0x0000000000002088       0x18 zephyr/libzephyr.a(log_backend_rtt.c.obj)
 .text.format_set
                0x00000000000020a0        0xc zephyr/libzephyr.a(log_backend_rtt.c.obj)
 .text.on_failed_write
                0x00000000000020ac       0x2c zephyr/libzephyr.a(log_backend_rtt.c.obj)
 .text.on_write
                0x00000000000020d8       0x38 zephyr/libzephyr.a(log_backend_rtt.c.obj)
 .text.data_out_block_mode
                0x0000000000002110       0x7c zephyr/libzephyr.a(log_backend_rtt.c.obj)
 .text.dropped  0x000000000000218c       0x10 zephyr/libzephyr.a(log_backend_rtt.c.obj)
 .text.process  0x000000000000219c       0x20 zephyr/libzephyr.a(log_backend_rtt.c.obj)
 .text.char_out
                0x00000000000021bc       0x24 zephyr/libzephyr.a(log_backend_uart.c.obj)
 .text.mem_attr_get_regions
                0x00000000000021e0        0xc zephyr/libzephyr.a(mem_attr.c.obj)
                0x00000000000021e0                mem_attr_get_regions
 .text.boot_banner
                0x00000000000021ec       0x18 zephyr/libzephyr.a(banner.c.obj)
                0x00000000000021ec                boot_banner
 .text.nrf_cc3xx_platform_abort_init
                0x0000000000002204       0x10 zephyr/libzephyr.a(nrf_cc3xx_platform_abort_zephyr.c.obj)
                0x0000000000002204                nrf_cc3xx_platform_abort_init
 .text.mutex_flags_unknown
                0x0000000000002214       0x50 zephyr/libzephyr.a(nrf_cc3xx_platform_mutex_zephyr.c.obj)
 .text.mutex_unlock_platform
                0x0000000000002264       0x58 zephyr/libzephyr.a(nrf_cc3xx_platform_mutex_zephyr.c.obj)
 .text.mutex_lock_platform
                0x00000000000022bc       0x64 zephyr/libzephyr.a(nrf_cc3xx_platform_mutex_zephyr.c.obj)
 .text.mutex_free_platform
                0x0000000000002320       0x5c zephyr/libzephyr.a(nrf_cc3xx_platform_mutex_zephyr.c.obj)
 .text.mutex_init_platform
                0x000000000000237c       0x88 zephyr/libzephyr.a(nrf_cc3xx_platform_mutex_zephyr.c.obj)
 .text.nrf_cc3xx_platform_mutex_init
                0x0000000000002404       0x28 zephyr/libzephyr.a(nrf_cc3xx_platform_mutex_zephyr.c.obj)
                0x0000000000002404                nrf_cc3xx_platform_mutex_init
 .text.esf_dump
                0x000000000000242c      0x160 zephyr/arch/arch/arm/core/libarch__arm__core.a(fatal.c.obj)
 .text.z_arm_fatal_error
                0x000000000000258c       0x38 zephyr/arch/arch/arm/core/libarch__arm__core.a(fatal.c.obj)
                0x000000000000258c                z_arm_fatal_error
 .text.z_SysNmiOnReset
                0x00000000000025c4        0x8 zephyr/arch/arch/arm/core/libarch__arm__core.a(nmi_on_reset.S.obj)
                0x00000000000025c4                z_SysNmiOnReset
 .text.z_tls_copy
                0x00000000000025cc       0x28 zephyr/arch/arch/arm/core/libarch__arm__core.a(tls.c.obj)
 .text.arch_tls_stack_setup
                0x00000000000025f4       0x28 zephyr/arch/arch/arm/core/libarch__arm__core.a(tls.c.obj)
                0x00000000000025f4                arch_tls_stack_setup
 .text._HandlerModeExit
                0x000000000000261c       0x28 zephyr/arch/arch/arm/core/cortex_m/libarch__arm__core__cortex_m.a(exc_exit.c.obj)
                0x000000000000261c                z_arm_int_exit
                0x000000000000261c                z_arm_exc_exit
 .text.z_arm_is_synchronous_svc
                0x0000000000002644       0x3c zephyr/arch/arch/arm/core/cortex_m/libarch__arm__core__cortex_m.a(fault.c.obj)
 .text.get_esf  0x0000000000002680       0x48 zephyr/arch/arch/arm/core/cortex_m/libarch__arm__core__cortex_m.a(fault.c.obj)
 .text.usage_fault
                0x00000000000026c8       0xd4 zephyr/arch/arch/arm/core/cortex_m/libarch__arm__core__cortex_m.a(fault.c.obj)
 .text.debug_monitor
                0x000000000000279c       0x1c zephyr/arch/arch/arm/core/cortex_m/libarch__arm__core__cortex_m.a(fault.c.obj)
 .text.reserved_exception
                0x00000000000027b8       0xd8 zephyr/arch/arch/arm/core/cortex_m/libarch__arm__core__cortex_m.a(fault.c.obj)
 .text.bus_fault
                0x0000000000002890      0x110 zephyr/arch/arch/arm/core/cortex_m/libarch__arm__core__cortex_m.a(fault.c.obj)
 .text.mem_manage_fault
                0x00000000000029a0      0x148 zephyr/arch/arch/arm/core/cortex_m/libarch__arm__core__cortex_m.a(fault.c.obj)
 .text.hard_fault
                0x0000000000002ae8       0xd0 zephyr/arch/arch/arm/core/cortex_m/libarch__arm__core__cortex_m.a(fault.c.obj)
 .text.z_arm_fault
                0x0000000000002bb8       0x88 zephyr/arch/arch/arm/core/cortex_m/libarch__arm__core__cortex_m.a(fault.c.obj)
                0x0000000000002bb8                z_arm_fault
 .text.z_arm_fault_init
                0x0000000000002c40       0x18 zephyr/arch/arch/arm/core/cortex_m/libarch__arm__core__cortex_m.a(fault.c.obj)
                0x0000000000002c40                z_arm_fault_init
 .text.__fault  0x0000000000002c58       0x14 zephyr/arch/arch/arm/core/cortex_m/libarch__arm__core__cortex_m.a(fault_s.S.obj)
                0x0000000000002c58                z_arm_usage_fault
                0x0000000000002c58                z_arm_mpu_fault
                0x0000000000002c58                z_arm_exc_spurious
                0x0000000000002c58                z_arm_debug_monitor
                0x0000000000002c58                z_arm_hard_fault
                0x0000000000002c58                z_arm_bus_fault
 .text._reset_section
                0x0000000000002c6c       0x60 zephyr/arch/arch/arm/core/cortex_m/libarch__arm__core__cortex_m.a(reset.S.obj)
                0x0000000000002c6c                __start
                0x0000000000002c6c                z_arm_reset
 .text.z_arm_clear_arm_mpu_config
                0x0000000000002ccc       0x28 zephyr/arch/arch/arm/core/cortex_m/libarch__arm__core__cortex_m.a(scb.c.obj)
                0x0000000000002ccc                z_arm_clear_arm_mpu_config
 .text.z_arm_init_arch_hw_at_boot
                0x0000000000002cf4       0x54 zephyr/arch/arch/arm/core/cortex_m/libarch__arm__core__cortex_m.a(scb.c.obj)
                0x0000000000002cf4                z_arm_init_arch_hw_at_boot
 .text.z_impl_k_thread_abort
                0x0000000000002d48       0x34 zephyr/arch/arch/arm/core/cortex_m/libarch__arm__core__cortex_m.a(thread_abort.c.obj)
                0x0000000000002d48                z_impl_k_thread_abort
 .text.z_arm_pendsv
                0x0000000000002d7c       0x68 zephyr/arch/arch/arm/core/cortex_m/libarch__arm__core__cortex_m.a(swap_helper.S.obj)
                0x0000000000002d7c                z_arm_pendsv
 .text.z_arm_svc
                0x0000000000002de4       0x24 zephyr/arch/arch/arm/core/cortex_m/libarch__arm__core__cortex_m.a(swap_helper.S.obj)
                0x0000000000002de4                z_arm_svc
 .text.__NVIC_EnableIRQ
                0x0000000000002e08       0x1c zephyr/arch/arch/arm/core/cortex_m/libarch__arm__core__cortex_m.a(irq_manage.c.obj)
 .text.__NVIC_SetPriority
                0x0000000000002e24       0x28 zephyr/arch/arch/arm/core/cortex_m/libarch__arm__core__cortex_m.a(irq_manage.c.obj)
 .text.arch_irq_is_enabled
                0x0000000000002e4c       0x1c zephyr/arch/arch/arm/core/cortex_m/libarch__arm__core__cortex_m.a(irq_manage.c.obj)
                0x0000000000002e4c                arch_irq_is_enabled
 .text.z_prep_c
                0x0000000000002e68       0x38 zephyr/arch/arch/arm/core/cortex_m/libarch__arm__core__cortex_m.a(prep_c.c.obj)
                0x0000000000002e68                z_prep_c
 .text.arch_new_thread
                0x0000000000002ea0       0x44 zephyr/arch/arch/arm/core/cortex_m/libarch__arm__core__cortex_m.a(thread.c.obj)
                0x0000000000002ea0                arch_new_thread
 .text.z_check_thread_stack_fail
                0x0000000000002ee4       0x48 zephyr/arch/arch/arm/core/cortex_m/libarch__arm__core__cortex_m.a(thread.c.obj)
                0x0000000000002ee4                z_check_thread_stack_fail
 .text.arch_switch_to_main_thread
                0x0000000000002f2c       0x40 zephyr/arch/arch/arm/core/cortex_m/libarch__arm__core__cortex_m.a(thread.c.obj)
                0x0000000000002f2c                arch_switch_to_main_thread
 .text.z_arm_cpu_idle_init
                0x0000000000002f6c        0xc zephyr/arch/arch/arm/core/cortex_m/libarch__arm__core__cortex_m.a(cpu_idle.c.obj)
                0x0000000000002f6c                z_arm_cpu_idle_init
 .text.z_arm_interrupt_init
                0x0000000000002f78       0x34 zephyr/arch/arch/arm/core/cortex_m/libarch__arm__core__cortex_m.a(irq_init.c.obj)
                0x0000000000002f78                z_arm_interrupt_init
 .text._isr_wrapper
                0x0000000000002fac       0x20 zephyr/arch/arch/arm/core/cortex_m/libarch__arm__core__cortex_m.a(isr_wrapper.c.obj)
                0x0000000000002fac                _isr_wrapper
 .text.z_arm_configure_static_mpu_regions
                0x0000000000002fcc       0x1c zephyr/arch/arch/arm/core/mpu/libarch__arm__core__mpu.a(arm_core_mpu.c.obj)
                0x0000000000002fcc                z_arm_configure_static_mpu_regions
 .text.z_arm_configure_dynamic_mpu_regions
                0x0000000000002fe8       0x24 zephyr/arch/arch/arm/core/mpu/libarch__arm__core__mpu.a(arm_core_mpu.c.obj)
                0x0000000000002fe8                z_arm_configure_dynamic_mpu_regions
 .text.region_init
                0x000000000000300c       0x28 zephyr/arch/arch/arm/core/mpu/libarch__arm__core__mpu.a(arm_mpu.c.obj)
 .text.region_allocate_and_init
                0x0000000000003034       0x3c zephyr/arch/arch/arm/core/mpu/libarch__arm__core__mpu.a(arm_mpu.c.obj)
 .text.mpu_configure_regions
                0x0000000000003070       0x64 zephyr/arch/arch/arm/core/mpu/libarch__arm__core__mpu.a(arm_mpu.c.obj)
 .text.mpu_configure_static_mpu_regions
                0x00000000000030d4       0x14 zephyr/arch/arch/arm/core/mpu/libarch__arm__core__mpu.a(arm_mpu.c.obj)
 .text.mpu_configure_dynamic_mpu_regions
                0x00000000000030e8       0x3c zephyr/arch/arch/arm/core/mpu/libarch__arm__core__mpu.a(arm_mpu.c.obj)
 .text.arm_core_mpu_enable
                0x0000000000003124       0x18 zephyr/arch/arch/arm/core/mpu/libarch__arm__core__mpu.a(arm_mpu.c.obj)
                0x0000000000003124                arm_core_mpu_enable
 .text.arm_core_mpu_disable
                0x000000000000313c       0x14 zephyr/arch/arch/arm/core/mpu/libarch__arm__core__mpu.a(arm_mpu.c.obj)
                0x000000000000313c                arm_core_mpu_disable
 .text.z_arm_mpu_init
                0x0000000000003150       0x80 zephyr/arch/arch/arm/core/mpu/libarch__arm__core__mpu.a(arm_mpu.c.obj)
                0x0000000000003150                z_arm_mpu_init
 .text.cbvprintf
                0x00000000000031d0       0x34 zephyr/lib/libc/picolibc/liblib__libc__picolibc.a(cbprintf.c.obj)
                0x00000000000031d0                cbvprintf
 .text.z_impl_zephyr_fputc
                0x0000000000003204       0x10 zephyr/lib/libc/picolibc/liblib__libc__picolibc.a(stdio.c.obj)
                0x0000000000003204                z_impl_zephyr_fputc
 .text.__stdout_hook_install
                0x0000000000003214       0x18 zephyr/lib/libc/picolibc/liblib__libc__picolibc.a(stdio.c.obj)
                0x0000000000003214                __stdout_hook_install
 .text.malloc_lock
                0x000000000000322c       0x18 zephyr/lib/libc/common/liblib__libc__common.a(malloc.c.obj)
 .text.malloc_prepare
                0x0000000000003244       0x24 zephyr/lib/libc/common/liblib__libc__common.a(malloc.c.obj)
 .text.malloc   0x0000000000003268       0x3c zephyr/lib/libc/common/liblib__libc__common.a(malloc.c.obj)
                0x0000000000003268                malloc
 .text.nordicsemi_nrf52_init
                0x00000000000032a4       0x34 zephyr/soc/soc/nrf52840/libsoc__nordic.a(soc.c.obj)
 .text.arch_busy_wait
                0x00000000000032d8       0x18 zephyr/soc/soc/nrf52840/libsoc__nordic.a(soc.c.obj)
                0x00000000000032d8                arch_busy_wait
 .text.get_hf_flags
                0x00000000000032f0        0x8 zephyr/drivers/clock_control/libdrivers__clock_control.a(clock_control_nrf.c.obj)
 .text.get_subsys
                0x00000000000032f8        0xc zephyr/drivers/clock_control/libdrivers__clock_control.a(clock_control_nrf.c.obj)
 .text.onoff_stop
                0x0000000000003304       0x20 zephyr/drivers/clock_control/libdrivers__clock_control.a(clock_control_nrf.c.obj)
 .text.onoff_start
                0x0000000000003324       0x34 zephyr/drivers/clock_control/libdrivers__clock_control.a(clock_control_nrf.c.obj)
 .text.clock_event_handler
                0x0000000000003358       0x34 zephyr/drivers/clock_control/libdrivers__clock_control.a(clock_control_nrf.c.obj)
 .text.generic_hfclk_start
                0x000000000000338c       0x70 zephyr/drivers/clock_control/libdrivers__clock_control.a(clock_control_nrf.c.obj)
 .text.generic_hfclk_stop
                0x00000000000033fc       0x34 zephyr/drivers/clock_control/libdrivers__clock_control.a(clock_control_nrf.c.obj)
 .text.lfclk_spinwait
                0x0000000000003430       0xcc zephyr/drivers/clock_control/libdrivers__clock_control.a(clock_control_nrf.c.obj)
 .text.api_blocking_start
                0x00000000000034fc       0x38 zephyr/drivers/clock_control/libdrivers__clock_control.a(clock_control_nrf.c.obj)
 .text.clk_init
                0x0000000000003534       0x60 zephyr/drivers/clock_control/libdrivers__clock_control.a(clock_control_nrf.c.obj)
 .text.z_nrf_clock_control_lf_on
                0x0000000000003594       0x54 zephyr/drivers/clock_control/libdrivers__clock_control.a(clock_control_nrf.c.obj)
                0x0000000000003594                z_nrf_clock_control_lf_on
 .text.console_out
                0x00000000000035e8       0x28 zephyr/drivers/console/libdrivers__console.a(uart_console.c.obj)
 .text.uart_console_hook_install
                0x0000000000003610       0x18 zephyr/drivers/console/libdrivers__console.a(uart_console.c.obj)
 .text.uart_console_init
                0x0000000000003628       0x1c zephyr/drivers/console/libdrivers__console.a(uart_console.c.obj)
 .text.nrf_gpio_reconfigure
                0x0000000000003644       0xbc zephyr/drivers/gpio/libdrivers__gpio.a(gpio_nrfx.c.obj)
 .text.nrf_gpio_pin_dir_get
                0x0000000000003700       0x2c zephyr/drivers/gpio/libdrivers__gpio.a(gpio_nrfx.c.obj)
 .text.get_dev  0x000000000000372c       0x1c zephyr/drivers/gpio/libdrivers__gpio.a(gpio_nrfx.c.obj)
 .text.gpio_nrfx_pin_interrupt_configure
                0x0000000000003748       0xe0 zephyr/drivers/gpio/libdrivers__gpio.a(gpio_nrfx.c.obj)
 .text.gpio_nrfx_pin_configure
                0x0000000000003828      0x1c0 zephyr/drivers/gpio/libdrivers__gpio.a(gpio_nrfx.c.obj)
 .text.gpio_nrfx_init
                0x00000000000039e8       0x54 zephyr/drivers/gpio/libdrivers__gpio.a(gpio_nrfx.c.obj)
 .text.nrf_gpio_cfg
                0x0000000000003a3c       0x50 zephyr/drivers/pinctrl/libdrivers__pinctrl.a(pinctrl_nrf.c.obj)
 .text.nrf_gpio_pin_set
                0x0000000000003a8c       0x28 zephyr/drivers/pinctrl/libdrivers__pinctrl.a(pinctrl_nrf.c.obj)
 .text.nrf_gpio_pin_clear
                0x0000000000003ab4       0x28 zephyr/drivers/pinctrl/libdrivers__pinctrl.a(pinctrl_nrf.c.obj)
 .text.pinctrl_configure_pins
                0x0000000000003adc      0x29c zephyr/drivers/pinctrl/libdrivers__pinctrl.a(pinctrl_nrf.c.obj)
                0x0000000000003adc                pinctrl_configure_pins
 .text.nrf_gpio_pin_set
                0x0000000000003d78       0x28 zephyr/drivers/pwm/libdrivers__pwm.a(pwm_nrfx.c.obj)
 .text.nrf_gpio_pin_clear
                0x0000000000003da0       0x28 zephyr/drivers/pwm/libdrivers__pwm.a(pwm_nrfx.c.obj)
 .text.nrf_gpio_pin_out_read
                0x0000000000003dc8       0x28 zephyr/drivers/pwm/libdrivers__pwm.a(pwm_nrfx.c.obj)
 .text.pwm_period_check_and_set
                0x0000000000003df0       0x78 zephyr/drivers/pwm/libdrivers__pwm.a(pwm_nrfx.c.obj)
 .text.pwm_nrfx_set_cycles
                0x0000000000003e68      0x148 zephyr/drivers/pwm/libdrivers__pwm.a(pwm_nrfx.c.obj)
 .text.pwm_nrfx_init
                0x0000000000003fb0       0xe8 zephyr/drivers/pwm/libdrivers__pwm.a(pwm_nrfx.c.obj)
 .text.uarte_nrfx_poll_out
                0x0000000000004098       0x68 zephyr/drivers/serial/libdrivers__serial.a(uart_nrfx_uarte.c.obj)
 .text.endtx_stoptx_ppi_init
                0x0000000000004100       0x4c zephyr/drivers/serial/libdrivers__serial.a(uart_nrfx_uarte.c.obj)
 .text.uarte_instance_init
                0x000000000000414c       0x38 zephyr/drivers/serial/libdrivers__serial.a(uart_nrfx_uarte.c.obj)
 .text.set_comparator
                0x0000000000004184       0x14 zephyr/drivers/timer/libdrivers__timer.a(nrf_rtc_timer.c.obj)
 .text.event_enable
                0x0000000000004198       0x14 zephyr/drivers/timer/libdrivers__timer.a(nrf_rtc_timer.c.obj)
 .text.event_disable
                0x00000000000041ac       0x14 zephyr/drivers/timer/libdrivers__timer.a(nrf_rtc_timer.c.obj)
 .text.counter  0x00000000000041c0        0xc zephyr/drivers/timer/libdrivers__timer.a(nrf_rtc_timer.c.obj)
 .text.set_alarm
                0x00000000000041cc       0x88 zephyr/drivers/timer/libdrivers__timer.a(nrf_rtc_timer.c.obj)
 .text.int_event_disable_rtc
                0x0000000000004254       0x18 zephyr/drivers/timer/libdrivers__timer.a(nrf_rtc_timer.c.obj)
 .text.compare_int_lock
                0x000000000000426c       0x4c zephyr/drivers/timer/libdrivers__timer.a(nrf_rtc_timer.c.obj)
 .text.channel_processing_check_and_clear
                0x00000000000042b8       0x60 zephyr/drivers/timer/libdrivers__timer.a(nrf_rtc_timer.c.obj)
 .text.compare_int_unlock
                0x0000000000004318       0x60 zephyr/drivers/timer/libdrivers__timer.a(nrf_rtc_timer.c.obj)
 .text.sys_clock_timeout_handler
                0x0000000000004378       0x50 zephyr/drivers/timer/libdrivers__timer.a(nrf_rtc_timer.c.obj)
 .text.z_nrf_rtc_timer_read
                0x00000000000043c8       0x40 zephyr/drivers/timer/libdrivers__timer.a(nrf_rtc_timer.c.obj)
                0x00000000000043c8                z_nrf_rtc_timer_read
 .text.compare_set_nolocks
                0x0000000000004408       0xac zephyr/drivers/timer/libdrivers__timer.a(nrf_rtc_timer.c.obj)
 .text.sys_clock_driver_init
                0x00000000000044b4       0x9c zephyr/drivers/timer/libdrivers__timer.a(nrf_rtc_timer.c.obj)
 .text.process_channel
                0x0000000000004550       0x7c zephyr/drivers/timer/libdrivers__timer.a(nrf_rtc_timer.c.obj)
 .text.rtc_nrf_isr
                0x00000000000045cc       0x40 zephyr/drivers/timer/libdrivers__timer.a(nrf_rtc_timer.c.obj)
                0x00000000000045cc                rtc_nrf_isr
 .text.sys_clock_set_timeout
                0x000000000000460c       0x74 zephyr/drivers/timer/libdrivers__timer.a(nrf_rtc_timer.c.obj)
                0x000000000000460c                sys_clock_set_timeout
 .text.sys_clock_elapsed
                0x0000000000004680       0x14 zephyr/drivers/timer/libdrivers__timer.a(nrf_rtc_timer.c.obj)
                0x0000000000004680                sys_clock_elapsed
 .text.__NVIC_SystemReset
                0x0000000000004694       0x24 modules/hal_nordic/modules/hal_nordic/nrfx/libmodules__hal_nordic__nrfx.a(system_nrf52840.c.obj)
 .text.nvmc_wait
                0x00000000000046b8       0x10 modules/hal_nordic/modules/hal_nordic/nrfx/libmodules__hal_nordic__nrfx.a(system_nrf52840.c.obj)
                0x00000000000046b8                nvmc_wait
 .text.nvmc_config
                0x00000000000046c8       0x14 modules/hal_nordic/modules/hal_nordic/nrfx/libmodules__hal_nordic__nrfx.a(system_nrf52840.c.obj)
                0x00000000000046c8                nvmc_config
 .text.SystemInit
                0x00000000000046dc      0x178 modules/hal_nordic/modules/hal_nordic/nrfx/libmodules__hal_nordic__nrfx.a(system_nrf52840.c.obj)
                0x00000000000046dc                SystemInit
 .text.nrfx_flag32_alloc
                0x0000000000004854       0x48 modules/hal_nordic/modules/hal_nordic/nrfx/libmodules__hal_nordic__nrfx.a(nrfx_flag32_allocator.c.obj)
                0x0000000000004854                nrfx_flag32_alloc
 .text.nrfx_flag32_free
                0x000000000000489c       0x44 modules/hal_nordic/modules/hal_nordic/nrfx/libmodules__hal_nordic__nrfx.a(nrfx_flag32_allocator.c.obj)
                0x000000000000489c                nrfx_flag32_free
 .text.nrfx_gppi_channels_enable
                0x00000000000048e0        0xc modules/hal_nordic/modules/hal_nordic/nrfx/libmodules__hal_nordic__nrfx.a(nrfx_gppi_ppi.c.obj)
                0x00000000000048e0                nrfx_gppi_channels_enable
 .text.nrfx_gppi_channel_endpoints_setup
                0x00000000000048ec       0x14 modules/hal_nordic/modules/hal_nordic/nrfx/libmodules__hal_nordic__nrfx.a(nrfx_gppi_ppi.c.obj)
                0x00000000000048ec                nrfx_gppi_channel_endpoints_setup
 .text.clock_stop
                0x0000000000004900       0x84 modules/hal_nordic/modules/hal_nordic/nrfx/libmodules__hal_nordic__nrfx.a(nrfx_clock.c.obj)
 .text.nrfx_clock_init
                0x0000000000004984       0x28 modules/hal_nordic/modules/hal_nordic/nrfx/libmodules__hal_nordic__nrfx.a(nrfx_clock.c.obj)
                0x0000000000004984                nrfx_clock_init
 .text.nrfx_clock_enable
                0x00000000000049ac       0x20 modules/hal_nordic/modules/hal_nordic/nrfx/libmodules__hal_nordic__nrfx.a(nrfx_clock.c.obj)
                0x00000000000049ac                nrfx_clock_enable
 .text.nrfx_clock_start
                0x00000000000049cc       0xdc modules/hal_nordic/modules/hal_nordic/nrfx/libmodules__hal_nordic__nrfx.a(nrfx_clock.c.obj)
                0x00000000000049cc                nrfx_clock_start
 .text.nrfx_power_clock_irq_handler
                0x0000000000004aa8       0x88 modules/hal_nordic/modules/hal_nordic/nrfx/libmodules__hal_nordic__nrfx.a(nrfx_clock.c.obj)
                0x0000000000004aa8                nrfx_power_clock_irq_handler
 .text.nrf_gpio_cfg
                0x0000000000004b30       0x50 modules/hal_nordic/modules/hal_nordic/nrfx/libmodules__hal_nordic__nrfx.a(nrfx_gpiote.c.obj)
 .text.nrf_gpio_reconfigure
                0x0000000000004b80       0xbc modules/hal_nordic/modules/hal_nordic/nrfx/libmodules__hal_nordic__nrfx.a(nrfx_gpiote.c.obj)
 .text.nrf_gpio_pin_read
                0x0000000000004c3c       0x28 modules/hal_nordic/modules/hal_nordic/nrfx/libmodules__hal_nordic__nrfx.a(nrfx_gpiote.c.obj)
 .text.nrf_gpio_pin_sense_get
                0x0000000000004c64       0x2c modules/hal_nordic/modules/hal_nordic/nrfx/libmodules__hal_nordic__nrfx.a(nrfx_gpiote.c.obj)
 .text.nrf_gpio_latches_read_and_clear
                0x0000000000004c90       0x44 modules/hal_nordic/modules/hal_nordic/nrfx/libmodules__hal_nordic__nrfx.a(nrfx_gpiote.c.obj)
 .text.nrf_gpio_pin_latch_clear
                0x0000000000004cd4       0x28 modules/hal_nordic/modules/hal_nordic/nrfx/libmodules__hal_nordic__nrfx.a(nrfx_gpiote.c.obj)
 .text.get_pin_idx
                0x0000000000004cfc       0x14 modules/hal_nordic/modules/hal_nordic/nrfx/libmodules__hal_nordic__nrfx.a(nrfx_gpiote.c.obj)
 .text.get_cb   0x0000000000004d10        0x8 modules/hal_nordic/modules/hal_nordic/nrfx/libmodules__hal_nordic__nrfx.a(nrfx_gpiote.c.obj)
 .text.gpiote_output_configure
                0x0000000000004d18       0xf8 modules/hal_nordic/modules/hal_nordic/nrfx/libmodules__hal_nordic__nrfx.a(nrfx_gpiote.c.obj)
 .text.gpiote_channel_get
                0x0000000000004e10       0x38 modules/hal_nordic/modules/hal_nordic/nrfx/libmodules__hal_nordic__nrfx.a(nrfx_gpiote.c.obj)
 .text.latch_pending_read_and_check
                0x0000000000004e48       0x50 modules/hal_nordic/modules/hal_nordic/nrfx/libmodules__hal_nordic__nrfx.a(nrfx_gpiote.c.obj)
 .text.pin_handler_set
                0x0000000000004e98       0x88 modules/hal_nordic/modules/hal_nordic/nrfx/libmodules__hal_nordic__nrfx.a(nrfx_gpiote.c.obj)
 .text.gpiote_input_configure
                0x0000000000004f20      0x16c modules/hal_nordic/modules/hal_nordic/nrfx/libmodules__hal_nordic__nrfx.a(nrfx_gpiote.c.obj)
 .text.pin_uninit
                0x000000000000508c       0x34 modules/hal_nordic/modules/hal_nordic/nrfx/libmodules__hal_nordic__nrfx.a(nrfx_gpiote.c.obj)
 .text.gpiote_init
                0x00000000000050c0       0x4c modules/hal_nordic/modules/hal_nordic/nrfx/libmodules__hal_nordic__nrfx.a(nrfx_gpiote.c.obj)
 .text.port_event_handle
                0x000000000000510c       0xc4 modules/hal_nordic/modules/hal_nordic/nrfx/libmodules__hal_nordic__nrfx.a(nrfx_gpiote.c.obj)
 .text.nrfx_gpiote_0_irq_handler
                0x00000000000051d0       0x14 modules/hal_nordic/modules/hal_nordic/nrfx/libmodules__hal_nordic__nrfx.a(nrfx_gpiote.c.obj)
                0x00000000000051d0                nrfx_gpiote_0_irq_handler
 .text.nrfx_ppi_channel_alloc
                0x00000000000051e4       0x10 modules/hal_nordic/modules/hal_nordic/nrfx/libmodules__hal_nordic__nrfx.a(nrfx_ppi.c.obj)
                0x00000000000051e4                nrfx_ppi_channel_alloc
 .text.nrfx_ppi_channel_assign
                0x00000000000051f4       0x5c modules/hal_nordic/modules/hal_nordic/nrfx/libmodules__hal_nordic__nrfx.a(nrfx_ppi.c.obj)
                0x00000000000051f4                nrfx_ppi_channel_assign
 .text.nrfx_ppi_channel_enable
                0x0000000000005250       0x4c modules/hal_nordic/modules/hal_nordic/nrfx/libmodules__hal_nordic__nrfx.a(nrfx_ppi.c.obj)
                0x0000000000005250                nrfx_ppi_channel_enable
 .text.nrfx_ppi_channel_disable
                0x000000000000529c       0x4c modules/hal_nordic/modules/hal_nordic/nrfx/libmodules__hal_nordic__nrfx.a(nrfx_ppi.c.obj)
                0x000000000000529c                nrfx_ppi_channel_disable
 .text.nrf_gpio_cfg
                0x00000000000052e8       0x50 modules/hal_nordic/modules/hal_nordic/nrfx/libmodules__hal_nordic__nrfx.a(nrfx_pwm.c.obj)
 .text.nrf_gpio_pin_set
                0x0000000000005338       0x28 modules/hal_nordic/modules/hal_nordic/nrfx/libmodules__hal_nordic__nrfx.a(nrfx_pwm.c.obj)
 .text.nrf_gpio_pin_clear
                0x0000000000005360       0x28 modules/hal_nordic/modules/hal_nordic/nrfx/libmodules__hal_nordic__nrfx.a(nrfx_pwm.c.obj)
 .text.pwm_stopped_check
                0x0000000000005388       0x48 modules/hal_nordic/modules/hal_nordic/nrfx/libmodules__hal_nordic__nrfx.a(nrfx_pwm.c.obj)
 .text.nrfx_pwm_init
                0x00000000000053d0       0x54 modules/hal_nordic/modules/hal_nordic/nrfx/libmodules__hal_nordic__nrfx.a(nrfx_pwm.c.obj)
                0x00000000000053d0                nrfx_pwm_init
 .text.nrfx_pwm_simple_playback
                0x0000000000005424       0x9c modules/hal_nordic/modules/hal_nordic/nrfx/libmodules__hal_nordic__nrfx.a(nrfx_pwm.c.obj)
                0x0000000000005424                nrfx_pwm_simple_playback
 .text.nrfx_pwm_stop
                0x00000000000054c0       0x44 modules/hal_nordic/modules/hal_nordic/nrfx/libmodules__hal_nordic__nrfx.a(nrfx_pwm.c.obj)
                0x00000000000054c0                nrfx_pwm_stop
 .text.nrfx_pwm_0_irq_handler
                0x0000000000005504       0x14 modules/hal_nordic/modules/hal_nordic/nrfx/libmodules__hal_nordic__nrfx.a(nrfx_pwm.c.obj)
                0x0000000000005504                nrfx_pwm_0_irq_handler
 .text.prescaler_calculate
                0x0000000000005518       0x44 modules/hal_nordic/modules/hal_nordic/nrfx/libmodules__hal_nordic__nrfx.a(nrfx_timer.c.obj)
 .text.timer_configure
                0x000000000000555c       0x4c modules/hal_nordic/modules/hal_nordic/nrfx/libmodules__hal_nordic__nrfx.a(nrfx_timer.c.obj)
 .text.nrfx_timer_init
                0x00000000000055a8       0x54 modules/hal_nordic/modules/hal_nordic/nrfx/libmodules__hal_nordic__nrfx.a(nrfx_timer.c.obj)
                0x00000000000055a8                nrfx_timer_init
 .text.nrfx_timer_enable
                0x00000000000055fc       0x1c modules/hal_nordic/modules/hal_nordic/nrfx/libmodules__hal_nordic__nrfx.a(nrfx_timer.c.obj)
                0x00000000000055fc                nrfx_timer_enable
 .text._DoInit  0x0000000000005618       0x64 modules/segger/libmodules__segger.a(SEGGER_RTT.c.obj)
 .text.SEGGER_RTT_StrongCheckInit
                0x000000000000567c       0x38 modules/segger/libmodules__segger.a(SEGGER_RTT.c.obj)
 .text.SEGGER_RTT_WriteSkipNoLock
                0x00000000000056b4       0xd0 modules/segger/libmodules__segger.a(SEGGER_RTT.c.obj)
                0x00000000000056b4                SEGGER_RTT_WriteSkipNoLock
 .text.SEGGER_RTT_HasDataUp
                0x0000000000005784       0x20 modules/segger/libmodules__segger.a(SEGGER_RTT.c.obj)
                0x0000000000005784                SEGGER_RTT_HasDataUp
 .text.z_device_state_init
                0x00000000000057a4       0x18 zephyr/kernel/libkernel.a(device.c.obj)
                0x00000000000057a4                z_device_state_init
 .text.reason_to_str
                0x00000000000057bc       0x40 zephyr/kernel/libkernel.a(fatal.c.obj)
 .text.thread_name_get
                0x00000000000057fc       0x20 zephyr/kernel/libkernel.a(fatal.c.obj)
 .text.k_sys_fatal_error_handler
                0x000000000000581c       0x20 zephyr/kernel/libkernel.a(fatal.c.obj)
                0x000000000000581c                k_sys_fatal_error_handler
 .text.z_fatal_error
                0x000000000000583c      0x1f4 zephyr/kernel/libkernel.a(fatal.c.obj)
                0x000000000000583c                z_fatal_error
 .text.z_sys_init_run_level
                0x0000000000005a30       0x34 zephyr/kernel/libkernel.a(init.c.obj)
 .text.init_idle_thread
                0x0000000000005a64       0x60 zephyr/kernel/libkernel.a(init.c.obj)
 .text.thread_schedule_new
                0x0000000000005ac4       0x1c zephyr/kernel/libkernel.a(init.c.obj)
 .text.z_init_static_threads
                0x0000000000005ae0       0x70 zephyr/kernel/libkernel.a(init.c.obj)
 .text.bg_thread_main
                0x0000000000005b50       0x38 zephyr/kernel/libkernel.a(init.c.obj)
 .text.switch_to_main_thread
                0x0000000000005b88       0x14 zephyr/kernel/libkernel.a(init.c.obj)
 .text.z_bss_zero
                0x0000000000005b9c       0x18 zephyr/kernel/libkernel.a(init.c.obj)
                0x0000000000005b9c                z_bss_zero
 .text.z_init_cpu
                0x0000000000005bb4       0x44 zephyr/kernel/libkernel.a(init.c.obj)
                0x0000000000005bb4                z_init_cpu
 .text.prepare_multithreading
                0x0000000000005bf8       0x60 zephyr/kernel/libkernel.a(init.c.obj)
 .text.z_cstart
                0x0000000000005c58       0x98 zephyr/kernel/libkernel.a(init.c.obj)
                0x0000000000005c58                z_cstart
 .text.__do_global_ctors_aux
                0x0000000000005cf0       0x20 zephyr/kernel/libkernel.a(init_static.c.obj)
                0x0000000000005cf0                __do_global_ctors_aux
 .text.__do_init_array_aux
                0x0000000000005d10       0x1c zephyr/kernel/libkernel.a(init_static.c.obj)
                0x0000000000005d10                __do_init_array_aux
 .text.init_mem_slab_obj_core_list
                0x0000000000005d2c       0x24 zephyr/kernel/libkernel.a(mem_slab.c.obj)
 .text.k_mem_slab_alloc
                0x0000000000005d50       0x64 zephyr/kernel/libkernel.a(mem_slab.c.obj)
                0x0000000000005d50                k_mem_slab_alloc
 .text.z_impl_k_mutex_lock
                0x0000000000005db4      0x100 zephyr/kernel/libkernel.a(mutex.c.obj)
                0x0000000000005db4                z_impl_k_mutex_lock
 .text.z_impl_k_mutex_unlock
                0x0000000000005eb4       0xac zephyr/kernel/libkernel.a(mutex.c.obj)
                0x0000000000005eb4                z_impl_k_mutex_unlock
 .text.z_impl_k_sem_give
                0x0000000000005f60       0x88 zephyr/kernel/libkernel.a(sem.c.obj)
                0x0000000000005f60                z_impl_k_sem_give
 .text.z_impl_k_sem_take
                0x0000000000005fe8       0x50 zephyr/kernel/libkernel.a(sem.c.obj)
                0x0000000000005fe8                z_impl_k_sem_take
 .text.z_impl_k_sem_reset
                0x0000000000006038       0x68 zephyr/kernel/libkernel.a(sem.c.obj)
                0x0000000000006038                z_impl_k_sem_reset
 .text.thread_schedule_new
                0x00000000000060a0       0x1c zephyr/kernel/libkernel.a(thread.c.obj)
 .text.z_impl_k_thread_name_set
                0x00000000000060bc       0x24 zephyr/kernel/libkernel.a(thread.c.obj)
                0x00000000000060bc                z_impl_k_thread_name_set
 .text.z_setup_new_thread
                0x00000000000060e0       0xc4 zephyr/kernel/libkernel.a(thread.c.obj)
                0x00000000000060e0                z_setup_new_thread
 .text.z_swap_irqlock
                0x00000000000061a4       0x34 zephyr/kernel/libkernel.a(sched.c.obj)
 .text.ready_thread
                0x00000000000061d8       0xbc zephyr/kernel/libkernel.a(sched.c.obj)
 .text.unready_thread
                0x0000000000006294       0x68 zephyr/kernel/libkernel.a(sched.c.obj)
 .text.z_dummy_thread_init
                0x00000000000062fc       0x24 zephyr/kernel/libkernel.a(sched.c.obj)
 .text.thread_halt_spin
                0x0000000000006320      0x114 zephyr/kernel/libkernel.a(sched.c.obj)
 .text.add_thread_timeout
                0x0000000000006434       0x20 zephyr/kernel/libkernel.a(sched.c.obj)
 .text.move_thread_to_end_of_prio_q
                0x0000000000006454       0xc8 zephyr/kernel/libkernel.a(sched.c.obj)
                0x0000000000006454                move_thread_to_end_of_prio_q
 .text.z_pend_curr
                0x000000000000651c       0x38 zephyr/kernel/libkernel.a(sched.c.obj)
                0x000000000000651c                z_pend_curr
 .text.z_thread_prio_set
                0x0000000000006554       0xdc zephyr/kernel/libkernel.a(sched.c.obj)
                0x0000000000006554                z_thread_prio_set
 .text.z_reschedule
                0x0000000000006630       0x2c zephyr/kernel/libkernel.a(sched.c.obj)
                0x0000000000006630                z_reschedule
 .text.z_reschedule_irqlock
                0x000000000000665c       0x2c zephyr/kernel/libkernel.a(sched.c.obj)
                0x000000000000665c                z_reschedule_irqlock
 .text.k_sched_lock
                0x0000000000006688       0x30 zephyr/kernel/libkernel.a(sched.c.obj)
                0x0000000000006688                k_sched_lock
 .text.k_sched_unlock
                0x00000000000066b8       0x70 zephyr/kernel/libkernel.a(sched.c.obj)
                0x00000000000066b8                k_sched_unlock
 .text.z_sched_init
                0x0000000000006728       0x10 zephyr/kernel/libkernel.a(sched.c.obj)
                0x0000000000006728                z_sched_init
 .text.z_impl_k_yield
                0x0000000000006738       0xa0 zephyr/kernel/libkernel.a(sched.c.obj)
                0x0000000000006738                z_impl_k_yield
 .text.z_tick_sleep
                0x00000000000067d8       0x90 zephyr/kernel/libkernel.a(sched.c.obj)
 .text.z_impl_k_wakeup
                0x0000000000006868       0x54 zephyr/kernel/libkernel.a(sched.c.obj)
                0x0000000000006868                z_impl_k_wakeup
 .text.z_impl_k_sched_current_thread_query
                0x00000000000068bc        0xc zephyr/kernel/libkernel.a(sched.c.obj)
                0x00000000000068bc                z_impl_k_sched_current_thread_query
 .text.z_thread_abort
                0x00000000000068c8      0x158 zephyr/kernel/libkernel.a(sched.c.obj)
                0x00000000000068c8                z_thread_abort
 .text.slice_timeout
                0x0000000000006a20       0x20 zephyr/kernel/libkernel.a(timeslicing.c.obj)
 .text.thread_is_sliceable
                0x0000000000006a40       0x4c zephyr/kernel/libkernel.a(timeslicing.c.obj)
                0x0000000000006a40                thread_is_sliceable
 .text.z_reset_time_slice
                0x0000000000006a8c       0x50 zephyr/kernel/libkernel.a(timeslicing.c.obj)
                0x0000000000006a8c                z_reset_time_slice
 .text.z_time_slice
                0x0000000000006adc       0x70 zephyr/kernel/libkernel.a(timeslicing.c.obj)
                0x0000000000006adc                z_time_slice
 .text.z_thread_monitor_exit
                0x0000000000006b4c       0x3c zephyr/kernel/libkernel.a(thread_monitor.c.obj)
                0x0000000000006b4c                z_thread_monitor_exit
 .text.z_data_copy
                0x0000000000006b88       0x34 zephyr/kernel/libkernel.a(xip.c.obj)
                0x0000000000006b88                z_data_copy
 .text.first    0x0000000000006bbc       0x14 zephyr/kernel/libkernel.a(timeout.c.obj)
 .text.next     0x0000000000006bd0       0x18 zephyr/kernel/libkernel.a(timeout.c.obj)
 .text.elapsed  0x0000000000006be8       0x18 zephyr/kernel/libkernel.a(timeout.c.obj)
 .text.z_add_timeout
                0x0000000000006c00      0x10c zephyr/kernel/libkernel.a(timeout.c.obj)
                0x0000000000006c00                z_add_timeout
 .text.sys_clock_announce
                0x0000000000006d0c       0xc4 zephyr/kernel/libkernel.a(timeout.c.obj)
                0x0000000000006d0c                sys_clock_announce
 .text.sys_clock_tick_get
                0x0000000000006dd0       0x40 zephyr/kernel/libkernel.a(timeout.c.obj)
                0x0000000000006dd0                sys_clock_tick_get
 .text.z_timer_expiration_handler
                0x0000000000006e10       0xf8 zephyr/kernel/libkernel.a(timer.c.obj)
                0x0000000000006e10                z_timer_expiration_handler
 .text.z_impl_k_timer_start
                0x0000000000006f08       0x80 zephyr/kernel/libkernel.a(timer.c.obj)
                0x0000000000006f08                z_impl_k_timer_start
 .text.k_thread_system_pool_assign
                0x0000000000006f88        0xc zephyr/kernel/libkernel.a(mempool.c.obj)
                0x0000000000006f88                k_thread_system_pool_assign
 .text.statics_init
                0x0000000000006f94       0x24 zephyr/kernel/libkernel.a(kheap.c.obj)
 .text.nrf_cc3xx_platform_init_no_rng
                0x0000000000006fb8       0x38 C:/ncs/v3.0.2/nrfxlib/crypto/nrf_cc310_platform/lib/cortex-m4/soft-float/no-interrupts/libnrf_cc310_platform_0.9.19.a(nrf_cc3xx_platform.c.obj)
                0x0000000000006fb8                nrf_cc3xx_platform_init_no_rng
 .text.nrf_cc3xx_platform_abort
                0x0000000000006ff0       0x24 C:/ncs/v3.0.2/nrfxlib/crypto/nrf_cc310_platform/lib/cortex-m4/soft-float/no-interrupts/libnrf_cc310_platform_0.9.19.a(nrf_cc3xx_platform_abort.c.obj)
 .text.CC_PalAbort
                0x0000000000007014       0x34 C:/ncs/v3.0.2/nrfxlib/crypto/nrf_cc310_platform/lib/cortex-m4/soft-float/no-interrupts/libnrf_cc310_platform_0.9.19.a(nrf_cc3xx_platform_abort.c.obj)
                0x0000000000007014                CC_PalAbort
 .text.nrf_cc3xx_platform_set_abort
                0x0000000000007048       0x10 C:/ncs/v3.0.2/nrfxlib/crypto/nrf_cc310_platform/lib/cortex-m4/soft-float/no-interrupts/libnrf_cc310_platform_0.9.19.a(nrf_cc3xx_platform_abort.c.obj)
                0x0000000000007048                nrf_cc3xx_platform_set_abort
 .text.mutex_free
                0x0000000000007058       0x34 C:/ncs/v3.0.2/nrfxlib/crypto/nrf_cc310_platform/lib/cortex-m4/soft-float/no-interrupts/libnrf_cc310_platform_0.9.19.a(nrf_cc3xx_platform_mutex.c.obj)
 .text.mutex_lock
                0x000000000000708c       0x48 C:/ncs/v3.0.2/nrfxlib/crypto/nrf_cc310_platform/lib/cortex-m4/soft-float/no-interrupts/libnrf_cc310_platform_0.9.19.a(nrf_cc3xx_platform_mutex.c.obj)
 .text.mutex_unlock
                0x00000000000070d4       0x38 C:/ncs/v3.0.2/nrfxlib/crypto/nrf_cc310_platform/lib/cortex-m4/soft-float/no-interrupts/libnrf_cc310_platform_0.9.19.a(nrf_cc3xx_platform_mutex.c.obj)
 .text.mutex_init
                0x000000000000710c       0x20 C:/ncs/v3.0.2/nrfxlib/crypto/nrf_cc310_platform/lib/cortex-m4/soft-float/no-interrupts/libnrf_cc310_platform_0.9.19.a(nrf_cc3xx_platform_mutex.c.obj)
 .text.nrf_cc3xx_platform_set_mutexes
                0x000000000000712c       0x74 C:/ncs/v3.0.2/nrfxlib/crypto/nrf_cc310_platform/lib/cortex-m4/soft-float/no-interrupts/libnrf_cc310_platform_0.9.19.a(nrf_cc3xx_platform_mutex.c.obj)
                0x000000000000712c                nrf_cc3xx_platform_set_mutexes
 .text.CC_LibInitNoRng
                0x00000000000071a0       0x64 C:/ncs/v3.0.2/nrfxlib/crypto/nrf_cc310_platform/lib/cortex-m4/soft-float/no-interrupts/libnrf_cc310_platform_0.9.19.a(cc_lib.c.obj)
                0x00000000000071a0                CC_LibInitNoRng
 .text.CC_HalInit
                0x0000000000007204        0x4 C:/ncs/v3.0.2/nrfxlib/crypto/nrf_cc310_platform/lib/cortex-m4/soft-float/no-interrupts/libnrf_cc310_platform_0.9.19.a(cc_hal.c.obj)
                0x0000000000007204                CC_HalInit
 .text.CC_HalTerminate
                0x0000000000007208        0x4 C:/ncs/v3.0.2/nrfxlib/crypto/nrf_cc310_platform/lib/cortex-m4/soft-float/no-interrupts/libnrf_cc310_platform_0.9.19.a(cc_hal.c.obj)
                0x0000000000007208                CC_HalTerminate
 .text.CC_HalMaskInterrupt
                0x000000000000720c        0xc C:/ncs/v3.0.2/nrfxlib/crypto/nrf_cc310_platform/lib/cortex-m4/soft-float/no-interrupts/libnrf_cc310_platform_0.9.19.a(cc_hal.c.obj)
                0x000000000000720c                CC_HalMaskInterrupt
 .text.CC_PalInit
                0x0000000000007218       0x5c C:/ncs/v3.0.2/nrfxlib/crypto/nrf_cc310_platform/lib/cortex-m4/soft-float/no-interrupts/libnrf_cc310_platform_0.9.19.a(cc_pal.c.obj)
                0x0000000000007218                CC_PalInit
 .text.CC_PalTerminate
                0x0000000000007274       0x34 C:/ncs/v3.0.2/nrfxlib/crypto/nrf_cc310_platform/lib/cortex-m4/soft-float/no-interrupts/libnrf_cc310_platform_0.9.19.a(cc_pal.c.obj)
                0x0000000000007274                CC_PalTerminate
 .text.CC_PalDmaInit
                0x00000000000072a8        0x4 C:/ncs/v3.0.2/nrfxlib/crypto/nrf_cc310_platform/lib/cortex-m4/soft-float/no-interrupts/libnrf_cc310_platform_0.9.19.a(cc_pal_dma.c.obj)
                0x00000000000072a8                CC_PalDmaInit
 .text.CC_PalDmaTerminate
                0x00000000000072ac        0x4 C:/ncs/v3.0.2/nrfxlib/crypto/nrf_cc310_platform/lib/cortex-m4/soft-float/no-interrupts/libnrf_cc310_platform_0.9.19.a(cc_pal_dma.c.obj)
                0x00000000000072ac                CC_PalDmaTerminate
 .text.CC_PalMutexCreate
                0x00000000000072b0       0x14 C:/ncs/v3.0.2/nrfxlib/crypto/nrf_cc310_platform/lib/cortex-m4/soft-float/no-interrupts/libnrf_cc310_platform_0.9.19.a(cc_pal_mutex.c.obj)
                0x00000000000072b0                CC_PalMutexCreate
 .text.CC_PalMutexDestroy
                0x00000000000072c4       0x14 C:/ncs/v3.0.2/nrfxlib/crypto/nrf_cc310_platform/lib/cortex-m4/soft-float/no-interrupts/libnrf_cc310_platform_0.9.19.a(cc_pal_mutex.c.obj)
                0x00000000000072c4                CC_PalMutexDestroy
 .text.CC_PalPowerSaveModeInit
                0x00000000000072d8       0x3c C:/ncs/v3.0.2/nrfxlib/crypto/nrf_cc310_platform/lib/cortex-m4/soft-float/no-interrupts/libnrf_cc310_platform_0.9.19.a(cc_pal_pm.c.obj)
                0x00000000000072d8                CC_PalPowerSaveModeInit
 .text.CC_PalPowerSaveModeSelect
                0x0000000000007314       0x84 C:/ncs/v3.0.2/nrfxlib/crypto/nrf_cc310_platform/lib/cortex-m4/soft-float/no-interrupts/libnrf_cc310_platform_0.9.19.a(cc_pal_pm.c.obj)
                0x0000000000007314                CC_PalPowerSaveModeSelect
 .text.startup._GLOBAL__sub_I__ZN9__gnu_cxx9__freeresEv
                0x0000000000007398       0x28 c:\ncs\toolchains\0b393f9e1b\opt\zephyr-sdk\arm-zephyr-eabi\bin\../lib/gcc/../../picolibc/arm-zephyr-eabi/lib/thumb/v7e-m/nofp\libstdc++.a(eh_alloc.o)
 .text.startup._GLOBAL__sub_I___cxa_get_globals_fast
                0x00000000000073c0       0x18 c:\ncs\toolchains\0b393f9e1b\opt\zephyr-sdk\arm-zephyr-eabi\bin\../lib/gcc/../../picolibc/arm-zephyr-eabi/lib/thumb/v7e-m/nofp\libstdc++.a(eh_globals.o)
 .text.snprintf
                0x00000000000073d8       0x58 c:\ncs\toolchains\0b393f9e1b\opt\zephyr-sdk\arm-zephyr-eabi\bin\../lib/gcc/../../picolibc/arm-zephyr-eabi/lib/thumb/v7e-m/nofp\libc.a(libc_tinystdio_snprintf.c.o)
                0x00000000000073d8                snprintf
 .text.skip_to_arg
                0x0000000000007430      0x138 c:\ncs\toolchains\0b393f9e1b\opt\zephyr-sdk\arm-zephyr-eabi\bin\../lib/gcc/../../picolibc/arm-zephyr-eabi/lib/thumb/v7e-m/nofp\libc.a(libc_tinystdio_vfprintf.c.o)
 .text.vfprintf
                0x0000000000007568      0x9c4 c:\ncs\toolchains\0b393f9e1b\opt\zephyr-sdk\arm-zephyr-eabi\bin\../lib/gcc/../../picolibc/arm-zephyr-eabi/lib/thumb/v7e-m/nofp\libc.a(libc_tinystdio_vfprintf.c.o)
                0x0000000000007568                __d_vfprintf
 .text.div10    0x0000000000007f2c       0x28 c:\ncs\toolchains\0b393f9e1b\opt\zephyr-sdk\arm-zephyr-eabi\bin\../lib/gcc/../../picolibc/arm-zephyr-eabi/lib/thumb/v7e-m/nofp\libc.a(libc_tinystdio_dtoa_ryu.c.o)
 .text.__dtoa_engine
                0x0000000000007f54      0x49c c:\ncs\toolchains\0b393f9e1b\opt\zephyr-sdk\arm-zephyr-eabi\bin\../lib/gcc/../../picolibc/arm-zephyr-eabi/lib/thumb/v7e-m/nofp\libc.a(libc_tinystdio_dtoa_ryu.c.o)
                0x0000000000007f54                __dtoa_engine
 .text.__log10Pow2
                0x00000000000083f0        0xc c:\ncs\toolchains\0b393f9e1b\opt\zephyr-sdk\arm-zephyr-eabi\bin\../lib/gcc/../../picolibc/arm-zephyr-eabi/lib/thumb/v7e-m/nofp\libc.a(libc_tinystdio_ryu_log10.c.o)
                0x00000000000083f0                __log10Pow2
 .text.__log10Pow5
                0x00000000000083fc        0xc c:\ncs\toolchains\0b393f9e1b\opt\zephyr-sdk\arm-zephyr-eabi\bin\../lib/gcc/../../picolibc/arm-zephyr-eabi/lib/thumb/v7e-m/nofp\libc.a(libc_tinystdio_ryu_log10.c.o)
                0x00000000000083fc                __log10Pow5
 .text.__pow5bits
                0x0000000000008408       0x10 c:\ncs\toolchains\0b393f9e1b\opt\zephyr-sdk\arm-zephyr-eabi\bin\../lib/gcc/../../picolibc/arm-zephyr-eabi/lib/thumb/v7e-m/nofp\libc.a(libc_tinystdio_ryu_pow5bits.c.o)
                0x0000000000008408                __pow5bits
 .text.__pow5Factor
                0x0000000000008418       0x30 c:\ncs\toolchains\0b393f9e1b\opt\zephyr-sdk\arm-zephyr-eabi\bin\../lib/gcc/../../picolibc/arm-zephyr-eabi/lib/thumb/v7e-m/nofp\libc.a(libc_tinystdio_ryu_table.c.o)
                0x0000000000008418                __pow5Factor
 .text.__double_computePow5
                0x0000000000008448       0xe8 c:\ncs\toolchains\0b393f9e1b\opt\zephyr-sdk\arm-zephyr-eabi\bin\../lib/gcc/../../picolibc/arm-zephyr-eabi/lib/thumb/v7e-m/nofp\libc.a(libc_tinystdio_ryu_table.c.o)
                0x0000000000008448                __double_computePow5
 .text.__double_computeInvPow5
                0x0000000000008530       0xf8 c:\ncs\toolchains\0b393f9e1b\opt\zephyr-sdk\arm-zephyr-eabi\bin\../lib/gcc/../../picolibc/arm-zephyr-eabi/lib/thumb/v7e-m/nofp\libc.a(libc_tinystdio_ryu_table.c.o)
                0x0000000000008530                __double_computeInvPow5
 .text._OffsetAbsSyms
                0x0000000000008628        0x2 zephyr/CMakeFiles/offsets.dir/./arch/arm/core/offsets/offsets.c.obj
                0x0000000000008628                _OffsetAbsSyms
 .text._GLOBAL__sub_I_irsend
                0x000000000000862a        0xe app/libapp.a(main.cpp.obj)
 .text._ZN13IRPanasonicAcC2Etbb
                0x0000000000008638       0x12 app/libapp.a(ir_Panasonic.cpp.obj)
                0x0000000000008638                IRPanasonicAc::IRPanasonicAc(unsigned short, bool, bool)
                0x0000000000008638                IRPanasonicAc::IRPanasonicAc(unsigned short, bool, bool)
 .text._ZN13IRPanasonicAc5beginEv
                0x000000000000864a        0x8 app/libapp.a(ir_Panasonic.cpp.obj)
                0x000000000000864a                IRPanasonicAc::begin()
 .text._ZN13IRPanasonicAc12calcChecksumEPKht
                0x0000000000008652        0xe app/libapp.a(ir_Panasonic.cpp.obj)
                0x0000000000008652                IRPanasonicAc::calcChecksum(unsigned char const*, unsigned short)
 .text._ZN13IRPanasonicAc11fixChecksumEt
                0x0000000000008660       0x12 app/libapp.a(ir_Panasonic.cpp.obj)
                0x0000000000008660                IRPanasonicAc::fixChecksum(unsigned short)
 .text._ZN13IRPanasonicAc6getRawEv
                0x0000000000008672       0x10 app/libapp.a(ir_Panasonic.cpp.obj)
                0x0000000000008672                IRPanasonicAc::getRaw()
 .text._ZN13IRPanasonicAc4sendEt
                0x0000000000008682       0x18 app/libapp.a(ir_Panasonic.cpp.obj)
                0x0000000000008682                IRPanasonicAc::send(unsigned short)
 .text._ZN13IRPanasonicAc8setPowerEb
                0x000000000000869a        0xe app/libapp.a(ir_Panasonic.cpp.obj)
                0x000000000000869a                IRPanasonicAc::setPower(bool)
 .text._ZN13IRPanasonicAc2onEv
                0x00000000000086a8        0xa app/libapp.a(ir_Panasonic.cpp.obj)
                0x00000000000086a8                IRPanasonicAc::on()
 .text._ZN13IRPanasonicAc7setModeEh
                0x00000000000086b2       0x4a app/libapp.a(ir_Panasonic.cpp.obj)
                0x00000000000086b2                IRPanasonicAc::setMode(unsigned char)
 .text._ZN13IRPanasonicAc6setFanEh
                0x00000000000086fc       0x22 app/libapp.a(ir_Panasonic.cpp.obj)
                0x00000000000086fc                IRPanasonicAc::setFan(unsigned char)
 .text._ZN6IRsendC2Etbb
                0x000000000000871e       0x2a app/libapp.a(IRsend.cpp.obj)
                0x000000000000871e                IRsend::IRsend(unsigned short, bool, bool)
                0x000000000000871e                IRsend::IRsend(unsigned short, bool, bool)
 .text._ZN6IRsend5beginEv
                0x0000000000008748        0x8 app/libapp.a(IRsend.cpp.obj)
                0x0000000000008748                IRsend::begin()
 .text._ZN6IRsend4markEt
                0x0000000000008750        0xa app/libapp.a(IRsend.cpp.obj)
                0x0000000000008750                IRsend::mark(unsigned short)
 .text._ZN6IRsend5spaceEj
                0x000000000000875a        0xa app/libapp.a(IRsend.cpp.obj)
                0x000000000000875a                IRsend::space(unsigned int)
 .text._ZN6IRsend8sendDataEtjtjytb
                0x0000000000008764       0xe0 app/libapp.a(IRsend.cpp.obj)
                0x0000000000008764                IRsend::sendData(unsigned short, unsigned int, unsigned short, unsigned int, unsigned long long, unsigned short, bool)
 .text._ZN6IRsend11sendGenericEtjtjtjtjPKhttbth
                0x0000000000008844       0xba app/libapp.a(IRsend.cpp.obj)
                0x0000000000008844                IRsend::sendGeneric(unsigned short, unsigned int, unsigned short, unsigned int, unsigned short, unsigned int, unsigned short, unsigned int, unsigned char const*, unsigned short, unsigned short, bool, unsigned short, unsigned char)
 .text._Z8sumBytesPKhth
                0x00000000000088fe       0x1a app/libapp.a(IRutils.cpp.obj)
                0x00000000000088fe                sumBytes(unsigned char const*, unsigned short, unsigned char)
 .text._ZN7irutils6setBitEPhhb
                0x0000000000008918       0x22 app/libapp.a(IRutils.cpp.obj)
                0x0000000000008918                irutils::setBit(unsigned char*, unsigned char, bool)
 .text._ZN7irutils7setBitsEPhhhh
                0x000000000000893a       0x46 app/libapp.a(IRutils.cpp.obj)
                0x000000000000893a                irutils::setBits(unsigned char*, unsigned char, unsigned char, unsigned char)
 .text.nrf_gpio_cfg_output
                0x0000000000008980       0x18 app/libapp.a(ir_hal.c.obj)
 .text.gpio_toggle_init
                0x0000000000008998       0x16 app/libapp.a(ir_hal.c.obj)
                0x0000000000008998                gpio_toggle_init
 .text.__cxa_atexit
                0x00000000000089ae        0x4 zephyr/libzephyr.a(cpp_dtors.c.obj)
                0x00000000000089ae                __cxa_atexit
 .text.set_chunk_used
                0x00000000000089b2       0x38 zephyr/libzephyr.a(heap.c.obj)
 .text.chunk_mem
                0x00000000000089ea       0x16 zephyr/libzephyr.a(heap.c.obj)
 .text.free_list_remove_bidx
                0x0000000000008a00       0x6e zephyr/libzephyr.a(heap.c.obj)
 .text.free_list_add_bidx
                0x0000000000008a6e       0xa4 zephyr/libzephyr.a(heap.c.obj)
 .text.split_chunks
                0x0000000000008b12       0x86 zephyr/libzephyr.a(heap.c.obj)
 .text.mem_to_chunkid
                0x0000000000008b98       0x16 zephyr/libzephyr.a(heap.c.obj)
 .text.free_list_add
                0x0000000000008bae       0x52 zephyr/libzephyr.a(heap.c.obj)
 .text.alloc_chunk
                0x0000000000008c00       0xa2 zephyr/libzephyr.a(heap.c.obj)
 .text.sys_heap_alloc
                0x0000000000008ca2       0x7c zephyr/libzephyr.a(heap.c.obj)
                0x0000000000008ca2                sys_heap_alloc
 .text.sys_heap_aligned_alloc
                0x0000000000008d1e      0x116 zephyr/libzephyr.a(heap.c.obj)
                0x0000000000008d1e                sys_heap_aligned_alloc
 .text.sys_heap_init
                0x0000000000008e34       0xfc zephyr/libzephyr.a(heap.c.obj)
                0x0000000000008e34                sys_heap_init
 .text.cbprintf_via_va_list
                0x0000000000008f30        0xe zephyr/libzephyr.a(cbprintf_packaged.c.obj)
 .text.is_fmt_spec
                0x0000000000008f3e        0xe zephyr/libzephyr.a(cbprintf_packaged.c.obj)
 .text.get_package_len
                0x0000000000008f4c       0x2a zephyr/libzephyr.a(cbprintf_packaged.c.obj)
 .text.append_string
                0x0000000000008f76       0x2c zephyr/libzephyr.a(cbprintf_packaged.c.obj)
 .text.cbpprintf_external
                0x0000000000008fa2       0x60 zephyr/libzephyr.a(cbprintf_packaged.c.obj)
                0x0000000000008fa2                cbpprintf_external
 .text.is_ptr   0x0000000000009002       0x4e zephyr/libzephyr.a(cbprintf_packaged.c.obj)
                0x0000000000009002                is_ptr
 .text.arch_printk_char_out
                0x0000000000009050        0x4 zephyr/libzephyr.a(printk.c.obj)
                0x0000000000009050                arch_printk_char_out
 .text.vprintk  0x0000000000009054        0x8 zephyr/libzephyr.a(printk.c.obj)
                0x0000000000009054                vprintk
 .text.printk   0x000000000000905c       0x1c zephyr/libzephyr.a(printk.c.obj)
                0x000000000000905c                printk
 .text.free_space
                0x0000000000009078       0x28 zephyr/libzephyr.a(mpsc_pbuf.c.obj)
 .text.available
                0x00000000000090a0       0x24 zephyr/libzephyr.a(mpsc_pbuf.c.obj)
 .text.get_usage
                0x00000000000090c4       0x24 zephyr/libzephyr.a(mpsc_pbuf.c.obj)
 .text.max_utilization_update
                0x00000000000090e8       0x26 zephyr/libzephyr.a(mpsc_pbuf.c.obj)
 .text.rd_idx_inc
                0x000000000000910e       0x26 zephyr/libzephyr.a(mpsc_pbuf.c.obj)
 .text.add_skip_item
                0x0000000000009134       0x66 zephyr/libzephyr.a(mpsc_pbuf.c.obj)
 .text.drop_item_locked
                0x000000000000919a      0x12a zephyr/libzephyr.a(mpsc_pbuf.c.obj)
 .text.post_drop_action
                0x00000000000092c4       0x62 zephyr/libzephyr.a(mpsc_pbuf.c.obj)
 .text.mpsc_pbuf_init
                0x0000000000009326       0x42 zephyr/libzephyr.a(mpsc_pbuf.c.obj)
                0x0000000000009326                mpsc_pbuf_init
 .text.mpsc_pbuf_alloc
                0x0000000000009368      0x134 zephyr/libzephyr.a(mpsc_pbuf.c.obj)
                0x0000000000009368                mpsc_pbuf_alloc
 .text.mpsc_pbuf_commit
                0x000000000000949c       0x50 zephyr/libzephyr.a(mpsc_pbuf.c.obj)
                0x000000000000949c                mpsc_pbuf_commit
 .text.mpsc_pbuf_claim
                0x00000000000094ec       0xd0 zephyr/libzephyr.a(mpsc_pbuf.c.obj)
                0x00000000000094ec                mpsc_pbuf_claim
 .text.mpsc_pbuf_free
                0x00000000000095bc       0x88 zephyr/libzephyr.a(mpsc_pbuf.c.obj)
                0x00000000000095bc                mpsc_pbuf_free
 .text.mpsc_pbuf_is_pending
                0x0000000000009644       0x2c zephyr/libzephyr.a(mpsc_pbuf.c.obj)
                0x0000000000009644                mpsc_pbuf_is_pending
 .text.set_state
                0x0000000000009670       0x10 zephyr/libzephyr.a(onoff.c.obj)
 .text.notify_monitors
                0x0000000000009680       0x44 zephyr/libzephyr.a(onoff.c.obj)
 .text.process_recheck
                0x00000000000096c4       0x32 zephyr/libzephyr.a(onoff.c.obj)
 .text.process_complete
                0x00000000000096f6       0xa2 zephyr/libzephyr.a(onoff.c.obj)
 .text.validate_args
                0x0000000000009798       0x2a zephyr/libzephyr.a(onoff.c.obj)
 .text.notify_one
                0x00000000000097c2       0x26 zephyr/libzephyr.a(onoff.c.obj)
 .text.notify_all
                0x00000000000097e8       0x2e zephyr/libzephyr.a(onoff.c.obj)
 .text.transition_complete
                0x0000000000009816       0x1c zephyr/libzephyr.a(onoff.c.obj)
 .text.onoff_manager_init
                0x0000000000009832       0x38 zephyr/libzephyr.a(onoff.c.obj)
                0x0000000000009832                onoff_manager_init
 .text.onoff_request
                0x000000000000986a       0xbe zephyr/libzephyr.a(onoff.c.obj)
                0x000000000000986a                onoff_request
 .text.sys_notify_validate
                0x0000000000009928       0x2e zephyr/libzephyr.a(notify.c.obj)
                0x0000000000009928                sys_notify_validate
 .text.sys_notify_finalize
                0x0000000000009956       0x1a zephyr/libzephyr.a(notify.c.obj)
                0x0000000000009956                sys_notify_finalize
 .text._ConfigAbsSyms
                0x0000000000009970        0x2 zephyr/libzephyr.a(configs.c.obj)
                0x0000000000009970                _ConfigAbsSyms
 .text.log_msg_generic_get_wlen
                0x0000000000009972       0x20 zephyr/libzephyr.a(log_core.c.obj)
 .text.dummy_timestamp
                0x0000000000009992        0x4 zephyr/libzephyr.a(log_core.c.obj)
 .text.msg_filter_check
                0x0000000000009996        0x4 zephyr/libzephyr.a(log_core.c.obj)
 .text.default_get_timestamp
                0x000000000000999a        0x8 zephyr/libzephyr.a(log_core.c.obj)
 .text.k_msleep
                0x00000000000099a2       0x2c zephyr/libzephyr.a(log_core.c.obj)
 .text.msg_alloc
                0x00000000000099ce        0xc zephyr/libzephyr.a(log_core.c.obj)
 .text.msg_free
                0x00000000000099da        0x8 zephyr/libzephyr.a(log_core.c.obj)
 .text.msg_pending
                0x00000000000099e2        0x8 zephyr/libzephyr.a(log_core.c.obj)
 .text.z_log_vprintk
                0x00000000000099ea       0x1e zephyr/libzephyr.a(log_core.c.obj)
                0x00000000000099ea                z_log_vprintk
 .text.z_log_notify_drop
                0x0000000000009a08        0xa zephyr/libzephyr.a(log_core.c.obj)
 .text.z_log_msg_claim
                0x0000000000009a12        0x8 zephyr/libzephyr.a(log_core.c.obj)
                0x0000000000009a12                z_log_msg_claim
 .text.msg_commit
                0x0000000000009a1a        0xc zephyr/libzephyr.a(log_core.c.obj)
 .text.z_log_get_tag
                0x0000000000009a26        0x4 zephyr/libzephyr.a(log_core.c.obj)
                0x0000000000009a26                z_log_get_tag
 .text.z_cbprintf_cpy
                0x0000000000009a2a       0x2c zephyr/libzephyr.a(log_msg.c.obj)
 .text.z_log_msg_finalize
                0x0000000000009a56       0x2e zephyr/libzephyr.a(log_msg.c.obj)
                0x0000000000009a56                z_log_msg_finalize
 .text.z_log_msg_simple_create
                0x0000000000009a84       0x62 zephyr/libzephyr.a(log_msg.c.obj)
 .text.z_impl_z_log_msg_simple_create_0
                0x0000000000009ae6       0x14 zephyr/libzephyr.a(log_msg.c.obj)
                0x0000000000009ae6                z_impl_z_log_msg_simple_create_0
 .text.z_impl_z_log_msg_simple_create_1
                0x0000000000009afa       0x16 zephyr/libzephyr.a(log_msg.c.obj)
                0x0000000000009afa                z_impl_z_log_msg_simple_create_1
 .text.z_log_msg_static_create
                0x0000000000009b10        0x8 zephyr/libzephyr.a(log_msg.c.obj)
 .text.log_output_flush
                0x0000000000009b18       0x2e zephyr/libzephyr.a(log_output.c.obj)
 .text.out_func
                0x0000000000009b46       0x38 zephyr/libzephyr.a(log_output.c.obj)
 .text.cr_out_func
                0x0000000000009b7e       0x1e zephyr/libzephyr.a(log_output.c.obj)
 .text.color_prefix
                0x0000000000009b9c        0xc zephyr/libzephyr.a(log_output.c.obj)
 .text.color_postfix
                0x0000000000009ba8        0xc zephyr/libzephyr.a(log_output.c.obj)
 .text.postfix_print
                0x0000000000009bb4       0x18 zephyr/libzephyr.a(log_output.c.obj)
 .text.log_msg_hexdump
                0x0000000000009bcc       0x36 zephyr/libzephyr.a(log_output.c.obj)
 .text.log_output_msg_process
                0x0000000000009c02       0x66 zephyr/libzephyr.a(log_output.c.obj)
                0x0000000000009c02                log_output_msg_process
 .text.log_output_flush
                0x0000000000009c68       0x2e zephyr/libzephyr.a(log_backend_rtt.c.obj)
 .text.k_msleep
                0x0000000000009c96       0x2c zephyr/libzephyr.a(log_backend_rtt.c.obj)
 .text.log_output_flush
                0x0000000000009cc2       0x2e zephyr/libzephyr.a(log_backend_uart.c.obj)
 .text.format_set
                0x0000000000009cf0        0xc zephyr/libzephyr.a(log_backend_uart.c.obj)
 .text.log_backend_uart_init
                0x0000000000009cfc        0xc zephyr/libzephyr.a(log_backend_uart.c.obj)
 .text.panic    0x0000000000009d08       0x14 zephyr/libzephyr.a(log_backend_uart.c.obj)
 .text.dropped  0x0000000000009d1c        0xe zephyr/libzephyr.a(log_backend_uart.c.obj)
 .text.process  0x0000000000009d2a       0x1c zephyr/libzephyr.a(log_backend_uart.c.obj)
 .text.abort_function
                0x0000000000009d46        0x2 zephyr/libzephyr.a(nrf_cc3xx_platform_abort_zephyr.c.obj)
 .text.z_do_kernel_oops
                0x0000000000009d48        0xc zephyr/arch/arch/arm/core/libarch__arm__core.a(fatal.c.obj)
                0x0000000000009d48                z_do_kernel_oops
 .text.z_arm_nmi
                0x0000000000009d54        0xc zephyr/arch/arch/arm/core/libarch__arm__core.a(nmi.c.obj)
                0x0000000000009d54                z_arm_nmi
 .text.__aeabi_atexit
                0x0000000000009d60        0xe zephyr/arch/arch/arm/core/libarch__arm__core.a(__aeabi_atexit.c.obj)
                0x0000000000009d60                __aeabi_atexit
 .text.memory_fault_recoverable
                0x0000000000009d6e        0x4 zephyr/arch/arch/arm/core/cortex_m/libarch__arm__core__cortex_m.a(fault.c.obj)
 .text.fault_handle
                0x0000000000009d72       0x4a zephyr/arch/arch/arm/core/cortex_m/libarch__arm__core__cortex_m.a(fault.c.obj)
 .text.arch_irq_enable
                0x0000000000009dbc        0xa zephyr/arch/arch/arm/core/cortex_m/libarch__arm__core__cortex_m.a(irq_manage.c.obj)
                0x0000000000009dbc                arch_irq_enable
 .text.z_arm_irq_priority_set
                0x0000000000009dc6        0xc zephyr/arch/arch/arm/core/cortex_m/libarch__arm__core__cortex_m.a(irq_manage.c.obj)
                0x0000000000009dc6                z_arm_irq_priority_set
 .text.z_irq_spurious
                0x0000000000009dd2        0xc zephyr/arch/arch/arm/core/cortex_m/libarch__arm__core__cortex_m.a(irq_manage.c.obj)
                0x0000000000009dd2                z_irq_spurious
 .text.arch_irq_unlock_outlined
                0x0000000000009dde        0xe zephyr/arch/arch/arm/core/cortex_m/libarch__arm__core__cortex_m.a(thread.c.obj)
                0x0000000000009dde                arch_irq_unlock_outlined
 .text.arch_cpu_idle
                0x0000000000009dec       0x1a zephyr/arch/arch/arm/core/cortex_m/libarch__arm__core__cortex_m.a(cpu_idle.c.obj)
                0x0000000000009dec                arch_cpu_idle
 .text.arch_cpu_atomic_idle
                0x0000000000009e06       0x1e zephyr/arch/arch/arm/core/cortex_m/libarch__arm__core__cortex_m.a(cpu_idle.c.obj)
                0x0000000000009e06                arch_cpu_atomic_idle
 .text.mpu_partition_is_valid
                0x0000000000009e24       0x22 zephyr/arch/arch/arm/core/mpu/libarch__arm__core__mpu.a(arm_mpu.c.obj)
 .text.mpu_configure_region
                0x0000000000009e46       0x3e zephyr/arch/arch/arm/core/mpu/libarch__arm__core__mpu.a(arm_mpu.c.obj)
 .text.mpu_configure_regions_from_dt
                0x0000000000009e84      0x1b0 zephyr/arch/arch/arm/core/mpu/libarch__arm__core__mpu.a(arm_mpu.c.obj)
 .text.arm_core_mpu_configure_static_mpu_regions
                0x000000000000a034        0x8 zephyr/arch/arch/arm/core/mpu/libarch__arm__core__mpu.a(arm_mpu.c.obj)
                0x000000000000a034                arm_core_mpu_configure_static_mpu_regions
 .text.arm_core_mpu_configure_dynamic_mpu_regions
                0x000000000000a03c        0x8 zephyr/arch/arch/arm/core/mpu/libarch__arm__core__mpu.a(arm_mpu.c.obj)
                0x000000000000a03c                arm_core_mpu_configure_dynamic_mpu_regions
 .text.cbputc   0x000000000000a044        0xc zephyr/lib/libc/picolibc/liblib__libc__picolibc.a(cbprintf.c.obj)
 .text.picolibc_put
                0x000000000000a050        0xa zephyr/lib/libc/picolibc/liblib__libc__picolibc.a(stdio.c.obj)
 .text.sys_mutex_lock
                0x000000000000a05a        0x8 zephyr/lib/libc/common/liblib__libc__common.a(malloc.c.obj)
 .text.nrf52_errata_197
                0x000000000000a062       0x20 zephyr/soc/soc/nrf52840/libsoc__nordic.a(soc.c.obj)
 .text.nrf_clock_is_running
                0x000000000000a082       0x38 zephyr/drivers/clock_control/libdrivers__clock_control.a(clock_control_nrf.c.obj)
 .text.get_sub_data
                0x000000000000a0ba        0xe zephyr/drivers/clock_control/libdrivers__clock_control.a(clock_control_nrf.c.obj)
 .text.get_sub_config
                0x000000000000a0c8        0xc zephyr/drivers/clock_control/libdrivers__clock_control.a(clock_control_nrf.c.obj)
 .text.get_onoff_manager
                0x000000000000a0d4        0x8 zephyr/drivers/clock_control/libdrivers__clock_control.a(clock_control_nrf.c.obj)
 .text.get_status
                0x000000000000a0dc       0x10 zephyr/drivers/clock_control/libdrivers__clock_control.a(clock_control_nrf.c.obj)
 .text.set_off_state
                0x000000000000a0ec       0x30 zephyr/drivers/clock_control/libdrivers__clock_control.a(clock_control_nrf.c.obj)
 .text.set_starting_state
                0x000000000000a11c       0x3a zephyr/drivers/clock_control/libdrivers__clock_control.a(clock_control_nrf.c.obj)
 .text.set_on_state
                0x000000000000a156       0x24 zephyr/drivers/clock_control/libdrivers__clock_control.a(clock_control_nrf.c.obj)
 .text.clkstarted_handle
                0x000000000000a17a       0x24 zephyr/drivers/clock_control/libdrivers__clock_control.a(clock_control_nrf.c.obj)
 .text.stop     0x000000000000a19e       0x2a zephyr/drivers/clock_control/libdrivers__clock_control.a(clock_control_nrf.c.obj)
 .text.api_stop
                0x000000000000a1c8        0xa zephyr/drivers/clock_control/libdrivers__clock_control.a(clock_control_nrf.c.obj)
 .text.async_start
                0x000000000000a1d2       0x38 zephyr/drivers/clock_control/libdrivers__clock_control.a(clock_control_nrf.c.obj)
 .text.api_start
                0x000000000000a20a       0x10 zephyr/drivers/clock_control/libdrivers__clock_control.a(clock_control_nrf.c.obj)
 .text.onoff_started_callback
                0x000000000000a21a       0x10 zephyr/drivers/clock_control/libdrivers__clock_control.a(clock_control_nrf.c.obj)
 .text.hfclk_start
                0x000000000000a22a        0xa zephyr/drivers/clock_control/libdrivers__clock_control.a(clock_control_nrf.c.obj)
 .text.lfclk_start
                0x000000000000a234        0xa zephyr/drivers/clock_control/libdrivers__clock_control.a(clock_control_nrf.c.obj)
 .text.hfclk_stop
                0x000000000000a23e        0xa zephyr/drivers/clock_control/libdrivers__clock_control.a(clock_control_nrf.c.obj)
 .text.lfclk_stop
                0x000000000000a248        0xa zephyr/drivers/clock_control/libdrivers__clock_control.a(clock_control_nrf.c.obj)
 .text.k_msleep
                0x000000000000a252       0x2c zephyr/drivers/clock_control/libdrivers__clock_control.a(clock_control_nrf.c.obj)
 .text.blocking_start_callback
                0x000000000000a27e        0xa zephyr/drivers/clock_control/libdrivers__clock_control.a(clock_control_nrf.c.obj)
 .text.sys_slist_remove
                0x000000000000a288       0x26 zephyr/drivers/gpio/libdrivers__gpio.a(gpio_nrfx.c.obj)
 .text.sys_slist_find_and_remove
                0x000000000000a2ae       0x20 zephyr/drivers/gpio/libdrivers__gpio.a(gpio_nrfx.c.obj)
 .text.gpio_manage_callback
                0x000000000000a2ce       0x3e zephyr/drivers/gpio/libdrivers__gpio.a(gpio_nrfx.c.obj)
 .text.gpio_fire_callbacks
                0x000000000000a30c       0x40 zephyr/drivers/gpio/libdrivers__gpio.a(gpio_nrfx.c.obj)
 .text.has_gpiote
                0x000000000000a34c        0xa zephyr/drivers/gpio/libdrivers__gpio.a(gpio_nrfx.c.obj)
 .text.get_pull
                0x000000000000a356       0x18 zephyr/drivers/gpio/libdrivers__gpio.a(gpio_nrfx.c.obj)
 .text.gpio_nrfx_gpd_retain_set
                0x000000000000a36e        0x4 zephyr/drivers/gpio/libdrivers__gpio.a(gpio_nrfx.c.obj)
 .text.gpio_nrfx_gpd_retain_clear
                0x000000000000a372        0x4 zephyr/drivers/gpio/libdrivers__gpio.a(gpio_nrfx.c.obj)
 .text.gpio_nrfx_port_get_raw
                0x000000000000a376        0xe zephyr/drivers/gpio/libdrivers__gpio.a(gpio_nrfx.c.obj)
 .text.gpio_nrfx_port_set_masked_raw
                0x000000000000a384       0x34 zephyr/drivers/gpio/libdrivers__gpio.a(gpio_nrfx.c.obj)
 .text.gpio_nrfx_port_set_bits_raw
                0x000000000000a3b8       0x24 zephyr/drivers/gpio/libdrivers__gpio.a(gpio_nrfx.c.obj)
 .text.gpio_nrfx_port_clear_bits_raw
                0x000000000000a3dc       0x24 zephyr/drivers/gpio/libdrivers__gpio.a(gpio_nrfx.c.obj)
 .text.gpio_nrfx_port_toggle_bits
                0x000000000000a400       0x36 zephyr/drivers/gpio/libdrivers__gpio.a(gpio_nrfx.c.obj)
 .text.get_trigger
                0x000000000000a436       0x2c zephyr/drivers/gpio/libdrivers__gpio.a(gpio_nrfx.c.obj)
 .text.gpio_nrfx_manage_callback
                0x000000000000a462        0xc zephyr/drivers/gpio/libdrivers__gpio.a(gpio_nrfx.c.obj)
 .text.nrfx_gpio_handler
                0x000000000000a46e       0x1e zephyr/drivers/gpio/libdrivers__gpio.a(gpio_nrfx.c.obj)
 .text.pinctrl_lookup_state
                0x000000000000a48c       0x32 zephyr/drivers/pinctrl/libdrivers__pinctrl.a(common.c.obj)
                0x000000000000a48c                pinctrl_lookup_state
 .text.nrf_gpio_pin_write
                0x000000000000a4be       0x10 zephyr/drivers/pinctrl/libdrivers__pinctrl.a(pinctrl_nrf.c.obj)
 .text.pm_device_driver_init
                0x000000000000a4ce       0x24 zephyr/drivers/pwm/libdrivers__pwm.a(pwm_nrfx.c.obj)
 .text.nrf_gpio_pin_write
                0x000000000000a4f2       0x10 zephyr/drivers/pwm/libdrivers__pwm.a(pwm_nrfx.c.obj)
 .text.pwm_is_fast
                0x000000000000a502        0x4 zephyr/drivers/pwm/libdrivers__pwm.a(pwm_nrfx.c.obj)
 .text.seq_values_ptr_get
                0x000000000000a506        0x6 zephyr/drivers/pwm/libdrivers__pwm.a(pwm_nrfx.c.obj)
 .text.pwm_handler
                0x000000000000a50c        0x2 zephyr/drivers/pwm/libdrivers__pwm.a(pwm_nrfx.c.obj)
 .text.channel_psel_get
                0x000000000000a50e       0x14 zephyr/drivers/pwm/libdrivers__pwm.a(pwm_nrfx.c.obj)
 .text.pwm_nrfx_get_cycles_per_sec
                0x000000000000a522        0xc zephyr/drivers/pwm/libdrivers__pwm.a(pwm_nrfx.c.obj)
 .text.stop_pwm
                0x000000000000a52e        0xe zephyr/drivers/pwm/libdrivers__pwm.a(pwm_nrfx.c.obj)
 .text.pwm_nrfx_init0
                0x000000000000a53c       0x16 zephyr/drivers/pwm/libdrivers__pwm.a(pwm_nrfx.c.obj)
 .text.pinctrl_apply_state
                0x000000000000a552       0x20 zephyr/drivers/pwm/libdrivers__pwm.a(pwm_nrfx.c.obj)
 .text.pwm_resume
                0x000000000000a572       0x6a zephyr/drivers/pwm/libdrivers__pwm.a(pwm_nrfx.c.obj)
 .text.pwm_nrfx_pm_action
                0x000000000000a5dc       0x12 zephyr/drivers/pwm/libdrivers__pwm.a(pwm_nrfx.c.obj)
 .text.pm_device_driver_init
                0x000000000000a5ee       0x24 zephyr/drivers/serial/libdrivers__serial.a(uart_nrfx_uarte.c.obj)
 .text.endtx_isr
                0x000000000000a612       0x30 zephyr/drivers/serial/libdrivers__serial.a(uart_nrfx_uarte.c.obj)
 .text.uarte_nrfx_isr_int
                0x000000000000a642       0x22 zephyr/drivers/serial/libdrivers__serial.a(uart_nrfx_uarte.c.obj)
 .text.uarte_nrfx_err_check
                0x000000000000a664        0xe zephyr/drivers/serial/libdrivers__serial.a(uart_nrfx_uarte.c.obj)
 .text.is_tx_ready
                0x000000000000a672       0x28 zephyr/drivers/serial/libdrivers__serial.a(uart_nrfx_uarte.c.obj)
 .text.uarte_periph_enable
                0x000000000000a69a       0x26 zephyr/drivers/serial/libdrivers__serial.a(uart_nrfx_uarte.c.obj)
 .text.tx_start
                0x000000000000a6c0       0x24 zephyr/drivers/serial/libdrivers__serial.a(uart_nrfx_uarte.c.obj)
 .text.uarte_nrfx_poll_in
                0x000000000000a6e4       0x26 zephyr/drivers/serial/libdrivers__serial.a(uart_nrfx_uarte.c.obj)
 .text.k_msleep
                0x000000000000a70a       0x2c zephyr/drivers/serial/libdrivers__serial.a(uart_nrfx_uarte.c.obj)
 .text.wait_tx_ready
                0x000000000000a736       0x4a zephyr/drivers/serial/libdrivers__serial.a(uart_nrfx_uarte.c.obj)
 .text.pinctrl_apply_state
                0x000000000000a780       0x20 zephyr/drivers/serial/libdrivers__serial.a(uart_nrfx_uarte.c.obj)
 .text.uarte_pm_resume
                0x000000000000a7a0       0x16 zephyr/drivers/serial/libdrivers__serial.a(uart_nrfx_uarte.c.obj)
 .text.uarte_nrfx_pm_action
                0x000000000000a7b6       0x14 zephyr/drivers/serial/libdrivers__serial.a(uart_nrfx_uarte.c.obj)
 .text.uarte_tx_path_init
                0x000000000000a7ca       0x66 zephyr/drivers/serial/libdrivers__serial.a(uart_nrfx_uarte.c.obj)
 .text.uarte_0_init
                0x000000000000a830       0x1e zephyr/drivers/serial/libdrivers__serial.a(uart_nrfx_uarte.c.obj)
 .text.__nrfy_internal_rtc_event_handle
                0x000000000000a84e       0x3a zephyr/drivers/timer/libdrivers__timer.a(nrf_rtc_timer.c.obj)
 .text.__nrfy_internal_rtc_events_process
                0x000000000000a888       0x6c zephyr/drivers/timer/libdrivers__timer.a(nrf_rtc_timer.c.obj)
 .text.counter_sub
                0x000000000000a8f4        0x8 zephyr/drivers/timer/libdrivers__timer.a(nrf_rtc_timer.c.obj)
 .text.event_check
                0x000000000000a8fc       0x1a zephyr/drivers/timer/libdrivers__timer.a(nrf_rtc_timer.c.obj)
 .text.event_clear
                0x000000000000a916       0x18 zephyr/drivers/timer/libdrivers__timer.a(nrf_rtc_timer.c.obj)
 .text.absolute_time_to_cc
                0x000000000000a92e        0x6 zephyr/drivers/timer/libdrivers__timer.a(nrf_rtc_timer.c.obj)
 .text.full_int_lock
                0x000000000000a934       0x10 zephyr/drivers/timer/libdrivers__timer.a(nrf_rtc_timer.c.obj)
 .text.full_int_unlock
                0x000000000000a944        0xa zephyr/drivers/timer/libdrivers__timer.a(nrf_rtc_timer.c.obj)
 .text.compare_set
                0x000000000000a94e       0x38 zephyr/drivers/timer/libdrivers__timer.a(nrf_rtc_timer.c.obj)
 .text.sys_clock_cycle_get_32
                0x000000000000a986        0x8 zephyr/drivers/timer/libdrivers__timer.a(nrf_rtc_timer.c.obj)
                0x000000000000a986                sys_clock_cycle_get_32
 .text.hw_cc3xx_init_internal
                0x000000000000a98e        0x8 modules/nrf/drivers/hw_cc3xx/lib..__nrf__drivers__hw_cc3xx.a(hw_cc3xx.c.obj)
 .text.hw_cc3xx_init
                0x000000000000a996       0x10 modules/nrf/drivers/hw_cc3xx/lib..__nrf__drivers__hw_cc3xx.a(hw_cc3xx.c.obj)
 .text.nrf52_errata_36
                0x000000000000a9a6       0x14 modules/hal_nordic/modules/hal_nordic/nrfx/libmodules__hal_nordic__nrfx.a(system_nrf52840.c.obj)
 .text.nrf52_errata_66
                0x000000000000a9ba       0x14 modules/hal_nordic/modules/hal_nordic/nrfx/libmodules__hal_nordic__nrfx.a(system_nrf52840.c.obj)
 .text.nrf52_errata_98
                0x000000000000a9ce       0x26 modules/hal_nordic/modules/hal_nordic/nrfx/libmodules__hal_nordic__nrfx.a(system_nrf52840.c.obj)
 .text.nrf52_errata_103
                0x000000000000a9f4       0x26 modules/hal_nordic/modules/hal_nordic/nrfx/libmodules__hal_nordic__nrfx.a(system_nrf52840.c.obj)
 .text.nrf52_errata_115
                0x000000000000aa1a       0x26 modules/hal_nordic/modules/hal_nordic/nrfx/libmodules__hal_nordic__nrfx.a(system_nrf52840.c.obj)
 .text.nrf52_errata_120
                0x000000000000aa40       0x26 modules/hal_nordic/modules/hal_nordic/nrfx/libmodules__hal_nordic__nrfx.a(system_nrf52840.c.obj)
 .text.nrf52_errata_136
                0x000000000000aa66       0x14 modules/hal_nordic/modules/hal_nordic/nrfx/libmodules__hal_nordic__nrfx.a(system_nrf52840.c.obj)
 .text.nrf52_configuration_249
                0x000000000000aa7a       0x20 modules/hal_nordic/modules/hal_nordic/nrfx/libmodules__hal_nordic__nrfx.a(system_nrf52840.c.obj)
 .text.nrf52_handle_approtect
                0x000000000000aa9a       0x1a modules/hal_nordic/modules/hal_nordic/nrfx/libmodules__hal_nordic__nrfx.a(system_nrf52840.c.obj)
 .text.nrfx_isr
                0x000000000000aab4        0x6 modules/hal_nordic/modules/hal_nordic/nrfx/libmodules__hal_nordic__nrfx.a(nrfx_glue.c.obj)
                0x000000000000aab4                nrfx_isr
 .text.nrfx_busy_wait
                0x000000000000aaba        0x8 modules/hal_nordic/modules/hal_nordic/nrfx/libmodules__hal_nordic__nrfx.a(nrfx_glue.c.obj)
                0x000000000000aaba                nrfx_busy_wait
 .text.nrfx_flag32_is_allocated
                0x000000000000aac2        0xe modules/hal_nordic/modules/hal_nordic/nrfx/libmodules__hal_nordic__nrfx.a(nrfx_flag32_allocator.c.obj)