Archive member included to satisfy reference by file (symbol)

app/libapp.a(main.cpp.obj)    (--whole-archive)
app/libapp.a(ir_Panasonic.cpp.obj)
                              (--whole-archive)
app/libapp.a(IRsend.cpp.obj)  (--whole-archive)
app/libapp.a(IRutils.cpp.obj)
                              (--whole-archive)
app/libapp.a(ir_hal.c.obj)    (--whole-archive)
zephyr/libzephyr.a(cpp_dtors.c.obj)
                              (--whole-archive)
zephyr/libzephyr.a(heap.c.obj)
                              (--whole-archive)
zephyr/libzephyr.a(cbprintf_packaged.c.obj)
                              (--whole-archive)
zephyr/libzephyr.a(printk.c.obj)
                              (--whole-archive)
zephyr/libzephyr.a(sem.c.obj)
                              (--whole-archive)
zephyr/libzephyr.a(thread_entry.c.obj)
                              (--whole-archive)
zephyr/libzephyr.a(cbprintf_complete.c.obj)
                              (--whole-archive)
zephyr/libzephyr.a(assert.c.obj)
                              (--whole-archive)
zephyr/libzephyr.a(mpsc_pbuf.c.obj)
                              (--whole-archive)
zephyr/libzephyr.a(dec.c.obj)
                              (--whole-archive)
zephyr/libzephyr.a(hex.c.obj)
                              (--whole-archive)
zephyr/libzephyr.a(rb.c.obj)  (--whole-archive)
zephyr/libzephyr.a(timeutil.c.obj)
                              (--whole-archive)
zephyr/libzephyr.a(bitarray.c.obj)
                              (--whole-archive)
zephyr/libzephyr.a(onoff.c.obj)
                              (--whole-archive)
zephyr/libzephyr.a(notify.c.obj)
                              (--whole-archive)
zephyr/libzephyr.a(last_section_id.c.obj)
                              (--whole-archive)
zephyr/libzephyr.a(configs.c.obj)
                              (--whole-archive)
zephyr/libzephyr.a(thread_info.c.obj)
                              (--whole-archive)
zephyr/libzephyr.a(log_core.c.obj)
                              (--whole-archive)
zephyr/libzephyr.a(log_mgmt.c.obj)
                              (--whole-archive)
zephyr/libzephyr.a(log_cache.c.obj)
                              (--whole-archive)
zephyr/libzephyr.a(log_msg.c.obj)
                              (--whole-archive)
zephyr/libzephyr.a(log_output.c.obj)
                              (--whole-archive)
zephyr/libzephyr.a(log_backend_rtt.c.obj)
                              (--whole-archive)
zephyr/libzephyr.a(log_backend_uart.c.obj)
                              (--whole-archive)
zephyr/libzephyr.a(mem_attr.c.obj)
                              (--whole-archive)
zephyr/libzephyr.a(tracing_none.c.obj)
                              (--whole-archive)
zephyr/libzephyr.a(banner.c.obj)
                              (--whole-archive)
zephyr/libzephyr.a(flash_map_partition_manager.c.obj)
                              (--whole-archive)
zephyr/libzephyr.a(nrf_cc3xx_platform_abort_zephyr.c.obj)
                              (--whole-archive)
zephyr/libzephyr.a(nrf_cc3xx_platform_mutex_zephyr.c.obj)
                              (--whole-archive)
zephyr/arch/common/libarch__common.a(sw_isr_common.c.obj)
                              (--whole-archive)
zephyr/arch/arch/arm/core/libarch__arm__core.a(fatal.c.obj)
                              (--whole-archive)
zephyr/arch/arch/arm/core/libarch__arm__core.a(nmi.c.obj)
                              (--whole-archive)
zephyr/arch/arch/arm/core/libarch__arm__core.a(nmi_on_reset.S.obj)
                              (--whole-archive)
zephyr/arch/arch/arm/core/libarch__arm__core.a(__aeabi_atexit.c.obj)
                              (--whole-archive)
zephyr/arch/arch/arm/core/libarch__arm__core.a(tls.c.obj)
                              (--whole-archive)
zephyr/arch/arch/arm/core/cortex_m/libarch__arm__core__cortex_m.a(exc_exit.c.obj)
                              (--whole-archive)
zephyr/arch/arch/arm/core/cortex_m/libarch__arm__core__cortex_m.a(fault.c.obj)
                              (--whole-archive)
zephyr/arch/arch/arm/core/cortex_m/libarch__arm__core__cortex_m.a(fault_s.S.obj)
                              (--whole-archive)
zephyr/arch/arch/arm/core/cortex_m/libarch__arm__core__cortex_m.a(fpu.c.obj)
                              (--whole-archive)
zephyr/arch/arch/arm/core/cortex_m/libarch__arm__core__cortex_m.a(reset.S.obj)
                              (--whole-archive)
zephyr/arch/arch/arm/core/cortex_m/libarch__arm__core__cortex_m.a(scb.c.obj)
                              (--whole-archive)
zephyr/arch/arch/arm/core/cortex_m/libarch__arm__core__cortex_m.a(thread_abort.c.obj)
                              (--whole-archive)
zephyr/arch/arch/arm/core/cortex_m/libarch__arm__core__cortex_m.a(vector_table.S.obj)
                              (--whole-archive)
zephyr/arch/arch/arm/core/cortex_m/libarch__arm__core__cortex_m.a(swap_helper.S.obj)
                              (--whole-archive)
zephyr/arch/arch/arm/core/cortex_m/libarch__arm__core__cortex_m.a(irq_manage.c.obj)
[...]
Memory Configuration

Name             Origin             Length             Attributes
FLASH            0x0000000000000000 0x0000000000100000 xr
RAM              0x0000000020000000 0x0000000000040000 xw
IDT_LIST         0x00000000ffff7fff 0x0000000000008000 xw
*default*        0x0000000000000000 0xffffffffffffffff

Linker script and memory map

                0x00000000000071ec                vfprintf = __d_vfprintf
                0x0000000000000000                vfscanf = __d_vfscanf
LOAD zephyr/CMakeFiles/zephyr_final.dir/misc/empty_file.c.obj
LOAD zephyr/CMakeFiles/zephyr_final.dir/isr_tables.c.obj
LOAD zephyr/CMakeFiles/offsets.dir/./arch/arm/core/offsets/offsets.c.obj
LOAD app/libapp.a
LOAD zephyr/libzephyr.a
LOAD zephyr/arch/common/libarch__common.a
LOAD zephyr/arch/arch/arm/core/libarch__arm__core.a
LOAD zephyr/arch/arch/arm/core/cortex_m/libarch__arm__core__cortex_m.a
LOAD zephyr/arch/arch/arm/core/mpu/libarch__arm__core__mpu.a
LOAD zephyr/lib/libc/picolibc/liblib__libc__picolibc.a
LOAD zephyr/lib/libc/common/liblib__libc__common.a
LOAD zephyr/soc/soc/nrf52840/libsoc__nordic.a
LOAD zephyr/drivers/clock_control/libdrivers__clock_control.a
LOAD zephyr/drivers/console/libdrivers__console.a
LOAD zephyr/drivers/gpio/libdrivers__gpio.a
LOAD zephyr/drivers/pinctrl/libdrivers__pinctrl.a
LOAD zephyr/drivers/serial/libdrivers__serial.a
LOAD zephyr/drivers/timer/libdrivers__timer.a
LOAD modules/nrf/drivers/hw_cc3xx/lib..__nrf__drivers__hw_cc3xx.a
LOAD modules/hal_nordic/modules/hal_nordic/nrfx/libmodules__hal_nordic__nrfx.a
LOAD modules/segger/libmodules__segger.a
LOAD zephyr/kernel/libkernel.a
LOAD zephyr/arch/common/libisr_tables.a
LOAD C:/ncs/v3.0.2/nrfxlib/crypto/nrf_cc310_platform/lib/cortex-m4/soft-float/no-interrupts/libnrf_cc310_platform_0.9.19.a
LOAD c:\ncs\toolchains\0b393f9e1b\opt\zephyr-sdk\arm-zephyr-eabi\bin\../lib/gcc/../../picolibc/arm-zephyr-eabi/lib/thumb/v7e-m/nofp\libstdc++.a
LOAD c:\ncs\toolchains\0b393f9e1b\opt\zephyr-sdk\arm-zephyr-eabi\bin\../lib/gcc/../../picolibc/arm-zephyr-eabi/lib/thumb/v7e-m/nofp\libc.a
LOAD c:/ncs/toolchains/0b393f9e1b/opt/zephyr-sdk/arm-zephyr-eabi/bin/../lib/gcc/arm-zephyr-eabi/12.2.0/thumb/v7e-m/nofp\libgcc.a
                0x0000000000000020                _region_min_align = 0x20

.rel.plt        0x0000000000000000        0x0
 *(SORT_BY_ALIGNMENT(.rel.plt))
                [!provide]                        PROVIDE (__rel_iplt_start = .)
 *(SORT_BY_ALIGNMENT(.rel.iplt))
 .rel.iplt      0x0000000000000000        0x0 zephyr/CMakeFiles/zephyr_final.dir/isr_tables.c.obj
                [!provide]                        PROVIDE (__rel_iplt_end = .)

.rela.plt       0x0000000000000000        0x0
 *(SORT_BY_ALIGNMENT(.rela.plt))
                [!provide]                        PROVIDE (__rela_iplt_start = .)
 *(SORT_BY_ALIGNMENT(.rela.iplt))
                [!provide]                        PROVIDE (__rela_iplt_end = .)

.rel.dyn
 *(SORT_BY_ALIGNMENT(.rel.*))

.rela.dyn
 *(SORT_BY_ALIGNMENT(.rela.*))

/DISCARD/
 *(SORT_BY_ALIGNMENT(.plt))

/DISCARD/
 *(SORT_BY_ALIGNMENT(.iplt))
                0x0000000000000000                __rom_region_start = 0x0

rom_start       0x0000000000000000      0x100
                0x0000000000000000                __rom_start_address = .
 FILL mask 0x00
                0x0000000000000000                . = (. + (0x0 - (. - __rom_start_address)))
                0x0000000000000000                . = ALIGN (0x4)
                0x0000000000000000                . = ALIGN (0x80)
                0x0000000000000000                . = ALIGN (0x100)
                0x0000000000000000                _vector_start = .
 *(SORT_BY_ALIGNMENT(.exc_vector_table))
 *(SORT_BY_ALIGNMENT(.exc_vector_table.*))
 .exc_vector_table._vector_table_section
                0x0000000000000000       0x40 zephyr/arch/arch/arm/core/cortex_m/libarch__arm__core__cortex_m.a(vector_table.S.obj)
                0x0000000000000000                _vector_table
 *(SORT_BY_ALIGNMENT(.vectors))
                0x0000000000000100                _vector_end = .
                0x0000000000000040                . = ALIGN (0x4)
 *(SORT_BY_ALIGNMENT(.gnu.linkonce.irq_vector_table*))
 .gnu.linkonce.irq_vector_table
                0x0000000000000040       0xc0 zephyr/CMakeFiles/zephyr_final.dir/isr_tables.c.obj
                0x0000000000000040                _irq_vector_table
                0x0000000000000100                _vector_end = .

text            0x0000000000000100     0xba84
                0x0000000000000100                __text_region_start = .
 *(SORT_BY_ALIGNMENT(.text))
 .text          0x0000000000000100       0x30 c:/ncs/toolchains/0b393f9e1b/opt/zephyr-sdk/arm-zephyr-eabi/bin/../lib/gcc/arm-zephyr-eabi/12.2.0/thumb/v7e-m/nofp\libgcc.a(_aeabi_uldivmod.o)
                0x0000000000000100                __aeabi_uldivmod
 .text          0x0000000000000130        0x4 c:/ncs/toolchains/0b393f9e1b/opt/zephyr-sdk/arm-zephyr-eabi/bin/../lib/gcc/arm-zephyr-eabi/12.2.0/thumb/v7e-m/nofp\libgcc.a(_dvmd_tls.o)
                0x0000000000000130                __aeabi_idiv0
                0x0000000000000130                __aeabi_ldiv0
 .text          0x0000000000000134       0x10 c:\ncs\toolchains\0b393f9e1b\opt\zephyr-sdk\arm-zephyr-eabi\bin\../lib/gcc/../../picolibc/arm-zephyr-eabi/lib/thumb/v7e-m/nofp\libc.a(strlen.S.o)
                0x0000000000000134                strlen
 .text          0x0000000000000144      0x2a0 c:/ncs/toolchains/0b393f9e1b/opt/zephyr-sdk/arm-zephyr-eabi/bin/../lib/gcc/arm-zephyr-eabi/12.2.0/thumb/v7e-m/nofp\libgcc.a(_udivmoddi4.o)
                0x0000000000000144                __udivmoddi4
 *(SORT_BY_ALIGNMENT(.text.*))
 .text._Z41__static_initialization_and_destruction_0ii
                0x00000000000003e4       0x34 app/libapp.a(main.cpp.obj)
 .text.main     0x0000000000000418       0x68 app/libapp.a(main.cpp.obj)
                0x0000000000000418                main
 .text._ZN6IRsend15sendPanasonicACEPKhtt
                0x0000000000000480       0xa4 app/libapp.a(ir_Panasonic.cpp.obj)
                0x0000000000000480                IRsend::sendPanasonicAC(unsigned char const*, unsigned short, unsigned short)
 .text._ZN13IRPanasonicAc10stateResetEv
                0x0000000000000524       0x44 app/libapp.a(ir_Panasonic.cpp.obj)
                0x0000000000000524                IRPanasonicAc::stateReset()
 .text._ZN13IRPanasonicAc7setTempEhb
                0x0000000000000568       0x4c app/libapp.a(ir_Panasonic.cpp.obj)
                0x0000000000000568                IRPanasonicAc::setTemp(unsigned char, bool)
 .text._ZN13IRPanasonicAc16setSwingVerticalEh
                0x00000000000005b4       0x4c app/libapp.a(ir_Panasonic.cpp.obj)
                0x00000000000005b4                IRPanasonicAc::setSwingVertical(unsigned char)
 .text.nrf_gpio_cfg
                0x0000000000000600       0x50 app/libapp.a(ir_hal.c.obj)
 .text.pwm_init
                0x0000000000000650       0x90 app/libapp.a(ir_hal.c.obj)
 .text.timer_handler
                0x00000000000006e0       0x3c app/libapp.a(ir_hal.c.obj)
 .text.ppi_init
                0x000000000000071c       0x2c app/libapp.a(ir_hal.c.obj)
 .text.timer_init
                0x0000000000000748       0x6c app/libapp.a(ir_hal.c.obj)
 .text.ir_hw_init
                0x00000000000007b4       0x20 app/libapp.a(ir_hal.c.obj)
                0x00000000000007b4                ir_hw_init
 .text.ir_mark  0x00000000000007d4       0x64 app/libapp.a(ir_hal.c.obj)
                0x00000000000007d4                ir_mark
 .text.ir_space
                0x0000000000000838       0x4c app/libapp.a(ir_hal.c.obj)
                0x0000000000000838                ir_space
 .text.cbvprintf_package
                0x0000000000000884      0x4b4 zephyr/libzephyr.a(cbprintf_packaged.c.obj)
                0x0000000000000884                cbvprintf_package
 .text.cbprintf_package_convert
                0x0000000000000d38      0x4c4 zephyr/libzephyr.a(cbprintf_packaged.c.obj)
                0x0000000000000d38                cbprintf_package_convert
 .text.__printk_hook_install
                0x00000000000011fc        0xc zephyr/libzephyr.a(printk.c.obj)
                0x00000000000011fc                __printk_hook_install
 .text.z_thread_entry
                0x0000000000001208       0x34 zephyr/libzephyr.a(thread_entry.c.obj)
                0x0000000000001208                z_thread_entry
 .text.process_event
                0x000000000000123c      0x16c zephyr/libzephyr.a(onoff.c.obj)
 .text.msg_process
                0x00000000000013a8       0x3c zephyr/libzephyr.a(log_core.c.obj)
 .text.log_backend_notify_all
                0x00000000000013e4       0x30 zephyr/libzephyr.a(log_core.c.obj)
 .text.activate_foreach_backend
                0x0000000000001414       0x64 zephyr/libzephyr.a(log_core.c.obj)
 .text.z_log_init
                0x0000000000001478       0x98 zephyr/libzephyr.a(log_core.c.obj)
 .text.thread_set
                0x0000000000001510       0x28 zephyr/libzephyr.a(log_core.c.obj)
 .text.log_process_thread_timer_expiry_fn
                0x0000000000001538       0x10 zephyr/libzephyr.a(log_core.c.obj)
 .text.enable_logger
                0x0000000000001548       0x5c zephyr/libzephyr.a(log_core.c.obj)
 .text.log_format_func_t_get
                0x00000000000015a4        0xc zephyr/libzephyr.a(log_core.c.obj)
                0x00000000000015a4                log_format_func_t_get
 .text.log_set_timestamp_func
                0x00000000000015b0       0x24 zephyr/libzephyr.a(log_core.c.obj)
                0x00000000000015b0                log_set_timestamp_func
 .text.z_log_notify_backend_enabled
                0x00000000000015d4       0x20 zephyr/libzephyr.a(log_core.c.obj)
                0x00000000000015d4                z_log_notify_backend_enabled
 .text.z_log_dropped
                0x00000000000015f4       0x54 zephyr/libzephyr.a(log_core.c.obj)
                0x00000000000015f4                z_log_dropped
 .text.z_log_dropped_read_and_clear
                0x0000000000001648       0x20 zephyr/libzephyr.a(log_core.c.obj)
                0x0000000000001648                z_log_dropped_read_and_clear
 .text.dropped_notify
                0x0000000000001668       0x38 zephyr/libzephyr.a(log_core.c.obj)
                0x0000000000001668                dropped_notify
 .text.z_log_dropped_pending
                0x00000000000016a0       0x14 zephyr/libzephyr.a(log_core.c.obj)
                0x00000000000016a0                z_log_dropped_pending
 .text.z_log_msg_init
                0x00000000000016b4       0x20 zephyr/libzephyr.a(log_core.c.obj)
                0x00000000000016b4                z_log_msg_init
 .text.log_core_init
                0x00000000000016d4       0x30 zephyr/libzephyr.a(log_core.c.obj)
                0x00000000000016d4                log_core_init
 .text.z_log_msg_alloc
                0x0000000000001704       0x10 zephyr/libzephyr.a(log_core.c.obj)
                0x0000000000001704                z_log_msg_alloc
 .text.z_log_msg_local_claim
                0x0000000000001714       0x10 zephyr/libzephyr.a(log_core.c.obj)
                0x0000000000001714                z_log_msg_local_claim
 .text.z_log_msg_free
                0x0000000000001724       0x14 zephyr/libzephyr.a(log_core.c.obj)
                0x0000000000001724                z_log_msg_free
 .text.z_log_msg_pending
                0x0000000000001738       0x10 zephyr/libzephyr.a(log_core.c.obj)
                0x0000000000001738                z_log_msg_pending
 .text.z_impl_log_process
                0x0000000000001748       0xbc zephyr/libzephyr.a(log_core.c.obj)
                0x0000000000001748                z_impl_log_process
 .text.z_impl_log_panic
                0x0000000000001804       0x4c zephyr/libzephyr.a(log_core.c.obj)
                0x0000000000001804                z_impl_log_panic
 .text.z_log_msg_post_finalize
                0x0000000000001850       0x84 zephyr/libzephyr.a(log_core.c.obj)
 .text.z_log_msg_commit
                0x00000000000018d4       0x20 zephyr/libzephyr.a(log_core.c.obj)
                0x00000000000018d4                z_log_msg_commit
 .text.log_process_thread_func
                0x00000000000018f4       0x78 zephyr/libzephyr.a(log_core.c.obj)
 .text.log_src_cnt_get
                0x000000000000196c       0x14 zephyr/libzephyr.a(log_mgmt.c.obj)
                0x000000000000196c                log_src_cnt_get
 .text.log_source_name_get
                0x0000000000001980       0x1c zephyr/libzephyr.a(log_mgmt.c.obj)
                0x0000000000001980                log_source_name_get
 .text.log_backend_enable
                0x000000000000199c       0x2c zephyr/libzephyr.a(log_mgmt.c.obj)
                0x000000000000199c                log_backend_enable
 .text.cbprintf_package_copy
                0x00000000000019c8       0x30 zephyr/libzephyr.a(log_msg.c.obj)
 .text.z_impl_z_log_msg_static_create
                0x00000000000019f8      0x158 zephyr/libzephyr.a(log_msg.c.obj)
                0x00000000000019f8                z_impl_z_log_msg_static_create
 .text.z_log_msg_runtime_vcreate
                0x0000000000001b50       0xac zephyr/libzephyr.a(log_msg.c.obj)
                0x0000000000001b50                z_log_msg_runtime_vcreate
 .text.log_msg_get_source_id
                0x0000000000001bfc       0x18 zephyr/libzephyr.a(log_msg.c.obj)
                0x0000000000001bfc                log_msg_get_source_id
 .text.print_formatted
                0x0000000000001c14       0x24 zephyr/libzephyr.a(log_output.c.obj)
 .text.timestamp_print
                0x0000000000001c38       0x8c zephyr/libzephyr.a(log_output.c.obj)
 .text.color_print
                0x0000000000001cc4       0x2c zephyr/libzephyr.a(log_output.c.obj)
 .text.ids_print
                0x0000000000001cf0       0x70 zephyr/libzephyr.a(log_output.c.obj)
 .text.prefix_print
                0x0000000000001d60       0x88 zephyr/libzephyr.a(log_output.c.obj)
 .text.newline_print
                0x0000000000001de8       0x28 zephyr/libzephyr.a(log_output.c.obj)
 .text.hexdump_line_print
                0x0000000000001e10       0xc4 zephyr/libzephyr.a(log_output.c.obj)
 .text.log_output_process
                0x0000000000001ed4       0x88 zephyr/libzephyr.a(log_output.c.obj)
                0x0000000000001ed4                log_output_process
 .text.log_output_dropped_process
                0x0000000000001f5c       0x84 zephyr/libzephyr.a(log_output.c.obj)
                0x0000000000001f5c                log_output_dropped_process
 .text.log_output_timestamp_freq_set
                0x0000000000001fe0       0x2c zephyr/libzephyr.a(log_output.c.obj)
                0x0000000000001fe0                log_output_timestamp_freq_set
 .text.log_backend_rtt_init
                0x000000000000200c       0x1c zephyr/libzephyr.a(log_backend_rtt.c.obj)
 .text.panic    0x0000000000002028       0x18 zephyr/libzephyr.a(log_backend_rtt.c.obj)
 .text.format_set
                0x0000000000002040        0xc zephyr/libzephyr.a(log_backend_rtt.c.obj)
 .text.on_failed_write
                0x000000000000204c       0x2c zephyr/libzephyr.a(log_backend_rtt.c.obj)
 .text.on_write
                0x0000000000002078       0x38 zephyr/libzephyr.a(log_backend_rtt.c.obj)
 .text.data_out_block_mode
                0x00000000000020b0       0x7c zephyr/libzephyr.a(log_backend_rtt.c.obj)
 .text.dropped  0x000000000000212c       0x10 zephyr/libzephyr.a(log_backend_rtt.c.obj)
 .text.process  0x000000000000213c       0x20 zephyr/libzephyr.a(log_backend_rtt.c.obj)
 .text.char_out
                0x000000000000215c       0x24 zephyr/libzephyr.a(log_backend_uart.c.obj)
 .text.mem_attr_get_regions
                0x0000000000002180        0xc zephyr/libzephyr.a(mem_attr.c.obj)
                0x0000000000002180                mem_attr_get_regions
 .text.boot_banner
                0x000000000000218c       0x18 zephyr/libzephyr.a(banner.c.obj)
                0x000000000000218c                boot_banner
 .text.nrf_cc3xx_platform_abort_init
                0x00000000000021a4       0x10 zephyr/libzephyr.a(nrf_cc3xx_platform_abort_zephyr.c.obj)
                0x00000000000021a4                nrf_cc3xx_platform_abort_init
 .text.mutex_flags_unknown
                0x00000000000021b4       0x50 zephyr/libzephyr.a(nrf_cc3xx_platform_mutex_zephyr.c.obj)
 .text.mutex_unlock_platform
                0x0000000000002204       0x58 zephyr/libzephyr.a(nrf_cc3xx_platform_mutex_zephyr.c.obj)
 .text.mutex_lock_platform
                0x000000000000225c       0x64 zephyr/libzephyr.a(nrf_cc3xx_platform_mutex_zephyr.c.obj)
 .text.mutex_free_platform
                0x00000000000022c0       0x5c zephyr/libzephyr.a(nrf_cc3xx_platform_mutex_zephyr.c.obj)
 .text.mutex_init_platform
                0x000000000000231c       0x88 zephyr/libzephyr.a(nrf_cc3xx_platform_mutex_zephyr.c.obj)
 .text.nrf_cc3xx_platform_mutex_init
                0x00000000000023a4       0x28 zephyr/libzephyr.a(nrf_cc3xx_platform_mutex_zephyr.c.obj)
                0x00000000000023a4                nrf_cc3xx_platform_mutex_init
 .text.esf_dump
                0x00000000000023cc      0x160 zephyr/arch/arch/arm/core/libarch__arm__core.a(fatal.c.obj)
 .text.z_arm_fatal_error
                0x000000000000252c       0x38 zephyr/arch/arch/arm/core/libarch__arm__core.a(fatal.c.obj)
                0x000000000000252c                z_arm_fatal_error
 .text.z_SysNmiOnReset
                0x0000000000002564        0x8 zephyr/arch/arch/arm/core/libarch__arm__core.a(nmi_on_reset.S.obj)
                0x0000000000002564                z_SysNmiOnReset
 .text.z_tls_copy
                0x000000000000256c       0x28 zephyr/arch/arch/arm/core/libarch__arm__core.a(tls.c.obj)
 .text.arch_tls_stack_setup
                0x0000000000002594       0x28 zephyr/arch/arch/arm/core/libarch__arm__core.a(tls.c.obj)
                0x0000000000002594                arch_tls_stack_setup
 .text._HandlerModeExit
                0x00000000000025bc       0x28 zephyr/arch/arch/arm/core/cortex_m/libarch__arm__core__cortex_m.a(exc_exit.c.obj)
                0x00000000000025bc                z_arm_int_exit
                0x00000000000025bc                z_arm_exc_exit
 .text.z_arm_is_synchronous_svc
                0x00000000000025e4       0x3c zephyr/arch/arch/arm/core/cortex_m/libarch__arm__core__cortex_m.a(fault.c.obj)
 .text.get_esf  0x0000000000002620       0x48 zephyr/arch/arch/arm/core/cortex_m/libarch__arm__core__cortex_m.a(fault.c.obj)
 .text.usage_fault
                0x0000000000002668       0xd4 zephyr/arch/arch/arm/core/cortex_m/libarch__arm__core__cortex_m.a(fault.c.obj)
 .text.debug_monitor
                0x000000000000273c       0x1c zephyr/arch/arch/arm/core/cortex_m/libarch__arm__core__cortex_m.a(fault.c.obj)
 .text.reserved_exception
                0x0000000000002758       0xd8 zephyr/arch/arch/arm/core/cortex_m/libarch__arm__core__cortex_m.a(fault.c.obj)
 .text.bus_fault
                0x0000000000002830      0x110 zephyr/arch/arch/arm/core/cortex_m/libarch__arm__core__cortex_m.a(fault.c.obj)
 .text.mem_manage_fault
                0x0000000000002940      0x148 zephyr/arch/arch/arm/core/cortex_m/libarch__arm__core__cortex_m.a(fault.c.obj)
 .text.hard_fault
                0x0000000000002a88       0xd0 zephyr/arch/arch/arm/core/cortex_m/libarch__arm__core__cortex_m.a(fault.c.obj)
 .text.z_arm_fault
                0x0000000000002b58       0x88 zephyr/arch/arch/arm/core/cortex_m/libarch__arm__core__cortex_m.a(fault.c.obj)
                0x0000000000002b58                z_arm_fault
 .text.z_arm_fault_init
                0x0000000000002be0       0x18 zephyr/arch/arch/arm/core/cortex_m/libarch__arm__core__cortex_m.a(fault.c.obj)
                0x0000000000002be0                z_arm_fault_init
 .text.__fault  0x0000000000002bf8       0x14 zephyr/arch/arch/arm/core/cortex_m/libarch__arm__core__cortex_m.a(fault_s.S.obj)
                0x0000000000002bf8                z_arm_usage_fault
                0x0000000000002bf8                z_arm_mpu_fault
                0x0000000000002bf8                z_arm_exc_spurious
                0x0000000000002bf8                z_arm_debug_monitor
                0x0000000000002bf8                z_arm_hard_fault
                0x0000000000002bf8                z_arm_bus_fault
 .text._reset_section
                0x0000000000002c0c       0x60 zephyr/arch/arch/arm/core/cortex_m/libarch__arm__core__cortex_m.a(reset.S.obj)
                0x0000000000002c0c                __start
                0x0000000000002c0c                z_arm_reset
 .text.z_arm_clear_arm_mpu_config
                0x0000000000002c6c       0x28 zephyr/arch/arch/arm/core/cortex_m/libarch__arm__core__cortex_m.a(scb.c.obj)
                0x0000000000002c6c                z_arm_clear_arm_mpu_config
 .text.z_arm_init_arch_hw_at_boot
                0x0000000000002c94       0x54 zephyr/arch/arch/arm/core/cortex_m/libarch__arm__core__cortex_m.a(scb.c.obj)
                0x0000000000002c94                z_arm_init_arch_hw_at_boot
 .text.z_impl_k_thread_abort
                0x0000000000002ce8       0x34 zephyr/arch/arch/arm/core/cortex_m/libarch__arm__core__cortex_m.a(thread_abort.c.obj)
                0x0000000000002ce8                z_impl_k_thread_abort
 .text.z_arm_pendsv
                0x0000000000002d1c       0x68 zephyr/arch/arch/arm/core/cortex_m/libarch__arm__core__cortex_m.a(swap_helper.S.obj)
                0x0000000000002d1c                z_arm_pendsv
 .text.z_arm_svc
                0x0000000000002d84       0x24 zephyr/arch/arch/arm/core/cortex_m/libarch__arm__core__cortex_m.a(swap_helper.S.obj)
                0x0000000000002d84                z_arm_svc
 .text.__NVIC_EnableIRQ
                0x0000000000002da8       0x1c zephyr/arch/arch/arm/core/cortex_m/libarch__arm__core__cortex_m.a(irq_manage.c.obj)
 .text.__NVIC_SetPriority
                0x0000000000002dc4       0x28 zephyr/arch/arch/arm/core/cortex_m/libarch__arm__core__cortex_m.a(irq_manage.c.obj)
 .text.arch_irq_is_enabled
                0x0000000000002dec       0x1c zephyr/arch/arch/arm/core/cortex_m/libarch__arm__core__cortex_m.a(irq_manage.c.obj)
                0x0000000000002dec                arch_irq_is_enabled
 .text.z_prep_c
                0x0000000000002e08       0x38 zephyr/arch/arch/arm/core/cortex_m/libarch__arm__core__cortex_m.a(prep_c.c.obj)
                0x0000000000002e08                z_prep_c
 .text.arch_new_thread
                0x0000000000002e40       0x44 zephyr/arch/arch/arm/core/cortex_m/libarch__arm__core__cortex_m.a(thread.c.obj)
                0x0000000000002e40                arch_new_thread
 .text.z_check_thread_stack_fail
                0x0000000000002e84       0x48 zephyr/arch/arch/arm/core/cortex_m/libarch__arm__core__cortex_m.a(thread.c.obj)
                0x0000000000002e84                z_check_thread_stack_fail
 .text.arch_switch_to_main_thread
                0x0000000000002ecc       0x40 zephyr/arch/arch/arm/core/cortex_m/libarch__arm__core__cortex_m.a(thread.c.obj)
                0x0000000000002ecc                arch_switch_to_main_thread
 .text.z_arm_cpu_idle_init
                0x0000000000002f0c        0xc zephyr/arch/arch/arm/core/cortex_m/libarch__arm__core__cortex_m.a(cpu_idle.c.obj)
                0x0000000000002f0c                z_arm_cpu_idle_init
 .text.z_arm_interrupt_init
                0x0000000000002f18       0x34 zephyr/arch/arch/arm/core/cortex_m/libarch__arm__core__cortex_m.a(irq_init.c.obj)
                0x0000000000002f18                z_arm_interrupt_init
 .text._isr_wrapper
                0x0000000000002f4c       0x20 zephyr/arch/arch/arm/core/cortex_m/libarch__arm__core__cortex_m.a(isr_wrapper.c.obj)
                0x0000000000002f4c                _isr_wrapper
 .text.z_arm_configure_static_mpu_regions
                0x0000000000002f6c       0x1c zephyr/arch/arch/arm/core/mpu/libarch__arm__core__mpu.a(arm_core_mpu.c.obj)
                0x0000000000002f6c                z_arm_configure_static_mpu_regions
 .text.z_arm_configure_dynamic_mpu_regions
                0x0000000000002f88       0x24 zephyr/arch/arch/arm/core/mpu/libarch__arm__core__mpu.a(arm_core_mpu.c.obj)
                0x0000000000002f88                z_arm_configure_dynamic_mpu_regions
 .text.region_init
                0x0000000000002fac       0x28 zephyr/arch/arch/arm/core/mpu/libarch__arm__core__mpu.a(arm_mpu.c.obj)
 .text.region_allocate_and_init
                0x0000000000002fd4       0x3c zephyr/arch/arch/arm/core/mpu/libarch__arm__core__mpu.a(arm_mpu.c.obj)
 .text.mpu_configure_regions
                0x0000000000003010       0x64 zephyr/arch/arch/arm/core/mpu/libarch__arm__core__mpu.a(arm_mpu.c.obj)
 .text.mpu_configure_static_mpu_regions
                0x0000000000003074       0x14 zephyr/arch/arch/arm/core/mpu/libarch__arm__core__mpu.a(arm_mpu.c.obj)
 .text.mpu_configure_dynamic_mpu_regions
                0x0000000000003088       0x3c zephyr/arch/arch/arm/core/mpu/libarch__arm__core__mpu.a(arm_mpu.c.obj)
 .text.arm_core_mpu_enable
                0x00000000000030c4       0x18 zephyr/arch/arch/arm/core/mpu/libarch__arm__core__mpu.a(arm_mpu.c.obj)
                0x00000000000030c4                arm_core_mpu_enable
 .text.arm_core_mpu_disable
                0x00000000000030dc       0x14 zephyr/arch/arch/arm/core/mpu/libarch__arm__core__mpu.a(arm_mpu.c.obj)
                0x00000000000030dc                arm_core_mpu_disable
 .text.z_arm_mpu_init
                0x00000000000030f0       0x80 zephyr/arch/arch/arm/core/mpu/libarch__arm__core__mpu.a(arm_mpu.c.obj)
                0x00000000000030f0                z_arm_mpu_init
 .text.cbvprintf
                0x0000000000003170       0x34 zephyr/lib/libc/picolibc/liblib__libc__picolibc.a(cbprintf.c.obj)
                0x0000000000003170                cbvprintf
 .text.z_impl_zephyr_fputc
                0x00000000000031a4       0x10 zephyr/lib/libc/picolibc/liblib__libc__picolibc.a(stdio.c.obj)
                0x00000000000031a4                z_impl_zephyr_fputc
 .text.__stdout_hook_install
                0x00000000000031b4       0x18 zephyr/lib/libc/picolibc/liblib__libc__picolibc.a(stdio.c.obj)
                0x00000000000031b4                __stdout_hook_install
 .text.malloc_lock
                0x00000000000031cc       0x18 zephyr/lib/libc/common/liblib__libc__common.a(malloc.c.obj)
 .text.malloc_prepare
                0x00000000000031e4       0x24 zephyr/lib/libc/common/liblib__libc__common.a(malloc.c.obj)
 .text.malloc   0x0000000000003208       0x3c zephyr/lib/libc/common/liblib__libc__common.a(malloc.c.obj)
                0x0000000000003208                malloc
 .text.nordicsemi_nrf52_init
                0x0000000000003244       0x34 zephyr/soc/soc/nrf52840/libsoc__nordic.a(soc.c.obj)
 .text.arch_busy_wait
                0x0000000000003278       0x18 zephyr/soc/soc/nrf52840/libsoc__nordic.a(soc.c.obj)
                0x0000000000003278                arch_busy_wait
 .text.get_hf_flags
                0x0000000000003290        0x8 zephyr/drivers/clock_control/libdrivers__clock_control.a(clock_control_nrf.c.obj)
 .text.get_subsys
                0x0000000000003298        0xc zephyr/drivers/clock_control/libdrivers__clock_control.a(clock_control_nrf.c.obj)
 .text.onoff_stop
                0x00000000000032a4       0x20 zephyr/drivers/clock_control/libdrivers__clock_control.a(clock_control_nrf.c.obj)
 .text.onoff_start
                0x00000000000032c4       0x34 zephyr/drivers/clock_control/libdrivers__clock_control.a(clock_control_nrf.c.obj)
 .text.clock_event_handler
                0x00000000000032f8       0x34 zephyr/drivers/clock_control/libdrivers__clock_control.a(clock_control_nrf.c.obj)
 .text.generic_hfclk_start
                0x000000000000332c       0x70 zephyr/drivers/clock_control/libdrivers__clock_control.a(clock_control_nrf.c.obj)
 .text.generic_hfclk_stop
                0x000000000000339c       0x34 zephyr/drivers/clock_control/libdrivers__clock_control.a(clock_control_nrf.c.obj)
 .text.lfclk_spinwait
                0x00000000000033d0       0xcc zephyr/drivers/clock_control/libdrivers__clock_control.a(clock_control_nrf.c.obj)
 .text.api_blocking_start
                0x000000000000349c       0x38 zephyr/drivers/clock_control/libdrivers__clock_control.a(clock_control_nrf.c.obj)
 .text.clk_init
                0x00000000000034d4       0x60 zephyr/drivers/clock_control/libdrivers__clock_control.a(clock_control_nrf.c.obj)
 .text.z_nrf_clock_control_lf_on
                0x0000000000003534       0x54 zephyr/drivers/clock_control/libdrivers__clock_control.a(clock_control_nrf.c.obj)
                0x0000000000003534                z_nrf_clock_control_lf_on
 .text.console_out
                0x0000000000003588       0x28 zephyr/drivers/console/libdrivers__console.a(uart_console.c.obj)
 .text.uart_console_hook_install
                0x00000000000035b0       0x18 zephyr/drivers/console/libdrivers__console.a(uart_console.c.obj)
 .text.uart_console_init
                0x00000000000035c8       0x1c zephyr/drivers/console/libdrivers__console.a(uart_console.c.obj)
 .text.nrf_gpio_reconfigure
                0x00000000000035e4       0xbc zephyr/drivers/gpio/libdrivers__gpio.a(gpio_nrfx.c.obj)
 .text.nrf_gpio_pin_dir_get
                0x00000000000036a0       0x2c zephyr/drivers/gpio/libdrivers__gpio.a(gpio_nrfx.c.obj)
 .text.get_dev  0x00000000000036cc       0x1c zephyr/drivers/gpio/libdrivers__gpio.a(gpio_nrfx.c.obj)
 .text.gpio_nrfx_pin_interrupt_configure
                0x00000000000036e8       0xe0 zephyr/drivers/gpio/libdrivers__gpio.a(gpio_nrfx.c.obj)
 .text.gpio_nrfx_pin_configure
                0x00000000000037c8      0x1c0 zephyr/drivers/gpio/libdrivers__gpio.a(gpio_nrfx.c.obj)
 .text.gpio_nrfx_init
                0x0000000000003988       0x54 zephyr/drivers/gpio/libdrivers__gpio.a(gpio_nrfx.c.obj)
 .text.nrf_gpio_cfg
                0x00000000000039dc       0x50 zephyr/drivers/pinctrl/libdrivers__pinctrl.a(pinctrl_nrf.c.obj)
 .text.nrf_gpio_pin_set
                0x0000000000003a2c       0x28 zephyr/drivers/pinctrl/libdrivers__pinctrl.a(pinctrl_nrf.c.obj)
 .text.nrf_gpio_pin_clear
                0x0000000000003a54       0x28 zephyr/drivers/pinctrl/libdrivers__pinctrl.a(pinctrl_nrf.c.obj)
 .text.pinctrl_configure_pins
                0x0000000000003a7c      0x29c zephyr/drivers/pinctrl/libdrivers__pinctrl.a(pinctrl_nrf.c.obj)
                0x0000000000003a7c                pinctrl_configure_pins
 .text.uarte_nrfx_poll_out
                0x0000000000003d18       0x68 zephyr/drivers/serial/libdrivers__serial.a(uart_nrfx_uarte.c.obj)
 .text.endtx_stoptx_ppi_init
                0x0000000000003d80       0x4c zephyr/drivers/serial/libdrivers__serial.a(uart_nrfx_uarte.c.obj)
 .text.uarte_instance_init
                0x0000000000003dcc       0x38 zephyr/drivers/serial/libdrivers__serial.a(uart_nrfx_uarte.c.obj)
 .text.set_comparator
                0x0000000000003e04       0x14 zephyr/drivers/timer/libdrivers__timer.a(nrf_rtc_timer.c.obj)
 .text.event_enable
                0x0000000000003e18       0x14 zephyr/drivers/timer/libdrivers__timer.a(nrf_rtc_timer.c.obj)
 .text.event_disable
                0x0000000000003e2c       0x14 zephyr/drivers/timer/libdrivers__timer.a(nrf_rtc_timer.c.obj)
 .text.counter  0x0000000000003e40        0xc zephyr/drivers/timer/libdrivers__timer.a(nrf_rtc_timer.c.obj)
 .text.set_alarm
                0x0000000000003e4c       0x88 zephyr/drivers/timer/libdrivers__timer.a(nrf_rtc_timer.c.obj)
 .text.int_event_disable_rtc
                0x0000000000003ed4       0x18 zephyr/drivers/timer/libdrivers__timer.a(nrf_rtc_timer.c.obj)
 .text.compare_int_lock
                0x0000000000003eec       0x4c zephyr/drivers/timer/libdrivers__timer.a(nrf_rtc_timer.c.obj)
 .text.channel_processing_check_and_clear
                0x0000000000003f38       0x60 zephyr/drivers/timer/libdrivers__timer.a(nrf_rtc_timer.c.obj)
 .text.compare_int_unlock
                0x0000000000003f98       0x60 zephyr/drivers/timer/libdrivers__timer.a(nrf_rtc_timer.c.obj)
 .text.sys_clock_timeout_handler
                0x0000000000003ff8       0x50 zephyr/drivers/timer/libdrivers__timer.a(nrf_rtc_timer.c.obj)
 .text.z_nrf_rtc_timer_read
                0x0000000000004048       0x40 zephyr/drivers/timer/libdrivers__timer.a(nrf_rtc_timer.c.obj)
                0x0000000000004048                z_nrf_rtc_timer_read
 .text.compare_set_nolocks
                0x0000000000004088       0xac zephyr/drivers/timer/libdrivers__timer.a(nrf_rtc_timer.c.obj)
 .text.sys_clock_driver_init
                0x0000000000004134       0x9c zephyr/drivers/timer/libdrivers__timer.a(nrf_rtc_timer.c.obj)
 .text.process_channel
                0x00000000000041d0       0x7c zephyr/drivers/timer/libdrivers__timer.a(nrf_rtc_timer.c.obj)
 .text.rtc_nrf_isr
                0x000000000000424c       0x40 zephyr/drivers/timer/libdrivers__timer.a(nrf_rtc_timer.c.obj)
                0x000000000000424c                rtc_nrf_isr
 .text.sys_clock_set_timeout
                0x000000000000428c       0x74 zephyr/drivers/timer/libdrivers__timer.a(nrf_rtc_timer.c.obj)
                0x000000000000428c                sys_clock_set_timeout
 .text.sys_clock_elapsed
                0x0000000000004300       0x14 zephyr/drivers/timer/libdrivers__timer.a(nrf_rtc_timer.c.obj)
                0x0000000000004300                sys_clock_elapsed
 .text.__NVIC_SystemReset
                0x0000000000004314       0x24 modules/hal_nordic/modules/hal_nordic/nrfx/libmodules__hal_nordic__nrfx.a(system_nrf52840.c.obj)
 .text.nvmc_wait
                0x0000000000004338       0x10 modules/hal_nordic/modules/hal_nordic/nrfx/libmodules__hal_nordic__nrfx.a(system_nrf52840.c.obj)
                0x0000000000004338                nvmc_wait
 .text.nvmc_config
                0x0000000000004348       0x14 modules/hal_nordic/modules/hal_nordic/nrfx/libmodules__hal_nordic__nrfx.a(system_nrf52840.c.obj)
                0x0000000000004348                nvmc_config
 .text.SystemInit
                0x000000000000435c      0x178 modules/hal_nordic/modules/hal_nordic/nrfx/libmodules__hal_nordic__nrfx.a(system_nrf52840.c.obj)
                0x000000000000435c                SystemInit
 .text.nrfx_flag32_alloc
                0x00000000000044d4       0x48 modules/hal_nordic/modules/hal_nordic/nrfx/libmodules__hal_nordic__nrfx.a(nrfx_flag32_allocator.c.obj)
                0x00000000000044d4                nrfx_flag32_alloc
 .text.nrfx_flag32_free
                0x000000000000451c       0x44 modules/hal_nordic/modules/hal_nordic/nrfx/libmodules__hal_nordic__nrfx.a(nrfx_flag32_allocator.c.obj)
                0x000000000000451c                nrfx_flag32_free
 .text.nrfx_gppi_channels_enable
                0x0000000000004560        0xc modules/hal_nordic/modules/hal_nordic/nrfx/libmodules__hal_nordic__nrfx.a(nrfx_gppi_ppi.c.obj)
                0x0000000000004560                nrfx_gppi_channels_enable
 .text.nrfx_gppi_channel_endpoints_setup
                0x000000000000456c       0x14 modules/hal_nordic/modules/hal_nordic/nrfx/libmodules__hal_nordic__nrfx.a(nrfx_gppi_ppi.c.obj)
                0x000000000000456c                nrfx_gppi_channel_endpoints_setup
 .text.clock_stop
                0x0000000000004580       0x84 modules/hal_nordic/modules/hal_nordic/nrfx/libmodules__hal_nordic__nrfx.a(nrfx_clock.c.obj)
 .text.nrfx_clock_init
                0x0000000000004604       0x28 modules/hal_nordic/modules/hal_nordic/nrfx/libmodules__hal_nordic__nrfx.a(nrfx_clock.c.obj)
                0x0000000000004604                nrfx_clock_init
 .text.nrfx_clock_enable
                0x000000000000462c       0x20 modules/hal_nordic/modules/hal_nordic/nrfx/libmodules__hal_nordic__nrfx.a(nrfx_clock.c.obj)
                0x000000000000462c                nrfx_clock_enable
 .text.nrfx_clock_start
                0x000000000000464c       0xdc modules/hal_nordic/modules/hal_nordic/nrfx/libmodules__hal_nordic__nrfx.a(nrfx_clock.c.obj)
                0x000000000000464c                nrfx_clock_start
 .text.nrfx_power_clock_irq_handler
                0x0000000000004728       0x88 modules/hal_nordic/modules/hal_nordic/nrfx/libmodules__hal_nordic__nrfx.a(nrfx_clock.c.obj)
                0x0000000000004728                nrfx_power_clock_irq_handler
 .text.nrf_gpio_cfg
                0x00000000000047b0       0x50 modules/hal_nordic/modules/hal_nordic/nrfx/libmodules__hal_nordic__nrfx.a(nrfx_gpiote.c.obj)
 .text.nrf_gpio_reconfigure
                0x0000000000004800       0xbc modules/hal_nordic/modules/hal_nordic/nrfx/libmodules__hal_nordic__nrfx.a(nrfx_gpiote.c.obj)
 .text.nrf_gpio_pin_read
                0x00000000000048bc       0x28 modules/hal_nordic/modules/hal_nordic/nrfx/libmodules__hal_nordic__nrfx.a(nrfx_gpiote.c.obj)
 .text.nrf_gpio_pin_sense_get
                0x00000000000048e4       0x2c modules/hal_nordic/modules/hal_nordic/nrfx/libmodules__hal_nordic__nrfx.a(nrfx_gpiote.c.obj)
 .text.nrf_gpio_latches_read_and_clear
                0x0000000000004910       0x44 modules/hal_nordic/modules/hal_nordic/nrfx/libmodules__hal_nordic__nrfx.a(nrfx_gpiote.c.obj)
 .text.nrf_gpio_pin_latch_clear
                0x0000000000004954       0x28 modules/hal_nordic/modules/hal_nordic/nrfx/libmodules__hal_nordic__nrfx.a(nrfx_gpiote.c.obj)
 .text.get_pin_idx
                0x000000000000497c       0x14 modules/hal_nordic/modules/hal_nordic/nrfx/libmodules__hal_nordic__nrfx.a(nrfx_gpiote.c.obj)
 .text.get_cb   0x0000000000004990        0x8 modules/hal_nordic/modules/hal_nordic/nrfx/libmodules__hal_nordic__nrfx.a(nrfx_gpiote.c.obj)
 .text.gpiote_output_configure
                0x0000000000004998       0xf8 modules/hal_nordic/modules/hal_nordic/nrfx/libmodules__hal_nordic__nrfx.a(nrfx_gpiote.c.obj)
 .text.gpiote_channel_get
                0x0000000000004a90       0x38 modules/hal_nordic/modules/hal_nordic/nrfx/libmodules__hal_nordic__nrfx.a(nrfx_gpiote.c.obj)
 .text.latch_pending_read_and_check
                0x0000000000004ac8       0x50 modules/hal_nordic/modules/hal_nordic/nrfx/libmodules__hal_nordic__nrfx.a(nrfx_gpiote.c.obj)
 .text.pin_handler_set
                0x0000000000004b18       0x88 modules/hal_nordic/modules/hal_nordic/nrfx/libmodules__hal_nordic__nrfx.a(nrfx_gpiote.c.obj)
 .text.gpiote_input_configure
                0x0000000000004ba0      0x16c modules/hal_nordic/modules/hal_nordic/nrfx/libmodules__hal_nordic__nrfx.a(nrfx_gpiote.c.obj)
 .text.pin_uninit
                0x0000000000004d0c       0x34 modules/hal_nordic/modules/hal_nordic/nrfx/libmodules__hal_nordic__nrfx.a(nrfx_gpiote.c.obj)
 .text.gpiote_init
                0x0000000000004d40       0x4c modules/hal_nordic/modules/hal_nordic/nrfx/libmodules__hal_nordic__nrfx.a(nrfx_gpiote.c.obj)
 .text.port_event_handle
                0x0000000000004d8c       0xc4 modules/hal_nordic/modules/hal_nordic/nrfx/libmodules__hal_nordic__nrfx.a(nrfx_gpiote.c.obj)
 .text.nrfx_gpiote_0_irq_handler
                0x0000000000004e50       0x14 modules/hal_nordic/modules/hal_nordic/nrfx/libmodules__hal_nordic__nrfx.a(nrfx_gpiote.c.obj)
                0x0000000000004e50                nrfx_gpiote_0_irq_handler
 .text.nrfx_ppi_channel_alloc
                0x0000000000004e64       0x10 modules/hal_nordic/modules/hal_nordic/nrfx/libmodules__hal_nordic__nrfx.a(nrfx_ppi.c.obj)
                0x0000000000004e64                nrfx_ppi_channel_alloc
 .text.nrfx_ppi_channel_assign
                0x0000000000004e74       0x5c modules/hal_nordic/modules/hal_nordic/nrfx/libmodules__hal_nordic__nrfx.a(nrfx_ppi.c.obj)
                0x0000000000004e74                nrfx_ppi_channel_assign
 .text.nrfx_ppi_channel_enable
                0x0000000000004ed0       0x4c modules/hal_nordic/modules/hal_nordic/nrfx/libmodules__hal_nordic__nrfx.a(nrfx_ppi.c.obj)
                0x0000000000004ed0                nrfx_ppi_channel_enable
 .text.nrfx_ppi_channel_disable
                0x0000000000004f1c       0x4c modules/hal_nordic/modules/hal_nordic/nrfx/libmodules__hal_nordic__nrfx.a(nrfx_ppi.c.obj)
                0x0000000000004f1c                nrfx_ppi_channel_disable
 .text.nrf_gpio_cfg
                0x0000000000004f68       0x50 modules/hal_nordic/modules/hal_nordic/nrfx/libmodules__hal_nordic__nrfx.a(nrfx_pwm.c.obj)
 .text.nrf_gpio_pin_set
                0x0000000000004fb8       0x28 modules/hal_nordic/modules/hal_nordic/nrfx/libmodules__hal_nordic__nrfx.a(nrfx_pwm.c.obj)
 .text.nrf_gpio_pin_clear
                0x0000000000004fe0       0x28 modules/hal_nordic/modules/hal_nordic/nrfx/libmodules__hal_nordic__nrfx.a(nrfx_pwm.c.obj)
 .text.pwm_stopped_check
                0x0000000000005008       0x48 modules/hal_nordic/modules/hal_nordic/nrfx/libmodules__hal_nordic__nrfx.a(nrfx_pwm.c.obj)
 .text.nrfx_pwm_init
                0x0000000000005050       0x54 modules/hal_nordic/modules/hal_nordic/nrfx/libmodules__hal_nordic__nrfx.a(nrfx_pwm.c.obj)
                0x0000000000005050                nrfx_pwm_init
 .text.nrfx_pwm_simple_playback
                0x00000000000050a4       0x9c modules/hal_nordic/modules/hal_nordic/nrfx/libmodules__hal_nordic__nrfx.a(nrfx_pwm.c.obj)
                0x00000000000050a4                nrfx_pwm_simple_playback
 .text.nrfx_pwm_stop
                0x0000000000005140       0x44 modules/hal_nordic/modules/hal_nordic/nrfx/libmodules__hal_nordic__nrfx.a(nrfx_pwm.c.obj)
                0x0000000000005140                nrfx_pwm_stop
 .text.prescaler_calculate
                0x0000000000005184       0x44 modules/hal_nordic/modules/hal_nordic/nrfx/libmodules__hal_nordic__nrfx.a(nrfx_timer.c.obj)
 .text.timer_configure
                0x00000000000051c8       0x4c modules/hal_nordic/modules/hal_nordic/nrfx/libmodules__hal_nordic__nrfx.a(nrfx_timer.c.obj)
 .text.nrfx_timer_init
                0x0000000000005214       0x54 modules/hal_nordic/modules/hal_nordic/nrfx/libmodules__hal_nordic__nrfx.a(nrfx_timer.c.obj)
                0x0000000000005214                nrfx_timer_init
 .text.nrfx_timer_enable
                0x0000000000005268       0x1c modules/hal_nordic/modules/hal_nordic/nrfx/libmodules__hal_nordic__nrfx.a(nrfx_timer.c.obj)
                0x0000000000005268                nrfx_timer_enable
 .text.nrfx_timer_1_irq_handler
                0x0000000000005284       0x18 modules/hal_nordic/modules/hal_nordic/nrfx/libmodules__hal_nordic__nrfx.a(nrfx_timer.c.obj)
                0x0000000000005284                nrfx_timer_1_irq_handler
 .text._DoInit  0x000000000000529c       0x64 modules/segger/libmodules__segger.a(SEGGER_RTT.c.obj)
 .text.SEGGER_RTT_StrongCheckInit
                0x0000000000005300       0x38 modules/segger/libmodules__segger.a(SEGGER_RTT.c.obj)
 .text.SEGGER_RTT_WriteSkipNoLock
                0x0000000000005338       0xd0 modules/segger/libmodules__segger.a(SEGGER_RTT.c.obj)
                0x0000000000005338                SEGGER_RTT_WriteSkipNoLock
 .text.SEGGER_RTT_HasDataUp
                0x0000000000005408       0x20 modules/segger/libmodules__segger.a(SEGGER_RTT.c.obj)
                0x0000000000005408                SEGGER_RTT_HasDataUp
 .text.z_device_state_init
                0x0000000000005428       0x18 zephyr/kernel/libkernel.a(device.c.obj)
                0x0000000000005428                z_device_state_init
 .text.reason_to_str
                0x0000000000005440       0x40 zephyr/kernel/libkernel.a(fatal.c.obj)
 .text.thread_name_get
                0x0000000000005480       0x20 zephyr/kernel/libkernel.a(fatal.c.obj)
 .text.k_sys_fatal_error_handler
                0x00000000000054a0       0x20 zephyr/kernel/libkernel.a(fatal.c.obj)
                0x00000000000054a0                k_sys_fatal_error_handler
 .text.z_fatal_error
                0x00000000000054c0      0x1f4 zephyr/kernel/libkernel.a(fatal.c.obj)
                0x00000000000054c0                z_fatal_error
 .text.z_sys_init_run_level
                0x00000000000056b4       0x34 zephyr/kernel/libkernel.a(init.c.obj)
 .text.init_idle_thread
                0x00000000000056e8       0x60 zephyr/kernel/libkernel.a(init.c.obj)
 .text.thread_schedule_new
                0x0000000000005748       0x1c zephyr/kernel/libkernel.a(init.c.obj)
 .text.z_init_static_threads
                0x0000000000005764       0x70 zephyr/kernel/libkernel.a(init.c.obj)
 .text.bg_thread_main
                0x00000000000057d4       0x38 zephyr/kernel/libkernel.a(init.c.obj)
 .text.switch_to_main_thread
                0x000000000000580c       0x14 zephyr/kernel/libkernel.a(init.c.obj)
 .text.z_bss_zero
                0x0000000000005820       0x18 zephyr/kernel/libkernel.a(init.c.obj)
                0x0000000000005820                z_bss_zero
 .text.z_init_cpu
                0x0000000000005838       0x44 zephyr/kernel/libkernel.a(init.c.obj)
                0x0000000000005838                z_init_cpu
 .text.prepare_multithreading
                0x000000000000587c       0x60 zephyr/kernel/libkernel.a(init.c.obj)
 .text.z_cstart
                0x00000000000058dc       0x98 zephyr/kernel/libkernel.a(init.c.obj)
                0x00000000000058dc                z_cstart
 .text.__do_global_ctors_aux
                0x0000000000005974       0x20 zephyr/kernel/libkernel.a(init_static.c.obj)
                0x0000000000005974                __do_global_ctors_aux
 .text.__do_init_array_aux
                0x0000000000005994       0x1c zephyr/kernel/libkernel.a(init_static.c.obj)
                0x0000000000005994                __do_init_array_aux
 .text.init_mem_slab_obj_core_list
                0x00000000000059b0       0x24 zephyr/kernel/libkernel.a(mem_slab.c.obj)
 .text.k_mem_slab_alloc
                0x00000000000059d4       0x64 zephyr/kernel/libkernel.a(mem_slab.c.obj)
                0x00000000000059d4                k_mem_slab_alloc
 .text.z_impl_k_mutex_lock
                0x0000000000005a38      0x100 zephyr/kernel/libkernel.a(mutex.c.obj)
                0x0000000000005a38                z_impl_k_mutex_lock
 .text.z_impl_k_mutex_unlock
                0x0000000000005b38       0xac zephyr/kernel/libkernel.a(mutex.c.obj)
                0x0000000000005b38                z_impl_k_mutex_unlock
 .text.z_impl_k_sem_give
                0x0000000000005be4       0x88 zephyr/kernel/libkernel.a(sem.c.obj)
                0x0000000000005be4                z_impl_k_sem_give
 .text.z_impl_k_sem_take
                0x0000000000005c6c       0x50 zephyr/kernel/libkernel.a(sem.c.obj)
                0x0000000000005c6c                z_impl_k_sem_take
 .text.z_impl_k_sem_reset
                0x0000000000005cbc       0x68 zephyr/kernel/libkernel.a(sem.c.obj)
                0x0000000000005cbc                z_impl_k_sem_reset
 .text.thread_schedule_new
                0x0000000000005d24       0x1c zephyr/kernel/libkernel.a(thread.c.obj)
 .text.z_impl_k_thread_name_set
                0x0000000000005d40       0x24 zephyr/kernel/libkernel.a(thread.c.obj)
                0x0000000000005d40                z_impl_k_thread_name_set
 .text.z_setup_new_thread
                0x0000000000005d64       0xc4 zephyr/kernel/libkernel.a(thread.c.obj)
                0x0000000000005d64                z_setup_new_thread
 .text.z_swap_irqlock
                0x0000000000005e28       0x34 zephyr/kernel/libkernel.a(sched.c.obj)
 .text.ready_thread
                0x0000000000005e5c       0xbc zephyr/kernel/libkernel.a(sched.c.obj)
 .text.unready_thread
                0x0000000000005f18       0x68 zephyr/kernel/libkernel.a(sched.c.obj)
 .text.z_dummy_thread_init
                0x0000000000005f80       0x24 zephyr/kernel/libkernel.a(sched.c.obj)
 .text.thread_halt_spin
                0x0000000000005fa4      0x114 zephyr/kernel/libkernel.a(sched.c.obj)
 .text.add_thread_timeout
                0x00000000000060b8       0x20 zephyr/kernel/libkernel.a(sched.c.obj)
 .text.move_thread_to_end_of_prio_q
                0x00000000000060d8       0xc8 zephyr/kernel/libkernel.a(sched.c.obj)
                0x00000000000060d8                move_thread_to_end_of_prio_q
 .text.z_pend_curr
                0x00000000000061a0       0x38 zephyr/kernel/libkernel.a(sched.c.obj)
                0x00000000000061a0                z_pend_curr
 .text.z_thread_prio_set
                0x00000000000061d8       0xdc zephyr/kernel/libkernel.a(sched.c.obj)
                0x00000000000061d8                z_thread_prio_set
 .text.z_reschedule
                0x00000000000062b4       0x2c zephyr/kernel/libkernel.a(sched.c.obj)
                0x00000000000062b4                z_reschedule
 .text.z_reschedule_irqlock
                0x00000000000062e0       0x2c zephyr/kernel/libkernel.a(sched.c.obj)
                0x00000000000062e0                z_reschedule_irqlock
 .text.k_sched_lock
                0x000000000000630c       0x30 zephyr/kernel/libkernel.a(sched.c.obj)
                0x000000000000630c                k_sched_lock
 .text.k_sched_unlock
                0x000000000000633c       0x70 zephyr/kernel/libkernel.a(sched.c.obj)
                0x000000000000633c                k_sched_unlock
 .text.z_sched_init
                0x00000000000063ac       0x10 zephyr/kernel/libkernel.a(sched.c.obj)
                0x00000000000063ac                z_sched_init
 .text.z_impl_k_yield
                0x00000000000063bc       0xa0 zephyr/kernel/libkernel.a(sched.c.obj)
                0x00000000000063bc                z_impl_k_yield
 .text.z_tick_sleep
                0x000000000000645c       0x90 zephyr/kernel/libkernel.a(sched.c.obj)
 .text.z_impl_k_wakeup
                0x00000000000064ec       0x54 zephyr/kernel/libkernel.a(sched.c.obj)
                0x00000000000064ec                z_impl_k_wakeup
 .text.z_impl_k_sched_current_thread_query
                0x0000000000006540        0xc zephyr/kernel/libkernel.a(sched.c.obj)
                0x0000000000006540                z_impl_k_sched_current_thread_query
 .text.z_thread_abort
                0x000000000000654c      0x158 zephyr/kernel/libkernel.a(sched.c.obj)
                0x000000000000654c                z_thread_abort
 .text.slice_timeout
                0x00000000000066a4       0x20 zephyr/kernel/libkernel.a(timeslicing.c.obj)
 .text.thread_is_sliceable
                0x00000000000066c4       0x4c zephyr/kernel/libkernel.a(timeslicing.c.obj)
                0x00000000000066c4                thread_is_sliceable
 .text.z_reset_time_slice
                0x0000000000006710       0x50 zephyr/kernel/libkernel.a(timeslicing.c.obj)
                0x0000000000006710                z_reset_time_slice
 .text.z_time_slice
                0x0000000000006760       0x70 zephyr/kernel/libkernel.a(timeslicing.c.obj)
                0x0000000000006760                z_time_slice
 .text.z_thread_monitor_exit
                0x00000000000067d0       0x3c zephyr/kernel/libkernel.a(thread_monitor.c.obj)
                0x00000000000067d0                z_thread_monitor_exit
 .text.z_data_copy
                0x000000000000680c       0x34 zephyr/kernel/libkernel.a(xip.c.obj)
                0x000000000000680c                z_data_copy
 .text.first    0x0000000000006840       0x14 zephyr/kernel/libkernel.a(timeout.c.obj)
 .text.next     0x0000000000006854       0x18 zephyr/kernel/libkernel.a(timeout.c.obj)
 .text.elapsed  0x000000000000686c       0x18 zephyr/kernel/libkernel.a(timeout.c.obj)
 .text.z_add_timeout
                0x0000000000006884      0x10c zephyr/kernel/libkernel.a(timeout.c.obj)
                0x0000000000006884                z_add_timeout
 .text.sys_clock_announce
                0x0000000000006990       0xc4 zephyr/kernel/libkernel.a(timeout.c.obj)
                0x0000000000006990                sys_clock_announce
 .text.sys_clock_tick_get
                0x0000000000006a54       0x40 zephyr/kernel/libkernel.a(timeout.c.obj)
                0x0000000000006a54                sys_clock_tick_get
 .text.z_timer_expiration_handler
                0x0000000000006a94       0xf8 zephyr/kernel/libkernel.a(timer.c.obj)
                0x0000000000006a94                z_timer_expiration_handler
 .text.z_impl_k_timer_start
                0x0000000000006b8c       0x80 zephyr/kernel/libkernel.a(timer.c.obj)
                0x0000000000006b8c                z_impl_k_timer_start
 .text.k_thread_system_pool_assign
                0x0000000000006c0c        0xc zephyr/kernel/libkernel.a(mempool.c.obj)
                0x0000000000006c0c                k_thread_system_pool_assign
 .text.statics_init
                0x0000000000006c18       0x24 zephyr/kernel/libkernel.a(kheap.c.obj)
 .text.nrf_cc3xx_platform_init_no_rng
                0x0000000000006c3c       0x38 C:/ncs/v3.0.2/nrfxlib/crypto/nrf_cc310_platform/lib/cortex-m4/soft-float/no-interrupts/libnrf_cc310_platform_0.9.19.a(nrf_cc3xx_platform.c.obj)
                0x0000000000006c3c                nrf_cc3xx_platform_init_no_rng
 .text.nrf_cc3xx_platform_abort
                0x0000000000006c74       0x24 C:/ncs/v3.0.2/nrfxlib/crypto/nrf_cc310_platform/lib/cortex-m4/soft-float/no-interrupts/libnrf_cc310_platform_0.9.19.a(nrf_cc3xx_platform_abort.c.obj)
 .text.CC_PalAbort
                0x0000000000006c98       0x34 C:/ncs/v3.0.2/nrfxlib/crypto/nrf_cc310_platform/lib/cortex-m4/soft-float/no-interrupts/libnrf_cc310_platform_0.9.19.a(nrf_cc3xx_platform_abort.c.obj)
                0x0000000000006c98                CC_PalAbort
 .text.nrf_cc3xx_platform_set_abort
                0x0000000000006ccc       0x10 C:/ncs/v3.0.2/nrfxlib/crypto/nrf_cc310_platform/lib/cortex-m4/soft-float/no-interrupts/libnrf_cc310_platform_0.9.19.a(nrf_cc3xx_platform_abort.c.obj)
                0x0000000000006ccc                nrf_cc3xx_platform_set_abort
 .text.mutex_free
                0x0000000000006cdc       0x34 C:/ncs/v3.0.2/nrfxlib/crypto/nrf_cc310_platform/lib/cortex-m4/soft-float/no-interrupts/libnrf_cc310_platform_0.9.19.a(nrf_cc3xx_platform_mutex.c.obj)
 .text.mutex_lock
                0x0000000000006d10       0x48 C:/ncs/v3.0.2/nrfxlib/crypto/nrf_cc310_platform/lib/cortex-m4/soft-float/no-interrupts/libnrf_cc310_platform_0.9.19.a(nrf_cc3xx_platform_mutex.c.obj)
 .text.mutex_unlock
                0x0000000000006d58       0x38 C:/ncs/v3.0.2/nrfxlib/crypto/nrf_cc310_platform/lib/cortex-m4/soft-float/no-interrupts/libnrf_cc310_platform_0.9.19.a(nrf_cc3xx_platform_mutex.c.obj)
 .text.mutex_init
                0x0000000000006d90       0x20 C:/ncs/v3.0.2/nrfxlib/crypto/nrf_cc310_platform/lib/cortex-m4/soft-float/no-interrupts/libnrf_cc310_platform_0.9.19.a(nrf_cc3xx_platform_mutex.c.obj)
 .text.nrf_cc3xx_platform_set_mutexes
                0x0000000000006db0       0x74 C:/ncs/v3.0.2/nrfxlib/crypto/nrf_cc310_platform/lib/cortex-m4/soft-float/no-interrupts/libnrf_cc310_platform_0.9.19.a(nrf_cc3xx_platform_mutex.c.obj)
                0x0000000000006db0                nrf_cc3xx_platform_set_mutexes
 .text.CC_LibInitNoRng
                0x0000000000006e24       0x64 C:/ncs/v3.0.2/nrfxlib/crypto/nrf_cc310_platform/lib/cortex-m4/soft-float/no-interrupts/libnrf_cc310_platform_0.9.19.a(cc_lib.c.obj)
                0x0000000000006e24                CC_LibInitNoRng
 .text.CC_HalInit
                0x0000000000006e88        0x4 C:/ncs/v3.0.2/nrfxlib/crypto/nrf_cc310_platform/lib/cortex-m4/soft-float/no-interrupts/libnrf_cc310_platform_0.9.19.a(cc_hal.c.obj)
                0x0000000000006e88                CC_HalInit
 .text.CC_HalTerminate
                0x0000000000006e8c        0x4 C:/ncs/v3.0.2/nrfxlib/crypto/nrf_cc310_platform/lib/cortex-m4/soft-float/no-interrupts/libnrf_cc310_platform_0.9.19.a(cc_hal.c.obj)
                0x0000000000006e8c                CC_HalTerminate
 .text.CC_HalMaskInterrupt
                0x0000000000006e90        0xc C:/ncs/v3.0.2/nrfxlib/crypto/nrf_cc310_platform/lib/cortex-m4/soft-float/no-interrupts/libnrf_cc310_platform_0.9.19.a(cc_hal.c.obj)
                0x0000000000006e90                CC_HalMaskInterrupt
 .text.CC_PalInit
                0x0000000000006e9c       0x5c C:/ncs/v3.0.2/nrfxlib/crypto/nrf_cc310_platform/lib/cortex-m4/soft-float/no-interrupts/libnrf_cc310_platform_0.9.19.a(cc_pal.c.obj)
                0x0000000000006e9c                CC_PalInit
 .text.CC_PalTerminate
                0x0000000000006ef8       0x34 C:/ncs/v3.0.2/nrfxlib/crypto/nrf_cc310_platform/lib/cortex-m4/soft-float/no-interrupts/libnrf_cc310_platform_0.9.19.a(cc_pal.c.obj)
                0x0000000000006ef8                CC_PalTerminate
 .text.CC_PalDmaInit
                0x0000000000006f2c        0x4 C:/ncs/v3.0.2/nrfxlib/crypto/nrf_cc310_platform/lib/cortex-m4/soft-float/no-interrupts/libnrf_cc310_platform_0.9.19.a(cc_pal_dma.c.obj)
                0x0000000000006f2c                CC_PalDmaInit
 .text.CC_PalDmaTerminate
                0x0000000000006f30        0x4 C:/ncs/v3.0.2/nrfxlib/crypto/nrf_cc310_platform/lib/cortex-m4/soft-float/no-interrupts/libnrf_cc310_platform_0.9.19.a(cc_pal_dma.c.obj)
                0x0000000000006f30                CC_PalDmaTerminate
 .text.CC_PalMutexCreate
                0x0000000000006f34       0x14 C:/ncs/v3.0.2/nrfxlib/crypto/nrf_cc310_platform/lib/cortex-m4/soft-float/no-interrupts/libnrf_cc310_platform_0.9.19.a(cc_pal_mutex.c.obj)
                0x0000000000006f34                CC_PalMutexCreate
 .text.CC_PalMutexDestroy
                0x0000000000006f48       0x14 C:/ncs/v3.0.2/nrfxlib/crypto/nrf_cc310_platform/lib/cortex-m4/soft-float/no-interrupts/libnrf_cc310_platform_0.9.19.a(cc_pal_mutex.c.obj)
                0x0000000000006f48                CC_PalMutexDestroy
 .text.CC_PalPowerSaveModeInit
                0x0000000000006f5c       0x3c C:/ncs/v3.0.2/nrfxlib/crypto/nrf_cc310_platform/lib/cortex-m4/soft-float/no-interrupts/libnrf_cc310_platform_0.9.19.a(cc_pal_pm.c.obj)
                0x0000000000006f5c                CC_PalPowerSaveModeInit
 .text.CC_PalPowerSaveModeSelect
                0x0000000000006f98       0x84 C:/ncs/v3.0.2/nrfxlib/crypto/nrf_cc310_platform/lib/cortex-m4/soft-float/no-interrupts/libnrf_cc310_platform_0.9.19.a(cc_pal_pm.c.obj)
                0x0000000000006f98                CC_PalPowerSaveModeSelect
 .text.startup._GLOBAL__sub_I__ZN9__gnu_cxx9__freeresEv
                0x000000000000701c       0x28 c:\ncs\toolchains\0b393f9e1b\opt\zephyr-sdk\arm-zephyr-eabi\bin\../lib/gcc/../../picolibc/arm-zephyr-eabi/lib/thumb/v7e-m/nofp\libstdc++.a(eh_alloc.o)
 .text.startup._GLOBAL__sub_I___cxa_get_globals_fast
                0x0000000000007044       0x18 c:\ncs\toolchains\0b393f9e1b\opt\zephyr-sdk\arm-zephyr-eabi\bin\../lib/gcc/../../picolibc/arm-zephyr-eabi/lib/thumb/v7e-m/nofp\libstdc++.a(eh_globals.o)
 .text.snprintf
                0x000000000000705c       0x58 c:\ncs\toolchains\0b393f9e1b\opt\zephyr-sdk\arm-zephyr-eabi\bin\../lib/gcc/../../picolibc/arm-zephyr-eabi/lib/thumb/v7e-m/nofp\libc.a(libc_tinystdio_snprintf.c.o)
                0x000000000000705c                snprintf
 .text.skip_to_arg
                0x00000000000070b4      0x138 c:\ncs\toolchains\0b393f9e1b\opt\zephyr-sdk\arm-zephyr-eabi\bin\../lib/gcc/../../picolibc/arm-zephyr-eabi/lib/thumb/v7e-m/nofp\libc.a(libc_tinystdio_vfprintf.c.o)
 .text.vfprintf
                0x00000000000071ec      0x9c4 c:\ncs\toolchains\0b393f9e1b\opt\zephyr-sdk\arm-zephyr-eabi\bin\../lib/gcc/../../picolibc/arm-zephyr-eabi/lib/thumb/v7e-m/nofp\libc.a(libc_tinystdio_vfprintf.c.o)
                0x00000000000071ec                __d_vfprintf
 .text.div10    0x0000000000007bb0       0x28 c:\ncs\toolchains\0b393f9e1b\opt\zephyr-sdk\arm-zephyr-eabi\bin\../lib/gcc/../../picolibc/arm-zephyr-eabi/lib/thumb/v7e-m/nofp\libc.a(libc_tinystdio_dtoa_ryu.c.o)
 .text.__dtoa_engine
                0x0000000000007bd8      0x49c c:\ncs\toolchains\0b393f9e1b\opt\zephyr-sdk\arm-zephyr-eabi\bin\../lib/gcc/../../picolibc/arm-zephyr-eabi/lib/thumb/v7e-m/nofp\libc.a(libc_tinystdio_dtoa_ryu.c.o)
                0x0000000000007bd8                __dtoa_engine
 .text.__log10Pow2
                0x0000000000008074        0xc c:\ncs\toolchains\0b393f9e1b\opt\zephyr-sdk\arm-zephyr-eabi\bin\../lib/gcc/../../picolibc/arm-zephyr-eabi/lib/thumb/v7e-m/nofp\libc.a(libc_tinystdio_ryu_log10.c.o)
                0x0000000000008074                __log10Pow2
 .text.__log10Pow5
                0x0000000000008080        0xc c:\ncs\toolchains\0b393f9e1b\opt\zephyr-sdk\arm-zephyr-eabi\bin\../lib/gcc/../../picolibc/arm-zephyr-eabi/lib/thumb/v7e-m/nofp\libc.a(libc_tinystdio_ryu_log10.c.o)
                0x0000000000008080                __log10Pow5
 .text.__pow5bits
                0x000000000000808c       0x10 c:\ncs\toolchains\0b393f9e1b\opt\zephyr-sdk\arm-zephyr-eabi\bin\../lib/gcc/../../picolibc/arm-zephyr-eabi/lib/thumb/v7e-m/nofp\libc.a(libc_tinystdio_ryu_pow5bits.c.o)
                0x000000000000808c                __pow5bits
 .text.__pow5Factor
                0x000000000000809c       0x30 c:\ncs\toolchains\0b393f9e1b\opt\zephyr-sdk\arm-zephyr-eabi\bin\../lib/gcc/../../picolibc/arm-zephyr-eabi/lib/thumb/v7e-m/nofp\libc.a(libc_tinystdio_ryu_table.c.o)
                0x000000000000809c                __pow5Factor
 .text.__double_computePow5
                0x00000000000080cc       0xe8 c:\ncs\toolchains\0b393f9e1b\opt\zephyr-sdk\arm-zephyr-eabi\bin\../lib/gcc/../../picolibc/arm-zephyr-eabi/lib/thumb/v7e-m/nofp\libc.a(libc_tinystdio_ryu_table.c.o)
                0x00000000000080cc                __double_computePow5
 .text.__double_computeInvPow5
                0x00000000000081b4       0xf8 c:\ncs\toolchains\0b393f9e1b\opt\zephyr-sdk\arm-zephyr-eabi\bin\../lib/gcc/../../picolibc/arm-zephyr-eabi/lib/thumb/v7e-m/nofp\libc.a(libc_tinystdio_ryu_table.c.o)
                0x00000000000081b4                __double_computeInvPow5
 .text._OffsetAbsSyms
                0x00000000000082ac        0x2 zephyr/CMakeFiles/offsets.dir/./arch/arm/core/offsets/offsets.c.obj
                0x00000000000082ac                _OffsetAbsSyms
 .text._GLOBAL__sub_I_irsend
                0x00000000000082ae        0xe app/libapp.a(main.cpp.obj)
 .text._ZN13IRPanasonicAcC2Etbb
                0x00000000000082bc       0x12 app/libapp.a(ir_Panasonic.cpp.obj)
                0x00000000000082bc                IRPanasonicAc::IRPanasonicAc(unsigned short, bool, bool)
                0x00000000000082bc                IRPanasonicAc::IRPanasonicAc(unsigned short, bool, bool)
 .text._ZN13IRPanasonicAc5beginEv
                0x00000000000082ce        0x8 app/libapp.a(ir_Panasonic.cpp.obj)
                0x00000000000082ce                IRPanasonicAc::begin()
 .text._ZN13IRPanasonicAc12calcChecksumEPKht
                0x00000000000082d6        0xe app/libapp.a(ir_Panasonic.cpp.obj)
                0x00000000000082d6                IRPanasonicAc::calcChecksum(unsigned char const*, unsigned short)
 .text._ZN13IRPanasonicAc11fixChecksumEt
                0x00000000000082e4       0x12 app/libapp.a(ir_Panasonic.cpp.obj)
                0x00000000000082e4                IRPanasonicAc::fixChecksum(unsigned short)
 .text._ZN13IRPanasonicAc6getRawEv
                0x00000000000082f6       0x10 app/libapp.a(ir_Panasonic.cpp.obj)
                0x00000000000082f6                IRPanasonicAc::getRaw()
 .text._ZN13IRPanasonicAc4sendEt
                0x0000000000008306       0x18 app/libapp.a(ir_Panasonic.cpp.obj)
                0x0000000000008306                IRPanasonicAc::send(unsigned short)
 .text._ZN13IRPanasonicAc8setPowerEb
                0x000000000000831e        0xe app/libapp.a(ir_Panasonic.cpp.obj)
                0x000000000000831e                IRPanasonicAc::setPower(bool)
 .text._ZN13IRPanasonicAc2onEv
                0x000000000000832c        0xa app/libapp.a(ir_Panasonic.cpp.obj)
                0x000000000000832c                IRPanasonicAc::on()
 .text._ZN13IRPanasonicAc7setModeEh
                0x0000000000008336       0x4a app/libapp.a(ir_Panasonic.cpp.obj)
                0x0000000000008336                IRPanasonicAc::setMode(unsigned char)
 .text._ZN13IRPanasonicAc6setFanEh
                0x0000000000008380       0x22 app/libapp.a(ir_Panasonic.cpp.obj)
                0x0000000000008380                IRPanasonicAc::setFan(unsigned char)
 .text._ZN6IRsendC2Etbb
                0x00000000000083a2       0x2a app/libapp.a(IRsend.cpp.obj)
                0x00000000000083a2                IRsend::IRsend(unsigned short, bool, bool)
                0x00000000000083a2                IRsend::IRsend(unsigned short, bool, bool)
 .text._ZN6IRsend5beginEv
                0x00000000000083cc        0x8 app/libapp.a(IRsend.cpp.obj)
                0x00000000000083cc                IRsend::begin()
 .text._ZN6IRsend4markEt
                0x00000000000083d4        0xa app/libapp.a(IRsend.cpp.obj)
                0x00000000000083d4                IRsend::mark(unsigned short)
 .text._ZN6IRsend5spaceEj
                0x00000000000083de        0xa app/libapp.a(IRsend.cpp.obj)
                0x00000000000083de                IRsend::space(unsigned int)
 .text._ZN6IRsend8sendDataEtjtjytb
                0x00000000000083e8       0xe0 app/libapp.a(IRsend.cpp.obj)
                0x00000000000083e8                IRsend::sendData(unsigned short, unsigned int, unsigned short, unsigned int, unsigned long long, unsigned short, bool)
 .text._ZN6IRsend11sendGenericEtjtjtjtjPKhttbth
                0x00000000000084c8       0xae app/libapp.a(IRsend.cpp.obj)
                0x00000000000084c8                IRsend::sendGeneric(unsigned short, unsigned int, unsigned short, unsigned int, unsigned short, unsigned int, unsigned short, unsigned int, unsigned char const*, unsigned short, unsigned short, bool, unsigned short, unsigned char)
 .text._Z8sumBytesPKhth
                0x0000000000008576       0x1a app/libapp.a(IRutils.cpp.obj)
                0x0000000000008576                sumBytes(unsigned char const*, unsigned short, unsigned char)
 .text._ZN7irutils6setBitEPhhb
                0x0000000000008590       0x22 app/libapp.a(IRutils.cpp.obj)
                0x0000000000008590                irutils::setBit(unsigned char*, unsigned char, bool)
 .text._ZN7irutils7setBitsEPhhhh
                0x00000000000085b2       0x46 app/libapp.a(IRutils.cpp.obj)
                0x00000000000085b2                irutils::setBits(unsigned char*, unsigned char, unsigned char, unsigned char)
 .text.nrf_gpio_cfg_output
                0x00000000000085f8       0x18 app/libapp.a(ir_hal.c.obj)
 .text.gpio_toggle_init
                0x0000000000008610       0x16 app/libapp.a(ir_hal.c.obj)
                0x0000000000008610                gpio_toggle_init
 .text.__cxa_atexit
                0x0000000000008626        0x4 zephyr/libzephyr.a(cpp_dtors.c.obj)
                0x0000000000008626                __cxa_atexit
 .text.set_chunk_used
                0x000000000000862a       0x38 zephyr/libzephyr.a(heap.c.obj)
 .text.chunk_mem
                0x0000000000008662       0x16 zephyr/libzephyr.a(heap.c.obj)
 .text.free_list_remove_bidx
                0x0000000000008678       0x6e zephyr/libzephyr.a(heap.c.obj)
 .text.free_list_add_bidx
                0x00000000000086e6       0xa4 zephyr/libzephyr.a(heap.c.obj)
 .text.split_chunks
                0x000000000000878a       0x86 zephyr/libzephyr.a(heap.c.obj)
 .text.mem_to_chunkid
                0x0000000000008810       0x16 zephyr/libzephyr.a(heap.c.obj)
 .text.free_list_add
                0x0000000000008826       0x52 zephyr/libzephyr.a(heap.c.obj)
 .text.alloc_chunk
                0x0000000000008878       0xa2 zephyr/libzephyr.a(heap.c.obj)
 .text.sys_heap_alloc
                0x000000000000891a       0x7c zephyr/libzephyr.a(heap.c.obj)
                0x000000000000891a                sys_heap_alloc
 .text.sys_heap_aligned_alloc
                0x0000000000008996      0x116 zephyr/libzephyr.a(heap.c.obj)
                0x0000000000008996                sys_heap_aligned_alloc
 .text.sys_heap_init
                0x0000000000008aac       0xfc zephyr/libzephyr.a(heap.c.obj)
                0x0000000000008aac                sys_heap_init
 .text.cbprintf_via_va_list
                0x0000000000008ba8        0xe zephyr/libzephyr.a(cbprintf_packaged.c.obj)
 .text.is_fmt_spec
                0x0000000000008bb6        0xe zephyr/libzephyr.a(cbprintf_packaged.c.obj)
 .text.get_package_len
                0x0000000000008bc4       0x2a zephyr/libzephyr.a(cbprintf_packaged.c.obj)
 .text.append_string
                0x0000000000008bee       0x2c zephyr/libzephyr.a(cbprintf_packaged.c.obj)
 .text.cbpprintf_external
                0x0000000000008c1a       0x60 zephyr/libzephyr.a(cbprintf_packaged.c.obj)
                0x0000000000008c1a                cbpprintf_external
 .text.is_ptr   0x0000000000008c7a       0x4e zephyr/libzephyr.a(cbprintf_packaged.c.obj)
                0x0000000000008c7a                is_ptr
 .text.arch_printk_char_out
                0x0000000000008cc8        0x4 zephyr/libzephyr.a(printk.c.obj)
                0x0000000000008cc8                arch_printk_char_out
 .text.vprintk  0x0000000000008ccc        0x8 zephyr/libzephyr.a(printk.c.obj)
                0x0000000000008ccc                vprintk
 .text.printk   0x0000000000008cd4       0x1c zephyr/libzephyr.a(printk.c.obj)
                0x0000000000008cd4                printk
 .text.free_space
                0x0000000000008cf0       0x28 zephyr/libzephyr.a(mpsc_pbuf.c.obj)
 .text.available
                0x0000000000008d18       0x24 zephyr/libzephyr.a(mpsc_pbuf.c.obj)
 .text.get_usage
                0x0000000000008d3c       0x24 zephyr/libzephyr.a(mpsc_pbuf.c.obj)
 .text.max_utilization_update
                0x0000000000008d60       0x26 zephyr/libzephyr.a(mpsc_pbuf.c.obj)
 .text.rd_idx_inc
                0x0000000000008d86       0x26 zephyr/libzephyr.a(mpsc_pbuf.c.obj)
 .text.add_skip_item
                0x0000000000008dac       0x66 zephyr/libzephyr.a(mpsc_pbuf.c.obj)
 .text.drop_item_locked
                0x0000000000008e12      0x12a zephyr/libzephyr.a(mpsc_pbuf.c.obj)
 .text.post_drop_action
                0x0000000000008f3c       0x62 zephyr/libzephyr.a(mpsc_pbuf.c.obj)
 .text.mpsc_pbuf_init
                0x0000000000008f9e       0x42 zephyr/libzephyr.a(mpsc_pbuf.c.obj)
                0x0000000000008f9e                mpsc_pbuf_init
 .text.mpsc_pbuf_alloc
                0x0000000000008fe0      0x134 zephyr/libzephyr.a(mpsc_pbuf.c.obj)
                0x0000000000008fe0                mpsc_pbuf_alloc
 .text.mpsc_pbuf_commit
                0x0000000000009114       0x50 zephyr/libzephyr.a(mpsc_pbuf.c.obj)
                0x0000000000009114                mpsc_pbuf_commit
 .text.mpsc_pbuf_claim
                0x0000000000009164       0xd0 zephyr/libzephyr.a(mpsc_pbuf.c.obj)
                0x0000000000009164                mpsc_pbuf_claim
 .text.mpsc_pbuf_free
                0x0000000000009234       0x88 zephyr/libzephyr.a(mpsc_pbuf.c.obj)
                0x0000000000009234                mpsc_pbuf_free
 .text.mpsc_pbuf_is_pending
                0x00000000000092bc       0x2c zephyr/libzephyr.a(mpsc_pbuf.c.obj)
                0x00000000000092bc                mpsc_pbuf_is_pending
 .text.set_state
                0x00000000000092e8       0x10 zephyr/libzephyr.a(onoff.c.obj)
 .text.notify_monitors
                0x00000000000092f8       0x44 zephyr/libzephyr.a(onoff.c.obj)
 .text.process_recheck
                0x000000000000933c       0x32 zephyr/libzephyr.a(onoff.c.obj)
 .text.process_complete
                0x000000000000936e       0xa2 zephyr/libzephyr.a(onoff.c.obj)
 .text.validate_args
                0x0000000000009410       0x2a zephyr/libzephyr.a(onoff.c.obj)
 .text.notify_one
                0x000000000000943a       0x26 zephyr/libzephyr.a(onoff.c.obj)
 .text.notify_all
                0x0000000000009460       0x2e zephyr/libzephyr.a(onoff.c.obj)
 .text.transition_complete
                0x000000000000948e       0x1c zephyr/libzephyr.a(onoff.c.obj)
 .text.onoff_manager_init
                0x00000000000094aa       0x38 zephyr/libzephyr.a(onoff.c.obj)
                0x00000000000094aa                onoff_manager_init
 .text.onoff_request
                0x00000000000094e2       0xbe zephyr/libzephyr.a(onoff.c.obj)
                0x00000000000094e2                onoff_request
 .text.sys_notify_validate
                0x00000000000095a0       0x2e zephyr/libzephyr.a(notify.c.obj)
                0x00000000000095a0                sys_notify_validate
 .text.sys_notify_finalize
                0x00000000000095ce       0x1a zephyr/libzephyr.a(notify.c.obj)
                0x00000000000095ce                sys_notify_finalize
 .text._ConfigAbsSyms
                0x00000000000095e8        0x2 zephyr/libzephyr.a(configs.c.obj)
                0x00000000000095e8                _ConfigAbsSyms
 .text.log_msg_generic_get_wlen
                0x00000000000095ea       0x20 zephyr/libzephyr.a(log_core.c.obj)
 .text.dummy_timestamp
                0x000000000000960a        0x4 zephyr/libzephyr.a(log_core.c.obj)
 .text.msg_filter_check
                0x000000000000960e        0x4 zephyr/libzephyr.a(log_core.c.obj)
 .text.default_get_timestamp
                0x0000000000009612        0x8 zephyr/libzephyr.a(log_core.c.obj)
 .text.k_msleep
                0x000000000000961a       0x2c zephyr/libzephyr.a(log_core.c.obj)
 .text.msg_alloc
                0x0000000000009646        0xc zephyr/libzephyr.a(log_core.c.obj)
 .text.msg_free
                0x0000000000009652        0x8 zephyr/libzephyr.a(log_core.c.obj)
 .text.msg_pending
                0x000000000000965a        0x8 zephyr/libzephyr.a(log_core.c.obj)
 .text.z_log_vprintk
                0x0000000000009662       0x1e zephyr/libzephyr.a(log_core.c.obj)
                0x0000000000009662                z_log_vprintk
 .text.z_log_notify_drop
                0x0000000000009680        0xa zephyr/libzephyr.a(log_core.c.obj)
 .text.z_log_msg_claim
                0x000000000000968a        0x8 zephyr/libzephyr.a(log_core.c.obj)
                0x000000000000968a                z_log_msg_claim
 .text.msg_commit
                0x0000000000009692        0xc zephyr/libzephyr.a(log_core.c.obj)
 .text.z_log_get_tag
                0x000000000000969e        0x4 zephyr/libzephyr.a(log_core.c.obj)
                0x000000000000969e                z_log_get_tag
 .text.z_cbprintf_cpy
                0x00000000000096a2       0x2c zephyr/libzephyr.a(log_msg.c.obj)
 .text.z_log_msg_finalize
                0x00000000000096ce       0x2e zephyr/libzephyr.a(log_msg.c.obj)
                0x00000000000096ce                z_log_msg_finalize
 .text.z_log_msg_simple_create
                0x00000000000096fc       0x62 zephyr/libzephyr.a(log_msg.c.obj)
 .text.z_impl_z_log_msg_simple_create_0
                0x000000000000975e       0x14 zephyr/libzephyr.a(log_msg.c.obj)
                0x000000000000975e                z_impl_z_log_msg_simple_create_0
 .text.z_impl_z_log_msg_simple_create_1
                0x0000000000009772       0x16 zephyr/libzephyr.a(log_msg.c.obj)
                0x0000000000009772                z_impl_z_log_msg_simple_create_1
 .text.z_log_msg_static_create
                0x0000000000009788        0x8 zephyr/libzephyr.a(log_msg.c.obj)
 .text.log_output_flush
                0x0000000000009790       0x2e zephyr/libzephyr.a(log_output.c.obj)
 .text.out_func
                0x00000000000097be       0x38 zephyr/libzephyr.a(log_output.c.obj)
 .text.cr_out_func
                0x00000000000097f6       0x1e zephyr/libzephyr.a(log_output.c.obj)
 .text.color_prefix
                0x0000000000009814        0xc zephyr/libzephyr.a(log_output.c.obj)
 .text.color_postfix
                0x0000000000009820        0xc zephyr/libzephyr.a(log_output.c.obj)
 .text.postfix_print
                0x000000000000982c       0x18 zephyr/libzephyr.a(log_output.c.obj)
 .text.log_msg_hexdump
                0x0000000000009844       0x36 zephyr/libzephyr.a(log_output.c.obj)
 .text.log_output_msg_process
                0x000000000000987a       0x66 zephyr/libzephyr.a(log_output.c.obj)
                0x000000000000987a                log_output_msg_process
 .text.log_output_flush
                0x00000000000098e0       0x2e zephyr/libzephyr.a(log_backend_rtt.c.obj)
 .text.k_msleep
                0x000000000000990e       0x2c zephyr/libzephyr.a(log_backend_rtt.c.obj)
 .text.log_output_flush
                0x000000000000993a       0x2e zephyr/libzephyr.a(log_backend_uart.c.obj)
 .text.format_set
                0x0000000000009968        0xc zephyr/libzephyr.a(log_backend_uart.c.obj)
 .text.log_backend_uart_init
                0x0000000000009974        0xc zephyr/libzephyr.a(log_backend_uart.c.obj)
 .text.panic    0x0000000000009980       0x14 zephyr/libzephyr.a(log_backend_uart.c.obj)
 .text.dropped  0x0000000000009994        0xe zephyr/libzephyr.a(log_backend_uart.c.obj)
 .text.process  0x00000000000099a2       0x1c zephyr/libzephyr.a(log_backend_uart.c.obj)
 .text.abort_function
                0x00000000000099be        0x2 zephyr/libzephyr.a(nrf_cc3xx_platform_abort_zephyr.c.obj)
 .text.z_do_kernel_oops
                0x00000000000099c0        0xc zephyr/arch/arch/arm/core/libarch__arm__core.a(fatal.c.obj)
                0x00000000000099c0                z_do_kernel_oops
 .text.z_arm_nmi
                0x00000000000099cc        0xc zephyr/arch/arch/arm/core/libarch__arm__core.a(nmi.c.obj)
                0x00000000000099cc                z_arm_nmi
 .text.__aeabi_atexit
                0x00000000000099d8        0xe zephyr/arch/arch/arm/core/libarch__arm__core.a(__aeabi_atexit.c.obj)
                0x00000000000099d8                __aeabi_atexit
 .text.memory_fault_recoverable
                0x00000000000099e6        0x4 zephyr/arch/arch/arm/core/cortex_m/libarch__arm__core__cortex_m.a(fault.c.obj)
 .text.fault_handle
                0x00000000000099ea       0x4a zephyr/arch/arch/arm/core/cortex_m/libarch__arm__core__cortex_m.a(fault.c.obj)
 .text.arch_irq_enable
                0x0000000000009a34        0xa zephyr/arch/arch/arm/core/cortex_m/libarch__arm__core__cortex_m.a(irq_manage.c.obj)
                0x0000000000009a34                arch_irq_enable
 .text.z_arm_irq_priority_set
                0x0000000000009a3e        0xc zephyr/arch/arch/arm/core/cortex_m/libarch__arm__core__cortex_m.a(irq_manage.c.obj)
                0x0000000000009a3e                z_arm_irq_priority_set
 .text.z_irq_spurious
                0x0000000000009a4a        0xc zephyr/arch/arch/arm/core/cortex_m/libarch__arm__core__cortex_m.a(irq_manage.c.obj)
                0x0000000000009a4a                z_irq_spurious
 .text.arch_irq_unlock_outlined
                0x0000000000009a56        0xe zephyr/arch/arch/arm/core/cortex_m/libarch__arm__core__cortex_m.a(thread.c.obj)
                0x0000000000009a56                arch_irq_unlock_outlined
 .text.arch_cpu_idle
                0x0000000000009a64       0x1a zephyr/arch/arch/arm/core/cortex_m/libarch__arm__core__cortex_m.a(cpu_idle.c.obj)
                0x0000000000009a64                arch_cpu_idle
 .text.arch_cpu_atomic_idle
                0x0000000000009a7e       0x1e zephyr/arch/arch/arm/core/cortex_m/libarch__arm__core__cortex_m.a(cpu_idle.c.obj)
                0x0000000000009a7e                arch_cpu_atomic_idle
 .text.mpu_partition_is_valid
                0x0000000000009a9c       0x22 zephyr/arch/arch/arm/core/mpu/libarch__arm__core__mpu.a(arm_mpu.c.obj)
 .text.mpu_configure_region
                0x0000000000009abe       0x3e zephyr/arch/arch/arm/core/mpu/libarch__arm__core__mpu.a(arm_mpu.c.obj)
 .text.mpu_configure_regions_from_dt
                0x0000000000009afc      0x1b0 zephyr/arch/arch/arm/core/mpu/libarch__arm__core__mpu.a(arm_mpu.c.obj)
 .text.arm_core_mpu_configure_static_mpu_regions
                0x0000000000009cac        0x8 zephyr/arch/arch/arm/core/mpu/libarch__arm__core__mpu.a(arm_mpu.c.obj)
                0x0000000000009cac                arm_core_mpu_configure_static_mpu_regions
 .text.arm_core_mpu_configure_dynamic_mpu_regions
                0x0000000000009cb4        0x8 zephyr/arch/arch/arm/core/mpu/libarch__arm__core__mpu.a(arm_mpu.c.obj)
                0x0000000000009cb4                arm_core_mpu_configure_dynamic_mpu_regions
 .text.cbputc   0x0000000000009cbc        0xc zephyr/lib/libc/picolibc/liblib__libc__picolibc.a(cbprintf.c.obj)
 .text.picolibc_put
                0x0000000000009cc8        0xa zephyr/lib/libc/picolibc/liblib__libc__picolibc.a(stdio.c.obj)
 .text.sys_mutex_lock
                0x0000000000009cd2        0x8 zephyr/lib/libc/common/liblib__libc__common.a(malloc.c.obj)
 .text.nrf52_errata_197
                0x0000000000009cda       0x20 zephyr/soc/soc/nrf52840/libsoc__nordic.a(soc.c.obj)
 .text.nrf_clock_is_running
                0x0000000000009cfa       0x38 zephyr/drivers/clock_control/libdrivers__clock_control.a(clock_control_nrf.c.obj)
 .text.get_sub_data
                0x0000000000009d32        0xe zephyr/drivers/clock_control/libdrivers__clock_control.a(clock_control_nrf.c.obj)
 .text.get_sub_config
                0x0000000000009d40        0xc zephyr/drivers/clock_control/libdrivers__clock_control.a(clock_control_nrf.c.obj)
 .text.get_onoff_manager
                0x0000000000009d4c        0x8 zephyr/drivers/clock_control/libdrivers__clock_control.a(clock_control_nrf.c.obj)
 .text.get_status
                0x0000000000009d54       0x10 zephyr/drivers/clock_control/libdrivers__clock_control.a(clock_control_nrf.c.obj)
 .text.set_off_state
                0x0000000000009d64       0x30 zephyr/drivers/clock_control/libdrivers__clock_control.a(clock_control_nrf.c.obj)
 .text.set_starting_state
                0x0000000000009d94       0x3a zephyr/drivers/clock_control/libdrivers__clock_control.a(clock_control_nrf.c.obj)
 .text.set_on_state
                0x0000000000009dce       0x24 zephyr/drivers/clock_control/libdrivers__clock_control.a(clock_control_nrf.c.obj)
 .text.clkstarted_handle
                0x0000000000009df2       0x24 zephyr/drivers/clock_control/libdrivers__clock_control.a(clock_control_nrf.c.obj)
 .text.stop     0x0000000000009e16       0x2a zephyr/drivers/clock_control/libdrivers__clock_control.a(clock_control_nrf.c.obj)
 .text.api_stop
                0x0000000000009e40        0xa zephyr/drivers/clock_control/libdrivers__clock_control.a(clock_control_nrf.c.obj)
 .text.async_start
                0x0000000000009e4a       0x38 zephyr/drivers/clock_control/libdrivers__clock_control.a(clock_control_nrf.c.obj)
 .text.api_start
                0x0000000000009e82       0x10 zephyr/drivers/clock_control/libdrivers__clock_control.a(clock_control_nrf.c.obj)
 .text.onoff_started_callback
                0x0000000000009e92       0x10 zephyr/drivers/clock_control/libdrivers__clock_control.a(clock_control_nrf.c.obj)
 .text.hfclk_start
                0x0000000000009ea2        0xa zephyr/drivers/clock_control/libdrivers__clock_control.a(clock_control_nrf.c.obj)
 .text.lfclk_start
                0x0000000000009eac        0xa zephyr/drivers/clock_control/libdrivers__clock_control.a(clock_control_nrf.c.obj)
 .text.hfclk_stop
                0x0000000000009eb6        0xa zephyr/drivers/clock_control/libdrivers__clock_control.a(clock_control_nrf.c.obj)
 .text.lfclk_stop
                0x0000000000009ec0        0xa zephyr/drivers/clock_control/libdrivers__clock_control.a(clock_control_nrf.c.obj)
 .text.k_msleep
                0x0000000000009eca       0x2c zephyr/drivers/clock_control/libdrivers__clock_control.a(clock_control_nrf.c.obj)
 .text.blocking_start_callback
                0x0000000000009ef6        0xa zephyr/drivers/clock_control/libdrivers__clock_control.a(clock_control_nrf.c.obj)
 .text.sys_slist_remove
                0x0000000000009f00       0x26 zephyr/drivers/gpio/libdrivers__gpio.a(gpio_nrfx.c.obj)
 .text.sys_slist_find_and_remove
                0x0000000000009f26       0x20 zephyr/drivers/gpio/libdrivers__gpio.a(gpio_nrfx.c.obj)
 .text.gpio_manage_callback
                0x0000000000009f46       0x3e zephyr/drivers/gpio/libdrivers__gpio.a(gpio_nrfx.c.obj)
 .text.gpio_fire_callbacks
                0x0000000000009f84       0x40 zephyr/drivers/gpio/libdrivers__gpio.a(gpio_nrfx.c.obj)
 .text.has_gpiote
                0x0000000000009fc4        0xa zephyr/drivers/gpio/libdrivers__gpio.a(gpio_nrfx.c.obj)
 .text.get_pull
                0x0000000000009fce       0x18 zephyr/drivers/gpio/libdrivers__gpio.a(gpio_nrfx.c.obj)
 .text.gpio_nrfx_gpd_retain_set
                0x0000000000009fe6        0x4 zephyr/drivers/gpio/libdrivers__gpio.a(gpio_nrfx.c.obj)
 .text.gpio_nrfx_gpd_retain_clear
                0x0000000000009fea        0x4 zephyr/drivers/gpio/libdrivers__gpio.a(gpio_nrfx.c.obj)
 .text.gpio_nrfx_port_get_raw
                0x0000000000009fee        0xe zephyr/drivers/gpio/libdrivers__gpio.a(gpio_nrfx.c.obj)
 .text.gpio_nrfx_port_set_masked_raw
                0x0000000000009ffc       0x34 zephyr/drivers/gpio/libdrivers__gpio.a(gpio_nrfx.c.obj)
 .text.gpio_nrfx_port_set_bits_raw
                0x000000000000a030       0x24 zephyr/drivers/gpio/libdrivers__gpio.a(gpio_nrfx.c.obj)
 .text.gpio_nrfx_port_clear_bits_raw
                0x000000000000a054       0x24 zephyr/drivers/gpio/libdrivers__gpio.a(gpio_nrfx.c.obj)
 .text.gpio_nrfx_port_toggle_bits
                0x000000000000a078       0x36 zephyr/drivers/gpio/libdrivers__gpio.a(gpio_nrfx.c.obj)
 .text.get_trigger
                0x000000000000a0ae       0x2c zephyr/drivers/gpio/libdrivers__gpio.a(gpio_nrfx.c.obj)
 .text.gpio_nrfx_manage_callback
                0x000000000000a0da        0xc zephyr/drivers/gpio/libdrivers__gpio.a(gpio_nrfx.c.obj)
 .text.nrfx_gpio_handler
                0x000000000000a0e6       0x1e zephyr/drivers/gpio/libdrivers__gpio.a(gpio_nrfx.c.obj)
 .text.pinctrl_lookup_state
                0x000000000000a104       0x32 zephyr/drivers/pinctrl/libdrivers__pinctrl.a(common.c.obj)
                0x000000000000a104                pinctrl_lookup_state
 .text.nrf_gpio_pin_write
                0x000000000000a136       0x10 zephyr/drivers/pinctrl/libdrivers__pinctrl.a(pinctrl_nrf.c.obj)
 .text.pm_device_driver_init
                0x000000000000a146       0x24 zephyr/drivers/serial/libdrivers__serial.a(uart_nrfx_uarte.c.obj)
 .text.endtx_isr
                0x000000000000a16a       0x30 zephyr/drivers/serial/libdrivers__serial.a(uart_nrfx_uarte.c.obj)
 .text.uarte_nrfx_isr_int
                0x000000000000a19a       0x22 zephyr/drivers/serial/libdrivers__serial.a(uart_nrfx_uarte.c.obj)
 .text.uarte_nrfx_err_check
                0x000000000000a1bc        0xe zephyr/drivers/serial/libdrivers__serial.a(uart_nrfx_uarte.c.obj)
 .text.is_tx_ready
                0x000000000000a1ca       0x28 zephyr/drivers/serial/libdrivers__serial.a(uart_nrfx_uarte.c.obj)
 .text.uarte_periph_enable
                0x000000000000a1f2       0x26 zephyr/drivers/serial/libdrivers__serial.a(uart_nrfx_uarte.c.obj)
 .text.tx_start
                0x000000000000a218       0x24 zephyr/drivers/serial/libdrivers__serial.a(uart_nrfx_uarte.c.obj)
 .text.uarte_nrfx_poll_in
                0x000000000000a23c       0x26 zephyr/drivers/serial/libdrivers__serial.a(uart_nrfx_uarte.c.obj)
 .text.k_msleep
                0x000000000000a262       0x2c zephyr/drivers/serial/libdrivers__serial.a(uart_nrfx_uarte.c.obj)
 .text.wait_tx_ready
                0x000000000000a28e       0x4a zephyr/drivers/serial/libdrivers__serial.a(uart_nrfx_uarte.c.obj)
 .text.pinctrl_apply_state
                0x000000000000a2d8       0x20 zephyr/drivers/serial/libdrivers__serial.a(uart_nrfx_uarte.c.obj)
 .text.uarte_pm_resume
                0x000000000000a2f8       0x16 zephyr/drivers/serial/libdrivers__serial.a(uart_nrfx_uarte.c.obj)
 .text.uarte_nrfx_pm_action
                0x000000000000a30e       0x14 zephyr/drivers/serial/libdrivers__serial.a(uart_nrfx_uarte.c.obj)
 .text.uarte_tx_path_init
                0x000000000000a322       0x66 zephyr/drivers/serial/libdrivers__serial.a(uart_nrfx_uarte.c.obj)
 .text.uarte_0_init
                0x000000000000a388       0x1e zephyr/drivers/serial/libdrivers__serial.a(uart_nrfx_uarte.c.obj)
 .text.__nrfy_internal_rtc_event_handle
                0x000000000000a3a6       0x3a zephyr/drivers/timer/libdrivers__timer.a(nrf_rtc_timer.c.obj)
 .text.__nrfy_internal_rtc_events_process
                0x000000000000a3e0       0x6c zephyr/drivers/timer/libdrivers__timer.a(nrf_rtc_timer.c.obj)
 .text.counter_sub
                0x000000000000a44c        0x8 zephyr/drivers/timer/libdrivers__timer.a(nrf_rtc_timer.c.obj)
 .text.event_check
                0x000000000000a454       0x1a zephyr/drivers/timer/libdrivers__timer.a(nrf_rtc_timer.c.obj)
 .text.event_clear
                0x000000000000a46e       0x18 zephyr/drivers/timer/libdrivers__timer.a(nrf_rtc_timer.c.obj)
 .text.absolute_time_to_cc
                0x000000000000a486        0x6 zephyr/drivers/timer/libdrivers__timer.a(nrf_rtc_timer.c.obj)
 .text.full_int_lock
                0x000000000000a48c       0x10 zephyr/drivers/timer/libdrivers__timer.a(nrf_rtc_timer.c.obj)
 .text.full_int_unlock
                0x000000000000a49c        0xa zephyr/drivers/timer/libdrivers__timer.a(nrf_rtc_timer.c.obj)
 .text.compare_set
                0x000000000000a4a6       0x38 zephyr/drivers/timer/libdrivers__timer.a(nrf_rtc_timer.c.obj)
 .text.sys_clock_cycle_get_32
                0x000000000000a4de        0x8 zephyr/drivers/timer/libdrivers__timer.a(nrf_rtc_timer.c.obj)
                0x000000000000a4de                sys_clock_cycle_get_32
 .text.hw_cc3xx_init_internal
                0x000000000000a4e6        0x8 modules/nrf/drivers/hw_cc3xx/lib..__nrf__drivers__hw_cc3xx.a(hw_cc3xx.c.obj)
 .text.hw_cc3xx_init
                0x000000000000a4ee       0x10 modules/nrf/drivers/hw_cc3xx/lib..__nrf__drivers__hw_cc3xx.a(hw_cc3xx.c.obj)
 .text.nrf52_errata_36
                0x000000000000a4fe       0x14 modules/hal_nordic/modules/hal_nordic/nrfx/libmodules__hal_nordic__nrfx.a(system_nrf52840.c.obj)
 .text.nrf52_errata_66
                0x000000000000a512       0x14 modules/hal_nordic/modules/hal_nordic/nrfx/libmodules__hal_nordic__nrfx.a(system_nrf52840.c.obj)
 .text.nrf52_errata_98
                0x000000000000a526       0x26 modules/hal_nordic/modules/hal_nordic/nrfx/libmodules__hal_nordic__nrfx.a(system_nrf52840.c.obj)
 .text.nrf52_errata_103
                0x000000000000a54c       0x26 modules/hal_nordic/modules/hal_nordic/nrfx/libmodules__hal_nordic__nrfx.a(system_nrf52840.c.obj)
 .text.nrf52_errata_115
                0x000000000000a572       0x26 modules/hal_nordic/modules/hal_nordic/nrfx/libmodules__hal_nordic__nrfx.a(system_nrf52840.c.obj)
 .text.nrf52_errata_120
                0x000000000000a598       0x26 modules/hal_nordic/modules/hal_nordic/nrfx/libmodules__hal_nordic__nrfx.a(system_nrf52840.c.obj)
 .text.nrf52_errata_136
                0x000000000000a5be       0x14 modules/hal_nordic/modules/hal_nordic/nrfx/libmodules__hal_nordic__nrfx.a(system_nrf52840.c.obj)
 .text.nrf52_configuration_249
                0x000000000000a5d2       0x20 modules/hal_nordic/modules/hal_nordic/nrfx/libmodules__hal_nordic__nrfx.a(system_nrf52840.c.obj)
 .text.nrf52_handle_approtect
                0x000000000000a5f2       0x1a modules/hal_nordic/modules/hal_nordic/nrfx/libmodules__hal_nordic__nrfx.a(system_nrf52840.c.obj)
 .text.nrfx_isr
                0x000000000000a60c        0x6 modules/hal_nordic/modules/hal_nordic/nrfx/libmodules__hal_nordic__nrfx.a(nrfx_glue.c.obj)
                0x000000000000a60c                nrfx_isr
 .text.nrfx_busy_wait
                0x000000000000a612        0x8 modules/hal_nordic/modules/hal_nordic/nrfx/libmodules__hal_nordic__nrfx.a(nrfx_glue.c.obj)
                0x000000000000a612                nrfx_busy_wait
 .text.nrfx_flag32_is_allocated
                0x000000000000a61a        0xe modules/hal_nordic/modules/hal_nordic/nrfx/libmodules__hal_nordic__nrfx.a(nrfx_flag32_allocator.c.obj)
                0x000000000000a61a                nrfx_flag32_is_allocated
 .text.nrfx_gppi_channel_alloc
                0x000000000000a628        0x8 modules/hal_nordic/modules/hal_nordic/nrfx/libmodules__hal_nordic__nrfx.a(nrfx_gppi_ppi.c.obj)
                0x000000000000a628                nrfx_gppi_channel_alloc
 .text.nrf_clock_is_running
                0x000000000000a630       0x38 modules/hal_nordic/modules/hal_nordic/nrfx/libmodules__hal_nordic__nrfx.a(nrfx_clock.c.obj)
 .text.clock_initial_lfclksrc_get
                0x000000000000a668        0x4 modules/hal_nordic/modules/hal_nordic/nrfx/libmodules__hal_nordic__nrfx.a(nrfx_clock.c.obj)
 .text.nrfx_power_clock_irq_init
                0x000000000000a66c       0x12 modules/hal_nordic/modules/hal_nordic/nrfx/libmodules__hal_nordic__nrfx.a(nrfx_clock.c.obj)
 .text.clock_lfclksrc_tweak
                0x000000000000a67e       0x2c modules/hal_nordic/modules/hal_nordic/nrfx/libmodules__hal_nordic__nrfx.a(nrfx_clock.c.obj)
 .text.nrfx_clock_stop
                0x000000000000a6aa        0x8 modules/hal_nordic/modules/hal_nordic/nrfx/libmodules__hal_nordic__nrfx.a(nrfx_clock.c.obj)
                0x000000000000a6aa                nrfx_clock_stop
 .text.nrf_gpiote_event_configure
                0x000000000000a6b2       0x32 modules/hal_nordic/modules/hal_nordic/nrfx/libmodules__hal_nordic__nrfx.a(nrfx_gpiote.c.obj)
 .text.nrf_gpiote_task_configure
                0x000000000000a6e4       0x3e modules/hal_nordic/modules/hal_nordic/nrfx/libmodules__hal_nordic__nrfx.a(nrfx_gpiote.c.obj)
 .text.__nrfy_internal_gpiote_event_handle
                0x000000000000a722       0x3a modules/hal_nordic/modules/hal_nordic/nrfx/libmodules__hal_nordic__nrfx.a(nrfx_gpiote.c.obj)
 .text.__nrfy_internal_gpiote_events_process
                0x000000000000a75c       0x3c modules/hal_nordic/modules/hal_nordic/nrfx/libmodules__hal_nordic__nrfx.a(nrfx_gpiote.c.obj)
 .text.nrf_gpio_cfg_default
                0x000000000000a798       0x18 modules/hal_nordic/modules/hal_nordic/nrfx/libmodules__hal_nordic__nrfx.a(nrfx_gpiote.c.obj)
 .text.nrf_gpio_cfg_sense_set
                0x000000000000a7b0       0x20 modules/hal_nordic/modules/hal_nordic/nrfx/libmodules__hal_nordic__nrfx.a(nrfx_gpiote.c.obj)
 .text.pin_in_use
                0x000000000000a7d0       0x1e modules/hal_nordic/modules/hal_nordic/nrfx/libmodules__hal_nordic__nrfx.a(nrfx_gpiote.c.obj)
 .text.pin_in_use_by_te
                0x000000000000a7ee       0x1e modules/hal_nordic/modules/hal_nordic/nrfx/libmodules__hal_nordic__nrfx.a(nrfx_gpiote.c.obj)
 .text.pin_has_trigger